Component: Arm Compiler for Embedded 6.23 Tool: armlink [5f102400]

==============================================================================

Section Cross References

    system_da14531.o(.text) refers to system_da14531.o(.data.SystemCoreClock) for SystemCoreClock
    system_da14531.o(.ARM.exidx) refers to system_da14531.o(.text) for [Anonymous Symbol]
    system_da14531.o(system_DA14xxx) refers to otp_cs.o(otp_cs_booter) for booter_val
    system_da14531.o(.ARM.exidxsystem_DA14xxx) refers to system_da14531.o(system_DA14xxx) for [Anonymous Symbol]
    startup_da14531.o(RESET) refers to startup_da14531.o(STACK) for __initial_sp
    startup_da14531.o(RESET) refers to startup_da14531.o(.text) for Reset_Handler
    startup_da14531.o(RESET) refers to systick.o(.text) for SysTick_Handler
    startup_da14531.o(RESET) refers to rwble.o(.text) for BLE_WAKEUP_LP_Handler
    startup_da14531.o(RESET) refers to uart.o(.text) for UART2_Handler
    startup_da14531.o(RESET) refers to i2c.o(.text) for I2C_Handler
    startup_da14531.o(RESET) refers to adc_531.o(.text) for ADC_Handler
    startup_da14531.o(RESET) refers to gpio.o(.text) for GPIO0_Handler
    startup_da14531.o(RESET) refers to wkupct_quadec.o(.text) for WKUP_QUADEC_Handler
    startup_da14531.o(.text) refers to system_da14531.o(system_DA14xxx) for SystemInit
    startup_da14531.o(.text) refers to entry.o(.ARM.Collect$$$$00000000) for __main
    startup_da14531.o(.text) refers to nmi_handler.o(.text.NMI_HandlerC) for NMI_HandlerC
    startup_da14531.o(.text) refers to hardfault_handler.o(.text.HardFault_HandlerC) for HardFault_HandlerC
    hardfault_handler.o(.text.HardFault_HandlerC) refers to syscntl.o(.text) for syscntl_dcdc_set_level
    hardfault_handler.o(.ARM.exidx.text.HardFault_HandlerC) refers to hardfault_handler.o(.text.HardFault_HandlerC) for [Anonymous Symbol]
    nmi_handler.o(.text.NMI_HandlerC) refers to syscntl.o(.text) for syscntl_dcdc_set_level
    nmi_handler.o(.ARM.exidx.text.NMI_HandlerC) refers to nmi_handler.o(.text.NMI_HandlerC) for [Anonymous Symbol]
    nvds.o(.rodata.rom_nvds_cfg) refers to nvds.o(.rodata.nvds_data_storage) for [Anonymous Symbol]
    nvds.o(.rodata.rom_nvds_cfg) refers to arch_system.o(.bss.retention_mem_area0) for dev_bdaddr
    arch_main.o(.text) refers to arch_system.o(.text) for system_init
    arch_main.o(.text) refers to rwip.o(.text) for rwip_sleep
    arch_main.o(.text) refers to hw_otpc_531.o(.text) for hw_otpc_init
    arch_main.o(.text) refers (Weak) to hw_otpc_531.o(.text) for hw_otpc_clear_dcdc_reserved
    arch_main.o(.text) refers to syscntl.o(.text) for syscntl_dcdc_set_level
    arch_main.o(.text) refers to arch_asm.o(.text) for arch_asm_delay_us
    arch_main.o(.text) refers to user_periph_setup.o(.text) for periph_init
    arch_main.o(.text) refers to rwble.o(.bss.retention_mem_area0) for arch_rwble_last_event
    arch_main.o(.ARM.exidx) refers to arch_main.o(.text) for [Anonymous Symbol]
    jump_table.o(.ARM.exidx) refers to jump_table.o(.text) for [Anonymous Symbol]
    jump_table.o(.rodata.rom_func_addr_table_var) refers to ble_arp.o(.text) for rf_init_func
    jump_table.o(.rodata.rom_func_addr_table_var) refers to jump_table.o(.text) for platform_reset_func
    jump_table.o(.rodata.rom_func_addr_table_var) refers to rwble.o(.text) for lld_sleep_compensate_func
    jump_table.o(.rodata.rom_func_addr_table_var) refers to arch_system.o(.text) for lld_sleep_init_func
    jump_table.o(.rodata.rom_func_addr_table_var) refers to patch_1.o(.text) for JT_lld_test_mode_rx_func
    jump_table.o(.rodata.rom_func_addr_table_var) refers to prf.o(.text) for prf_init_func
    jump_table.o(.rodata.rom_cfg_table_var) refers to jump_table.o(.bss.heap_mem_area_not_ret) for rwip_heap_non_ret
    jump_table.o(.rodata.rom_cfg_table_var) refers to jump_table.o(.bss.heap_env_area) for rwip_heap_env_ret
    jump_table.o(.rodata.rom_cfg_table_var) refers to jump_table.o(.bss.heap_db_area) for rwip_heap_db_ret
    jump_table.o(.rodata.rom_cfg_table_var) refers to jump_table.o(.bss.heap_msg_area) for rwip_heap_msg_ret
    jump_table.o(.rodata.rom_cfg_table_var) refers to nvds.o(.rodata.rom_nvds_cfg) for rom_nvds_cfg
    jump_table.o(.rodata.rom_cfg_table_var) refers to chacha20.o(.rodata.rom_chacha20_cfg) for rom_chacha20_cfg
    jump_table.o(.rodata.rom_cfg_table_var) refers to custs1.o(.rodata.rom_cust_prf_cfg) for rom_cust_prf_cfg
    jump_table.o(.rodata.rom_cfg_table_var) refers to prf.o(.rodata.rom_prf_cfg) for rom_prf_cfg
    jump_table.o(.rodata.rom_cfg_table_var) refers to app_entry_point.o(.rodata.rom_app_task_cfg) for rom_app_task_cfg
    arch_sleep.o(.text) refers to arch_sleep.o(.bss.retention_mem_area0) for [Anonymous Symbol]
    arch_sleep.o(.text) refers to rwble.o(.bss.retention_mem_area0) for arch_rwble_last_event
    arch_sleep.o(.ARM.exidx) refers to arch_sleep.o(.text) for [Anonymous Symbol]
    arch_system.o(.text) refers to arch_system.o(.bss.retention_mem_area0) for lp_clk_sel
    arch_system.o(.text) refers to otp_cs.o(.bss.retention_mem_area0) for otp_cs
    arch_system.o(.text) refers to arch_system.o(.bss..L_MergedGlobals.1) for [Anonymous Symbol]
    arch_system.o(.text) refers to adc_531.o(.text) for adc_init
    arch_system.o(.text) refers to ble_arp.o(.text) for rf_recalibration
    arch_system.o(.text) refers to ble_arp.o(.bss.retention_mem_area0) for rf_ldo_calibration_pending
    arch_system.o(.text) refers to arch_system.o(.data.startup_sleep_delay) for startup_sleep_delay
    arch_system.o(.text) refers to arch_asm.o(.text) for arch_asm_delay_us
    arch_system.o(.text) refers to gpio.o(.text) for GPIO_init
    arch_system.o(.text) refers to hw_otpc_531.o(.text) for hw_otpc_init
    arch_system.o(.text) refers to otp_hdr.o(.text) for otp_hdr_get_bd_address
    arch_system.o(.text) refers to otp_cs.o(.text) for otp_cs_store
    arch_system.o(.text) refers to arch_rom.o(.text) for arch_rom_init
    arch_system.o(.text) refers to user_periph_setup.o(.text) for periph_init
    arch_system.o(.text) refers to trng.o(.text) for init_rand_seed_from_trng
    arch_system.o(.text) refers to arch_sleep.o(.text) for arch_disable_sleep
    arch_system.o(.text) refers to app.o(.text) for app_init
    arch_system.o(.text) refers to app_default_handlers.o(.text) for default_app_on_init
    arch_system.o(.text) refers to rf_diag.o(.text) for enable_rf_diag_irq
    arch_system.o(.text) refers to arch_system.o(.bss.otp_hdr_timestamp) for otp_hdr_timestamp
    arch_system.o(.ARM.exidx) refers to arch_system.o(.text) for [Anonymous Symbol]
    arch_hibernation.o(.text) refers to otp_cs.o(otp_cs_booter) for booter_val
    arch_hibernation.o(.text) refers to rwip.o(.text) for patched_ble_regs_push
    arch_hibernation.o(.text) refers to arch_hibernation.o(.bss.retention_mem_area0) for [Anonymous Symbol]
    arch_hibernation.o(.text) refers to arch_system.o(.text) for xtal32m_configuration
    arch_hibernation.o(.text) refers to user_periph_setup.o(.text) for periph_init
    arch_hibernation.o(.text) refers to rf_diag.o(.text) for enable_rf_diag_irq
    arch_hibernation.o(.text) refers to arch_system.o(.bss.retention_mem_area0) for rf_cal_last_temp
    arch_hibernation.o(.ARM.exidx) refers to arch_hibernation.o(.text) for [Anonymous Symbol]
    arch_rom.o(.text) refers to patch_1.o(.text) for patch_global_vars_init
    arch_rom.o(.text) refers to trng.o(.bss.trng_state) for trng_state_val
    arch_rom.o(.text) refers to system_library_531.o(.rodata.my_custom_msg_handlers) for my_custom_msg_handlers
    arch_rom.o(.text) refers to jump_table.o(.rodata.rom_func_addr_table_var) for rom_func_addr_table_var
    arch_rom.o(.text) refers to jump_table.o(.rodata.rom_cfg_table_var) for rom_cfg_table_var
    arch_rom.o(.ARM.exidx) refers to arch_rom.o(.text) for [Anonymous Symbol]
    chacha20.o(.rodata.rom_chacha20_cfg) refers to chacha20.o(.bss.chacha20_state) for [Anonymous Symbol]
    hash.o(.ARM.exidx) refers to hash.o(.text) for [Anonymous Symbol]
    system_library_531.o(.text) refers to patch_1.o(.text) for patch_data1
    system_library_531.o(.text) refers to system_library_531.o(.bss.retention_mem_area0) for heap_log
    system_library_531.o(.ARM.exidx) refers to system_library_531.o(.text) for [Anonymous Symbol]
    system_library_531.o(.rodata.my_custom_msg_handlers) refers to patch_1.o(.text) for PATCHED_llc_data_ind_handler
    otp_cs.o(.text) refers to otp_cs.o(.bss.retention_mem_area0) for otp_cs
    otp_cs.o(.text) refers to otp_cs.o(otp_cs_booter) for booter_val
    otp_cs.o(.text) refers (Weak) to rf_531.o(.text) for rf_pa_pwr_get
    otp_cs.o(.text) refers to otp_cs.o(.bss.txdiv_trim) for [Anonymous Symbol]
    otp_cs.o(.text) refers (Weak) to rf_531.o(.text) for rf_pa_pwr_get
    otp_cs.o(.ARM.exidx) refers to otp_cs.o(.text) for [Anonymous Symbol]
    otp_hdr.o(.ARM.exidx) refers to otp_hdr.o(.text) for [Anonymous Symbol]
    syscntl.o(.text) refers (Weak) to hw_otpc_531.o(.text) for hw_otpc_is_dcdc_reserved
    syscntl.o(.text) refers (Weak) to hw_otpc_531.o(.text) for hw_otpc_is_dcdc_reserved
    syscntl.o(.text) refers to syscntl.o(.bss.syscntl_dcdc_state) for syscntl_dcdc_state
    syscntl.o(.ARM.exidx) refers to syscntl.o(.text) for [Anonymous Symbol]
    gpio.o(.text) refers to user_periph_setup.o(.text) for GPIO_reservations
    gpio.o(.text) refers to gpio.o(.bss.retention_mem_area0) for [Anonymous Symbol]
    gpio.o(.ARM.exidx) refers to gpio.o(.text) for [Anonymous Symbol]
    wkupct_quadec.o(.text) refers to syscntl.o(.text) for syscntl_use_highest_amba_clocks
    wkupct_quadec.o(.text) refers to wkupct_quadec.o(.bss.retention_mem_area0) for [Anonymous Symbol]
    wkupct_quadec.o(.ARM.exidx) refers to wkupct_quadec.o(.text) for [Anonymous Symbol]
    battery.o(.text) refers to battery.o(.rodata.batt_cal_volt) for [Anonymous Symbol]
    battery.o(.text) refers to adc_531.o(.text) for adc_offset_calibrate
    battery.o(.ARM.exidx) refers to battery.o(.text) for [Anonymous Symbol]
    battery.o(.rodata.batt_cal_volt) refers to battery.o(.text) for batt_cal_volt_cr2032
    adc_531.o(.text) refers to arch_asm.o(.text) for arch_asm_delay_us
    adc_531.o(.text) refers to otp_cs.o(.bss.retention_mem_area0) for otp_cs
    adc_531.o(.text) refers to adc_531.o(.bss.cal_val) for [Anonymous Symbol]
    adc_531.o(.text) refers to adc_531.o(.bss.retention_mem_area0) for [Anonymous Symbol]
    adc_531.o(.ARM.exidx) refers to adc_531.o(.text) for [Anonymous Symbol]
    trng.o(.text) refers to trng.o(.bss.trng_state) for trng_state_val
    trng.o(.text) refers to arch_system.o(.bss.otp_hdr_timestamp) for otp_hdr_timestamp
    trng.o(.text) refers to trng.o(.bss..L_MergedGlobals) for [Anonymous Symbol]
    trng.o(.ARM.exidx) refers to trng.o(.text) for [Anonymous Symbol]
    spi_531.o(.text) refers to spi_531.o(.bss.retention_mem_area0) for [Anonymous Symbol]
    spi_531.o(.ARM.exidx) refers to spi_531.o(.text) for [Anonymous Symbol]
    spi_flash.o(.text) refers to spi_531.o(.text) for spi_set_bitmode
    spi_flash.o(.text) refers to spi_flash.o(.bss.spi_flash_cfg_env) for [Anonymous Symbol]
    spi_flash.o(.text) refers to spi_flash.o(.rodata..L__const.spi_flash_auto_detect.known_spi_devs_list) for [Anonymous Symbol]
    spi_flash.o(.ARM.exidx) refers to spi_flash.o(.text) for [Anonymous Symbol]
    i2c_eeprom.o(.text) refers to i2c_eeprom.o(.bss.retention_mem_area0) for [Anonymous Symbol]
    i2c_eeprom.o(.text) refers to i2c.o(.text) for i2c_init
    i2c_eeprom.o(.ARM.exidx) refers to i2c_eeprom.o(.text) for [Anonymous Symbol]
    systick.o(.text) refers to systick.o(.bss.retention_mem_area0) for [Anonymous Symbol]
    systick.o(.ARM.exidx) refers to systick.o(.text) for [Anonymous Symbol]
    uart.o(.text) refers to uart.o(.bss.retention_mem_area0) for [Anonymous Symbol]
    uart.o(.text) refers to arch_asm.o(.text) for arch_asm_delay_us
    uart.o(.ARM.exidx) refers to uart.o(.text) for [Anonymous Symbol]
    hw_otpc_531.o(.text) refers to hw_otpc_531.o(.bss.retention_mem_area0) for dcdc_reserved
    hw_otpc_531.o(.text) refers to syscntl.o(.text) for syscntl_dcdc_get_level
    hw_otpc_531.o(.text) refers to syscntl.o(.bss.syscntl_dcdc_state) for syscntl_dcdc_state
    hw_otpc_531.o(.ARM.exidx) refers to hw_otpc_531.o(.text) for [Anonymous Symbol]
    i2c.o(.text) refers to i2c.o(.bss.retention_mem_area0) for [Anonymous Symbol]
    i2c.o(.ARM.exidx) refers to i2c.o(.text) for [Anonymous Symbol]
    rwble.o(.text) refers to arch_system.o(.text) for lld_sleep_lpcycles_2_us_sel_func
    rwble.o(.text) refers to rwble.o(.bss.retention_mem_area0) for ble_finetim_corr
    rwble.o(.text) refers to rwip.o(.bss.retention_mem_area0) for slp_period_retained
    rwble.o(.text) refers to syscntl.o(.text) for syscntl_use_lowest_amba_clocks
    rwble.o(.text) refers to arch_system.o(.bss.retention_mem_area0) for clk_freq_trim_reg_value
    rwble.o(.text) refers to rwip.o(.text) for patched_ble_regs_pop
    rwble.o(.text) refers to patch_1.o(.text) for lld_drop_packet_fix
    rwble.o(.text) refers to rf_531.o(.text) for rf_adplldig_deactivate
    rwble.o(.text) refers to ble_arp.o(.bss.retention_mem_area0) for rf_ldo_init_value
    rwble.o(.ARM.exidx) refers to rwble.o(.text) for [Anonymous Symbol]
    rwip.o(.text) refers to rwip.o(.bss.retention_mem_area0) for retained_BLE_EM_BASE_REG
    rwip.o(.text) refers to arch_sleep.o(.text) for arch_ble_ext_wakeup_get
    rwip.o(.text) refers to arch_system.o(.text) for set_sleep_delay
    rwip.o(.text) refers to syscntl.o(.text) for syscntl_cfg_xtal32m_amp_reg
    rwip.o(.text) refers to arch_system.o(.bss.retention_mem_area0) for xtal_wait_trim
    rwip.o(.text) refers to arch_system.o(.bss..L_MergedGlobals.1) for twirq_reset_value
    rwip.o(.text) refers to rwip.o(.bss.twext_value) for twext_value
    rwip.o(.text) refers to rwble.o(.bss.retention_mem_area0) for ble_finetim_corr
    rwip.o(.ARM.exidx) refers to rwip.o(.text) for [Anonymous Symbol]
    ble_arp.o(.text) refers to rf_531.o(.text) for rf_power_up
    ble_arp.o(.text) refers to otp_cs.o(.text) for otp_cs_load_pd_rad
    ble_arp.o(.text) refers to rf_ldo_calibration.o(.text) for rf_ldo_calibration
    ble_arp.o(.text) refers to ble_arp.o(.bss.retention_mem_area0) for [Anonymous Symbol]
    ble_arp.o(.text) refers (Weak) to rf_531.o(.text) for rf_pa_pwr_get
    ble_arp.o(.text) refers to syscntl.o(.text) for syscntl_cfg_xtal32m_amp_reg
    ble_arp.o(.text) refers to rf_diag.o(.text) for enable_rf_diag_irq
    ble_arp.o(.text) refers to ble_arp.o(.rodata.arp_init_table) for arp_init_table
    ble_arp.o(.ARM.exidx) refers to ble_arp.o(.text) for [Anonymous Symbol]
    rf_531.o(.text) refers to rf_531.o(.bss.retention_mem_area0) for [Anonymous Symbol]
    rf_531.o(.text) refers to common.o(.text) for _WAIT10
    rf_531.o(.text) refers to rf_531.o(.bss.calibration_res) for calibration_res
    rf_531.o(.text) refers to rf_531.o(.bss.fsm_ctrl_reg) for [Anonymous Symbol]
    rf_531.o(.text) refers to rf_531.o(.data.pa_en_dcf_tx_setting) for pa_en_dcf_tx_setting
    rf_531.o(.text) refers to arch_asm.o(.text) for arch_asm_delay_us
    rf_531.o(.ARM.exidx) refers to rf_531.o(.text) for [Anonymous Symbol]
    custs1.o(.rodata.rom_cust_prf_cfg) refers to user_custs1_def.o(.rodata.custs1_services) for custs1_services
    custs1.o(.rodata.rom_cust_prf_cfg) refers to user_custs1_def.o(.rodata.custs1_services_size) for custs1_services_size
    custs1.o(.rodata.rom_cust_prf_cfg) refers to user_custs1_def.o(.rodata.custs1_att_db) for custs1_att_db
    custs1.o(.rodata.rom_cust_prf_cfg) refers to app_customs.o(.text) for custs_get_func_callbacks
    custs1_task.o(.text) refers to app_customs.o(.text) for custs_get_func_callbacks
    custs1_task.o(.ARM.exidx) refers to custs1_task.o(.text) for [Anonymous Symbol]
    custs1_task.o(.rodata.custs1_default_state) refers to custs1_task.o(.text) for gattc_write_req_ind_handler
    custs1_task.o(.rodata.custs1_default_handler) refers to custs1_task.o(.rodata.custs1_default_state) for custs1_default_state
    prf.o(.text) refers to prf.o(.bss.retention_mem_area0) for prf_env
    prf.o(.text) refers to custs1_task.o(.rodata.custs1_default_handler) for custs1_default_handler
    prf.o(.ARM.exidx) refers to prf.o(.text) for [Anonymous Symbol]
    prf.o(.rodata.rom_prf_cfg) refers to prf.o(.rodata.prf_if) for prf_if
    prf.o(.rodata.rom_prf_cfg) refers to prf.o(.bss.retention_mem_area0) for prf_env
    app_default_handlers.o(.text) refers to app.o(.text) for app_easy_gap_undirected_advertise_start
    app_default_handlers.o(.text) refers to app_diss.o(.text) for app_dis_init
    app_default_handlers.o(.text) refers to arch_sleep.o(.text) for arch_set_sleep_mode
    app_default_handlers.o(.text) refers to app.o(.bss.retention_mem_area0) for app_env
    app_default_handlers.o(.text) refers to hw_otpc_531.o(.text) for hw_otpc_init
    app_default_handlers.o(.text) refers to app_easy_security.o(.text) for app_easy_security_send_pairing_rsp
    app_default_handlers.o(.text) refers to app_security.o(.text) for app_sec_gen_ltk
    app_default_handlers.o(.text) refers to app_utils.o(.text) for app_get_address_type
    app_default_handlers.o(.text) refers to app_security.o(.bss.retention_mem_area0) for app_sec_env
    app_default_handlers.o(.ARM.exidx) refers to app_default_handlers.o(.text) for [Anonymous Symbol]
    app.o(.text) refers to app.o(.bss.retention_mem_area0) for [Anonymous Symbol]
    app.o(.text) refers to app.o(.rodata.prf_funcs) for prf_funcs
    app.o(.text) refers to user_custs_config.o(.rodata.cust_prf_funcs) for cust_prf_funcs
    app.o(.text) refers to app.o(.rodata.str1.4) for [Anonymous Symbol]
    app.o(.text) refers to app.o(.rodata.TASK_DESC_APP) for [Anonymous Symbol]
    app.o(.text) refers to app_easy_timer.o(.text) for app_easy_timer_cancel
    app.o(.ARM.exidx) refers to app.o(.text) for [Anonymous Symbol]
    app.o(.rodata.prf_funcs) refers to app_diss.o(.text) for app_diss_create_db
    app.o(.rodata.TASK_DESC_APP) refers to app_task.o(.bss.retention_mem_area0) for app_state
    app_task.o(.text) refers to app_task.o(.rodata.app_gap_process_handlers) for [Anonymous Symbol]
    app_task.o(.text) refers to app_default_handlers.o(.text) for default_app_on_set_dev_config_complete
    app_task.o(.text) refers to app.o(.text) for app_easy_gap_dev_configure
    app_task.o(.text) refers to app_entry_point.o(.rodata.catch_rest) for catch_rest
    app_task.o(.text) refers to user_empty_peripheral_template.o(.text) for user_on_connection
    app_task.o(.text) refers to app.o(.bss.retention_mem_area0) for app_env
    app_task.o(.text) refers to app_security.o(.bss.retention_mem_area0) for app_sec_env
    app_task.o(.ARM.exidx) refers to app_task.o(.text) for [Anonymous Symbol]
    app_task.o(.rodata.app_gap_process_handlers) refers to app_task.o(.text) for gapm_device_ready_ind_handler
    app_security.o(.text) refers to app_utils.o(.text) for app_fill_random_byte_array
    app_security.o(.text) refers to app_security.o(.bss.retention_mem_area0) for app_sec_env
    app_security.o(.ARM.exidx) refers to app_security.o(.text) for [Anonymous Symbol]
    app_security_task.o(.text) refers to app_security_task.o(.rodata.app_sec_process_handlers) for [Anonymous Symbol]
    app_security_task.o(.text) refers to app_default_handlers.o(.text) for default_app_on_pairing_request
    app_security_task.o(.text) refers to app_security.o(.bss.retention_mem_area0) for app_sec_env
    app_security_task.o(.text) refers to app.o(.bss.retention_mem_area0) for app_env
    app_security_task.o(.text) refers to app_entry_point.o(.rodata.catch_rest) for catch_rest
    app_security_task.o(.ARM.exidx) refers to app_security_task.o(.text) for [Anonymous Symbol]
    app_security_task.o(.rodata.app_sec_process_handlers) refers to app_security_task.o(.text) for gapc_bond_req_ind_handler
    app_diss.o(.ARM.exidx) refers to app_diss.o(.text) for [Anonymous Symbol]
    app_diss_task.o(.text) refers to app_diss_task.o(.rodata.app_diss_process_handlers) for [Anonymous Symbol]
    app_diss_task.o(.text) refers to app_diss_task.o(.rodata.str1.1) for [Anonymous Symbol]
    app_diss_task.o(.ARM.exidx) refers to app_diss_task.o(.text) for [Anonymous Symbol]
    app_diss_task.o(.rodata.app_diss_process_handlers) refers to app_diss_task.o(.text) for diss_value_req_ind_handler
    app_entry_point.o(.rodata.app_process_handlers) refers to app_task.o(.text) for app_gap_process_handler
    app_entry_point.o(.rodata.app_process_handlers) refers to app_easy_timer.o(.text) for app_timer_api_process_handler
    app_entry_point.o(.rodata.app_process_handlers) refers to app_easy_msg_utils.o(.text) for app_msg_utils_api_process_handler
    app_entry_point.o(.rodata.app_process_handlers) refers to app_security_task.o(.text) for app_sec_process_handler
    app_entry_point.o(.rodata.app_process_handlers) refers to app_diss_task.o(.text) for app_diss_process_handler
    app_entry_point.o(.rodata.app_process_handlers) refers to app_customs_task.o(.text) for app_custs1_process_handler
    app_entry_point.o(.rodata.catch_rest) refers to user_empty_peripheral_template.o(.text) for user_catch_rest_hndl
    app_entry_point.o(.rodata.user_app_callbacks) refers to user_empty_peripheral_template.o(.text) for user_on_connection
    app_entry_point.o(.rodata.user_app_callbacks) refers to app_default_handlers.o(.text) for default_app_on_set_dev_config_complete
    app_entry_point.o(.rodata.rom_app_task_cfg) refers to app.o(.text) for app_easy_gap_dev_configure
    app_entry_point.o(.rodata.rom_app_task_cfg) refers to app_entry_point.o(.rodata.user_app_callbacks) for [Anonymous Symbol]
    app_entry_point.o(.rodata.rom_app_task_cfg) refers to user_empty_peripheral_template.o(.text) for user_catch_rest_hndl
    app_entry_point.o(.rodata.rom_app_task_cfg) refers to app_entry_point.o(.rodata.app_process_handlers) for app_process_handlers
    app_entry_point.o(.rodata.rom_app_task_cfg) refers to app.o(.bss.retention_mem_area0) for app_env
    app_entry_point.o(.rodata.rom_app_task_cfg) refers to app_security.o(.bss.retention_mem_area0) for app_sec_env
    app_msg_utils.o(.text) refers to arch_sleep.o(.text) for arch_ble_force_wakeup
    app_msg_utils.o(.ARM.exidx) refers to app_msg_utils.o(.text) for [Anonymous Symbol]
    app_easy_msg_utils.o(.text) refers to app_easy_msg_utils.o(.bss.retention_mem_area0) for [Anonymous Symbol]
    app_easy_msg_utils.o(.ARM.exidx) refers to app_easy_msg_utils.o(.text) for [Anonymous Symbol]
    app_easy_security.o(.text) refers to app_easy_security.o(.bss.retention_mem_area0) for [Anonymous Symbol]
    app_easy_security.o(.text) refers to app_easy_security.o(.rodata.user_security_conf) for [Anonymous Symbol]
    app_easy_security.o(.text) refers to app_security.o(.text) for app_sec_gen_csrk
    app_easy_security.o(.text) refers to app_security.o(.bss.retention_mem_area0) for app_sec_env
    app_easy_security.o(.ARM.exidx) refers to app_easy_security.o(.text) for [Anonymous Symbol]
    app_easy_timer.o(.text) refers to app_easy_timer.o(.bss.retention_mem_area0) for [Anonymous Symbol]
    app_easy_timer.o(.text) refers to app_msg_utils.o(.text) for app_check_BLE_active
    app_easy_timer.o(.text) refers to arch_sleep.o(.text) for arch_ble_force_wakeup
    app_easy_timer.o(.ARM.exidx) refers to app_easy_timer.o(.text) for [Anonymous Symbol]
    app_customs.o(.text) refers to user_custs_config.o(.rodata.cust_prf_funcs) for cust_prf_funcs
    app_customs.o(.ARM.exidx) refers to app_customs.o(.text) for [Anonymous Symbol]
    app_customs_task.o(.ARM.exidx) refers to app_customs_task.o(.text) for [Anonymous Symbol]
    app_customs_common.o(.ARM.exidx) refers to app_customs_common.o(.text) for [Anonymous Symbol]
    app_bond_db.o(.text) refers to app_bond_db.o(.bss.retention_mem_area0) for [Anonymous Symbol]
    app_bond_db.o(.ARM.exidx) refers to app_bond_db.o(.text) for [Anonymous Symbol]
    app_utils.o(.ARM.exidx) refers to app_utils.o(.text) for [Anonymous Symbol]
    app_easy_whitelist.o(.ARM.exidx) refers to app_easy_whitelist.o(.text) for [Anonymous Symbol]
    user_custs_config.o(.rodata.cust_prf_funcs) refers to user_custs1_def.o(.rodata.custs1_att_db) for custs1_att_db
    user_custs_config.o(.rodata.cust_prf_funcs) refers to app_customs.o(.text) for app_custs1_create_db
    user_custs1_def.o(.rodata.custs1_att_db) refers to user_custs1_def.o(.rodata.att_decl_svc) for [Anonymous Symbol]
    user_custs1_def.o(.rodata.custs1_att_db) refers to user_custs1_def.o(.rodata.custs1_svc1) for [Anonymous Symbol]
    user_custs1_def.o(.rodata.custs1_att_db) refers to user_custs1_def.o(.rodata.att_decl_char) for [Anonymous Symbol]
    user_custs1_def.o(.rodata.custs1_att_db) refers to user_custs1_def.o(.rodata.SVC1_CTRL_POINT_UUID_128) for [Anonymous Symbol]
    user_custs1_def.o(.rodata.custs1_att_db) refers to user_custs1_def.o(.rodata.att_desc_user_desc) for [Anonymous Symbol]
    user_custs1_def.o(.rodata.custs1_att_db) refers to user_custs1_def.o(.rodata.str1.1) for [Anonymous Symbol]
    user_custs1_def.o(.rodata.custs1_att_db) refers to user_custs1_def.o(.rodata.SVC1_LED_STATE_UUID_128) for [Anonymous Symbol]
    user_custs1_def.o(.rodata.custs1_att_db) refers to user_custs1_def.o(.rodata.SVC1_ADC_VAL_1_UUID_128) for [Anonymous Symbol]
    user_custs1_def.o(.rodata.custs1_att_db) refers to user_custs1_def.o(.rodata.att_desc_cfg) for [Anonymous Symbol]
    user_custs1_def.o(.rodata.custs1_att_db) refers to user_custs1_def.o(.rodata.SVC1_ADC_VAL_2_UUID_128) for [Anonymous Symbol]
    user_custs1_def.o(.rodata.custs1_att_db) refers to user_custs1_def.o(.rodata.SVC1_BUTTON_STATE_UUID_128) for [Anonymous Symbol]
    user_custs1_def.o(.rodata.custs1_att_db) refers to user_custs1_def.o(.rodata.SVC1_INDICATEABLE_UUID_128) for [Anonymous Symbol]
    user_custs1_def.o(.rodata.custs1_att_db) refers to user_custs1_def.o(.rodata.SVC1_LONG_VALUE_UUID_128) for [Anonymous Symbol]
    user_custs1_def.o(.rodata.custs1_att_db) refers to user_custs1_def.o(.rodata.custs1_svc2) for [Anonymous Symbol]
    user_custs1_def.o(.rodata.custs1_att_db) refers to user_custs1_def.o(.rodata.SVC2_WRITE_VAL_1_UUID_128) for [Anonymous Symbol]
    user_custs1_def.o(.rodata.custs1_att_db) refers to user_custs1_def.o(.rodata.SVC2_WRITE_VAL_2_UUID_128) for [Anonymous Symbol]
    user_custs1_def.o(.rodata.custs1_att_db) refers to user_custs1_def.o(.rodata.custs1_svc3) for [Anonymous Symbol]
    user_custs1_def.o(.rodata.custs1_att_db) refers to user_custs1_def.o(.rodata.SVC3_READ_VAL_1_UUID_128) for [Anonymous Symbol]
    user_custs1_def.o(.rodata.custs1_att_db) refers to user_custs1_def.o(.rodata.SVC3_READ_VAL_2_UUID_128) for [Anonymous Symbol]
    user_custs1_def.o(.rodata.custs1_att_db) refers to user_custs1_def.o(.rodata.SVC3_READ_VAL_3_UUID_128) for [Anonymous Symbol]
    user_periph_setup.o(.text) refers to gpio.o(.bss.retention_mem_area0) for GPIO
    user_periph_setup.o(.text) refers to gpio.o(.text) for GPIO_ConfigurePin
    user_periph_setup.o(.text) refers to syscntl.o(.text) for syscntl_dcdc_turn_on_in_boost
    user_periph_setup.o(.text) refers to system_library_531.o(.text) for patch_func
    user_periph_setup.o(.ARM.exidx) refers to user_periph_setup.o(.text) for [Anonymous Symbol]
    user_empty_peripheral_template.o(.text) refers to app_default_handlers.o(.text) for default_app_on_connection
    user_empty_peripheral_template.o(.text) refers to gpio.o(.text) for GPIO_GetPinStatus
    user_empty_peripheral_template.o(.ARM.exidx) refers to user_empty_peripheral_template.o(.text) for [Anonymous Symbol]
    patch_1.o(.text) refers to system_library_531.o(.bss.retention_mem_area0) for lld_force_timeout_refresh
    rf_ldo_calibration.o(.text) refers to arch_asm.o(.text) for arch_asm_delay_us
    rf_ldo_calibration.o(.text) refers to rf_531.o(.text) for rf_calibration
    rf_ldo_calibration.o(.text) refers to rf_ldo_calibration.o(.bss) for .bss
    rf_ldo_calibration.o(.text) refers to ble_arp.o(.bss.retention_mem_area0) for rf_ldo_calibration_pending
    rf_ldo_calibration.o(.text) refers to rwble.o(.bss.retention_mem_area0) for rf_ldo_calibrated_value
    common.o(.text) refers to arch_asm.o(.text) for arch_asm_delay_us
    entry.o(.ARM.Collect$$$$00000000) refers (Special) to entry10a.o(.ARM.Collect$$$$0000000D) for __rt_final_cpp
    entry.o(.ARM.Collect$$$$00000000) refers (Special) to entry11a.o(.ARM.Collect$$$$0000000F) for __rt_final_exit
    entry.o(.ARM.Collect$$$$00000000) refers (Special) to entry7b.o(.ARM.Collect$$$$00000008) for _main_clock
    entry.o(.ARM.Collect$$$$00000000) refers (Special) to entry8b.o(.ARM.Collect$$$$0000000A) for _main_cpp_init
    entry.o(.ARM.Collect$$$$00000000) refers (Special) to entry9a.o(.ARM.Collect$$$$0000000B) for _main_init
    entry.o(.ARM.Collect$$$$00000000) refers (Special) to entry5.o(.ARM.Collect$$$$00000004) for _main_scatterload
    entry.o(.ARM.Collect$$$$00000000) refers (Special) to entry2.o(.ARM.Collect$$$$00000001) for _main_stk
    entry2.o(.ARM.Collect$$$$00000001) refers to entry2.o(.ARM.Collect$$$$00002712) for __lit__00000000
    entry2.o(.ARM.Collect$$$$00002712) refers to startup_da14531.o(STACK) for __initial_sp
    entry2.o(__vectab_stack_and_reset_area) refers to startup_da14531.o(STACK) for __initial_sp
    entry2.o(__vectab_stack_and_reset_area) refers to entry.o(.ARM.Collect$$$$00000000) for __main
    entry5.o(.ARM.Collect$$$$00000004) refers to init.o(.text) for __scatterload
    entry9a.o(.ARM.Collect$$$$0000000B) refers to arch_main.o(.text) for main
    entry9a.o(.ARM.Collect$$$$0000000B) refers to user_empty_peripheral_template.o(.text) for main
    entry9b.o(.ARM.Collect$$$$0000000C) refers to arch_main.o(.text) for main
    entry9b.o(.ARM.Collect$$$$0000000C) refers to user_empty_peripheral_template.o(.text) for main
    init.o(.text) refers to entry5.o(.ARM.Collect$$$$00000004) for __main_after_scatterload

