Component: Arm Compiler for Embedded 6.23 Tool: armlink [5f102400]

==============================================================================

Section Cross References

    system_da14531.o(.text) refers to system_da14531.o(.data.SystemCoreClock) for SystemCoreClock
    system_da14531.o(.ARM.exidx) refers to system_da14531.o(.text) for [Anonymous Symbol]
    system_da14531.o(system_DA14xxx) refers to otp_cs.o(otp_cs_booter) for booter_val
    system_da14531.o(.ARM.exidxsystem_DA14xxx) refers to system_da14531.o(system_DA14xxx) for [Anonymous Symbol]
    startup_da14531.o(RESET) refers to startup_da14531.o(STACK) for __initial_sp
    startup_da14531.o(RESET) refers to startup_da14531.o(.text) for Reset_Handler
    startup_da14531.o(RESET) refers to systick.o(.text) for SysTick_Handler
    startup_da14531.o(RESET) refers to rwble.o(.text) for BLE_WAKEUP_LP_Handler
    startup_da14531.o(RESET) refers to uart.o(.text) for UART2_Handler
    startup_da14531.o(RESET) refers to i2c.o(.text) for I2C_Handler
    startup_da14531.o(RESET) refers to adc_531.o(.text) for ADC_Handler
    startup_da14531.o(RESET) refers to gpio.o(.text) for GPIO0_Handler
    startup_da14531.o(RESET) refers to wkupct_quadec.o(.text) for WKUP_QUADEC_Handler
    startup_da14531.o(.text) refers to system_da14531.o(system_DA14xxx) for SystemInit
    startup_da14531.o(.text) refers to entry.o(.ARM.Collect$$$$00000000) for __main
    startup_da14531.o(.text) refers to nmi_handler.o(.text.NMI_HandlerC) for NMI_HandlerC
    startup_da14531.o(.text) refers to hardfault_handler.o(.text.HardFault_HandlerC) for HardFault_HandlerC
    hardfault_handler.o(.text.HardFault_HandlerC) refers to syscntl.o(.text) for syscntl_dcdc_set_level
    hardfault_handler.o(.ARM.exidx.text.HardFault_HandlerC) refers to hardfault_handler.o(.text.HardFault_HandlerC) for [Anonymous Symbol]
    nmi_handler.o(.text.NMI_HandlerC) refers to syscntl.o(.text) for syscntl_dcdc_set_level
    nmi_handler.o(.ARM.exidx.text.NMI_HandlerC) refers to nmi_handler.o(.text.NMI_HandlerC) for [Anonymous Symbol]
    arch_console.o(.text) refers to uart.o(.text) for uart_register_tx_cb
    arch_console.o(.ARM.exidx) refers to arch_console.o(.text) for [Anonymous Symbol]
    arch_console.o(.rodata.rom_console_cfg) refers to arch_console.o(.bss.current_msg_buffer) for [Anonymous Symbol]
    arch_console.o(.rodata.rom_console_cfg) refers to arch_console.o(.bss.retention_mem_area0) for [Anonymous Symbol]
    arch_console.o(.rodata.rom_console_cfg) refers to arch_console.o(.text) for uart_write_adapt
    arch_console.o(.rodata.rom_console_cfg) refers to arch_sleep.o(.text) for arch_restore_sleep_mode
    nvds.o(.rodata.rom_nvds_cfg) refers to nvds.o(.rodata.nvds_data_storage) for [Anonymous Symbol]
    nvds.o(.rodata.rom_nvds_cfg) refers to arch_system.o(.bss.retention_mem_area0) for dev_bdaddr
    arch_main.o(.text) refers to arch_system.o(.text) for system_init
    arch_main.o(.text) refers to rwip.o(.text) for rwip_sleep
    arch_main.o(.text) refers to hw_otpc_531.o(.text) for hw_otpc_init
    arch_main.o(.text) refers (Weak) to hw_otpc_531.o(.text) for hw_otpc_clear_dcdc_reserved
    arch_main.o(.text) refers to syscntl.o(.text) for syscntl_dcdc_set_level
    arch_main.o(.text) refers to arch_asm.o(.text) for arch_asm_delay_us
    arch_main.o(.text) refers to user_periph_setup.o(.text) for periph_init
    arch_main.o(.text) refers to rwble.o(.bss.retention_mem_area0) for arch_rwble_last_event
    arch_main.o(.ARM.exidx) refers to arch_main.o(.text) for [Anonymous Symbol]
    jump_table.o(.ARM.exidx) refers to jump_table.o(.text) for [Anonymous Symbol]
    jump_table.o(.rodata.rom_func_addr_table_var) refers to ble_arp.o(.text) for rf_init_func
    jump_table.o(.rodata.rom_func_addr_table_var) refers to jump_table.o(.text) for platform_reset_func
    jump_table.o(.rodata.rom_func_addr_table_var) refers to rwble.o(.text) for lld_sleep_compensate_func
    jump_table.o(.rodata.rom_func_addr_table_var) refers to arch_system.o(.text) for lld_sleep_init_func
    jump_table.o(.rodata.rom_func_addr_table_var) refers to patch_1.o(.text) for JT_lld_test_mode_rx_func
    jump_table.o(.rodata.rom_func_addr_table_var) refers to prf.o(.text) for prf_init_func
    jump_table.o(.rodata.rom_cfg_table_var) refers to jump_table.o(.bss.heap_mem_area_not_ret) for rwip_heap_non_ret
    jump_table.o(.rodata.rom_cfg_table_var) refers to jump_table.o(.bss.heap_env_area) for rwip_heap_env_ret
    jump_table.o(.rodata.rom_cfg_table_var) refers to jump_table.o(.bss.heap_db_area) for rwip_heap_db_ret
    jump_table.o(.rodata.rom_cfg_table_var) refers to jump_table.o(.bss.heap_msg_area) for rwip_heap_msg_ret
    jump_table.o(.rodata.rom_cfg_table_var) refers to nvds.o(.rodata.rom_nvds_cfg) for rom_nvds_cfg
    jump_table.o(.rodata.rom_cfg_table_var) refers to chacha20.o(.rodata.rom_chacha20_cfg) for rom_chacha20_cfg
[...]
    prf_reset_func                           0x07f212b1   Thumb Code     0  da14531_symbols.txt ABSOLUTE
    prf_itf_get                              0x07f212fd   Thumb Code     0  da14531_symbols.txt ABSOLUTE
    prf_pack_char_pres_fmt                   0x07f21321   Thumb Code     0  da14531_symbols.txt ABSOLUTE
    prf_pack_date_time                       0x07f2133f   Thumb Code     0  da14531_symbols.txt ABSOLUTE
    prf_unpack_date_time                     0x07f2135f   Thumb Code     0  da14531_symbols.txt ABSOLUTE
    diss_compute_cfg_flag                    0x07f21381   Thumb Code     0  da14531_symbols.txt ABSOLUTE
    diss_handle_to_value                     0x07f21453   Thumb Code     0  da14531_symbols.txt ABSOLUTE
    diss_value_to_handle                     0x07f21483   Thumb Code     0  da14531_symbols.txt ABSOLUTE
    diss_check_val_len                       0x07f214b7   Thumb Code     0  da14531_symbols.txt ABSOLUTE
    diss_prf_itf_get                         0x07f214ed   Thumb Code     0  da14531_symbols.txt ABSOLUTE
    bass_get_att_handle                      0x07f2184b   Thumb Code     0  da14531_symbols.txt ABSOLUTE
    bass_get_att_idx                         0x07f21901   Thumb Code     0  da14531_symbols.txt ABSOLUTE
    bass_exe_operation                       0x07f2196b   Thumb Code     0  da14531_symbols.txt ABSOLUTE
    bass_prf_itf_get                         0x07f21a6d   Thumb Code     0  da14531_symbols.txt ABSOLUTE
    suotar_prf_itf_get                       0x07f22059   Thumb Code     0  da14531_symbols.txt ABSOLUTE
    check_client_char_cfg                    0x07f22355   Thumb Code     0  da14531_symbols.txt ABSOLUTE
    get_value_handle                         0x07f2237f   Thumb Code     0  da14531_symbols.txt ABSOLUTE
    get_cfg_handle                           0x07f223cb   Thumb Code     0  da14531_symbols.txt ABSOLUTE
    custs1_get_att_handle                    0x07f2242d   Thumb Code     0  da14531_symbols.txt ABSOLUTE
    custs1_get_att_idx                       0x07f22449   Thumb Code     0  da14531_symbols.txt ABSOLUTE
    custs1_prf_itf_get                       0x07f22621   Thumb Code     0  da14531_symbols.txt ABSOLUTE
    custs1_init_ccc_values                   0x07f226d3   Thumb Code     0  da14531_symbols.txt ABSOLUTE
    custs1_set_ccc_value                     0x07f2270b   Thumb Code     0  da14531_symbols.txt ABSOLUTE
    gattc_cmp_evt_handler                    0x07f22823   Thumb Code     0  da14531_symbols.txt ABSOLUTE
    custs1_val_set_req_handler               0x07f22837   Thumb Code     0  da14531_symbols.txt ABSOLUTE
    custs1_val_ntf_req_handler               0x07f22857   Thumb Code     0  da14531_symbols.txt ABSOLUTE
    custs1_val_ind_req_handler               0x07f228b3   Thumb Code     0  da14531_symbols.txt ABSOLUTE
    custs1_att_info_rsp_handler              0x07f2290f   Thumb Code     0  da14531_symbols.txt ABSOLUTE
    gattc_read_req_ind_handler               0x07f2294b   Thumb Code     0  da14531_symbols.txt ABSOLUTE
    gattc_att_info_req_ind_handler           0x07f22b57   Thumb Code     0  da14531_symbols.txt ABSOLUTE
    attm_svc_create_db_128                   0x07f22c19   Thumb Code     0  da14531_symbols.txt ABSOLUTE
    gapm_adv_report_ind_handler_ROM          0x07f23085   Thumb Code     0  da14531_symbols.txt ABSOLUTE
    gapc_security_ind_handler_ROM            0x07f2309f   Thumb Code     0  da14531_symbols.txt ABSOLUTE
    gapc_set_dev_info_req_ind_handler_ROM    0x07f23185   Thumb Code     0  da14531_symbols.txt ABSOLUTE
    gapm_profile_added_ind_handler_ROM       0x07f231c7   Thumb Code     0  da14531_symbols.txt ABSOLUTE
    gapc_param_update_req_ind_handler_ROM    0x07f231f9   Thumb Code     0  da14531_symbols.txt ABSOLUTE
    gapc_le_pkt_size_ind_handler_ROM         0x07f23239   Thumb Code     0  da14531_symbols.txt ABSOLUTE
    gattc_svc_changed_cfg_ind_handler_ROM    0x07f23253   Thumb Code     0  da14531_symbols.txt ABSOLUTE
    gapc_peer_features_ind_handler_ROM       0x07f2326f   Thumb Code     0  da14531_symbols.txt ABSOLUTE
    app_entry_point_handler                  0x07f232a9   Thumb Code     0  da14531_symbols.txt ABSOLUTE
    app_std_process_event                    0x07f232f1   Thumb Code     0  da14531_symbols.txt ABSOLUTE
    app_get_address_type_ROM                 0x07f23335   Thumb Code     0  da14531_symbols.txt ABSOLUTE
    app_fill_random_byte_array_ROM           0x07f23361   Thumb Code     0  da14531_symbols.txt ABSOLUTE
    __aeabi_ldivmod                          0x07f233f3   Thumb Code     0  da14531_symbols.txt ABSOLUTE
    __aeabi_llsr                             0x07f2343f   Thumb Code     0  da14531_symbols.txt ABSOLUTE
    _ll_ushift_r                             0x07f2343f   Thumb Code     0  da14531_symbols.txt ABSOLUTE
    __aeabi_uldivmod                         0x07f23461   Thumb Code     0  da14531_symbols.txt ABSOLUTE
    app_db_init_start                        0x07f234c1   Thumb Code     0  da14531_symbols.txt ABSOLUTE
    app_db_init                              0x07f234dd   Thumb Code     0  da14531_symbols.txt ABSOLUTE
    app_easy_gap_confirm                     0x07f234e9   Thumb Code     0  da14531_symbols.txt ABSOLUTE
    append_device_name                       0x07f23515   Thumb Code     0  da14531_symbols.txt ABSOLUTE
    app_easy_gap_update_adv_data             0x07f23539   Thumb Code     0  da14531_symbols.txt ABSOLUTE
    app_easy_gap_disconnect                  0x07f23581   Thumb Code     0  da14531_symbols.txt ABSOLUTE
    app_easy_gap_advertise_stop              0x07f235bd   Thumb Code     0  da14531_symbols.txt ABSOLUTE
    active_conidx_to_conhdl                  0x07f235d9   Thumb Code     0  da14531_symbols.txt ABSOLUTE
    active_conhdl_to_conidx                  0x07f23605   Thumb Code     0  da14531_symbols.txt ABSOLUTE
    app_timer_set                            0x07f23641   Thumb Code     0  da14531_symbols.txt ABSOLUTE
    app_easy_gap_set_data_packet_length      0x07f2365d   Thumb Code     0  da14531_symbols.txt ABSOLUTE
    get_user_prf_srv_perm                    0x07f23699   Thumb Code     0  da14531_symbols.txt ABSOLUTE
    app_set_prf_srv_perm                     0x07f236c1   Thumb Code     0  da14531_symbols.txt ABSOLUTE
    prf_init_srv_perm                        0x07f236f1   Thumb Code     0  da14531_symbols.txt ABSOLUTE
    app_gattc_svc_changed_cmd_send           0x07f23715   Thumb Code     0  da14531_symbols.txt ABSOLUTE
    blank_otp_bdaddr                         0x07f239e4   Data           0  da14531_symbols.txt ABSOLUTE
    app_default_handler                      0x07f23f58   Data           0  da14531_symbols.txt ABSOLUTE
    gap_cfg_user_var_struct                  0x07f23f60   Data           0  da14531_symbols.txt ABSOLUTE
    __Vectors                                0x07fc0000   Data           4  startup_da14531.o(RESET)
    __Vectors_End                            0x07fc00a0   Data           0  startup_da14531.o(RESET)
    booter_val                               0x07fc00a0   Data           8  otp_cs.o(otp_cs_booter)
    Image$$ER_IROM3$$Base                    0x07fc0110   Number         0  anon$$obj.o ABSOLUTE
    __main                                   0x07fc0111   Thumb Code     0  entry.o(.ARM.Collect$$$$00000000)
    _main_stk                                0x07fc0111   Thumb Code     0  entry2.o(.ARM.Collect$$$$00000001)
    _main_scatterload                        0x07fc0115   Thumb Code     0  entry5.o(.ARM.Collect$$$$00000004)
    __main_after_scatterload                 0x07fc0119   Thumb Code     0  entry5.o(.ARM.Collect$$$$00000004)
    _main_clock                              0x07fc0119   Thumb Code     0  entry7b.o(.ARM.Collect$$$$00000008)
    _main_cpp_init                           0x07fc0119   Thumb Code     0  entry8b.o(.ARM.Collect$$$$0000000A)
    _main_init                               0x07fc0119   Thumb Code     0  entry9a.o(.ARM.Collect$$$$0000000B)
    __rt_final_cpp                           0x07fc0121   Thumb Code     0  entry10a.o(.ARM.Collect$$$$0000000D)
    __rt_final_exit                          0x07fc0121   Thumb Code     0  entry11a.o(.ARM.Collect$$$$0000000F)
    Reset_Handler                            0x07fc0125   Thumb Code     8  startup_da14531.o(.text)
    SVC_Handler                              0x07fc015d   Thumb Code     2  startup_da14531.o(.text)
    PendSV_Handler                           0x07fc015f   Thumb Code     2  startup_da14531.o(.text)
    DMA_Handler                              0x07fc0163   Thumb Code     0  startup_da14531.o(.text)
    KEYBRD_Handler                           0x07fc0163   Thumb Code     0  startup_da14531.o(.text)
    RESERVED21_Handler                       0x07fc0163   Thumb Code     0  startup_da14531.o(.text)
    RESERVED22_Handler                       0x07fc0163   Thumb Code     0  startup_da14531.o(.text)
    RESERVED23_Handler                       0x07fc0163   Thumb Code     0  startup_da14531.o(.text)
    RFCAL_Handler                            0x07fc0163   Thumb Code     0  startup_da14531.o(.text)
    RTC_Handler                              0x07fc0163   Thumb Code     0  startup_da14531.o(.text)
    SPI_Handler                              0x07fc0163   Thumb Code     0  startup_da14531.o(.text)
    SWTIM1_Handler                           0x07fc0163   Thumb Code     0  startup_da14531.o(.text)
    SWTIM_Handler                            0x07fc0163   Thumb Code     0  startup_da14531.o(.text)
    XTAL32M_RDY_Handler                      0x07fc0163   Thumb Code     0  startup_da14531.o(.text)
    main                                     0x07fc01a9   Thumb Code   420  arch_main.o(.text)
    dummyf                                   0x07fc0369   Thumb Code     2  jump_table.o(.text)
    crypto_init_func                         0x07fc036b   Thumb Code     2  jump_table.o(.text)
    ba431_get_rand_func                      0x07fc036d   Thumb Code    24  jump_table.o(.text)
    dia_rand_func                            0x07fc0385   Thumb Code     8  jump_table.o(.text)
    dia_srand_func                           0x07fc038d   Thumb Code    26  jump_table.o(.text)
    dbg_init_func_empty                      0x07fc03a7   Thumb Code     2  jump_table.o(.text)
    dbg_platform_reset_complete_func_empty   0x07fc03a9   Thumb Code     2  jump_table.o(.text)
    platform_reset_func                      0x07fc03ad   Thumb Code    24  jump_table.o(.text)
    arch_disable_sleep                       0x07fc03d1   Thumb Code    28  arch_sleep.o(.text)
    arch_set_extended_sleep                  0x07fc03f9   Thumb Code    44  arch_sleep.o(.text)
    arch_set_deep_sleep                      0x07fc0431   Thumb Code   256  arch_sleep.o(.text)
    arch_set_sleep_mode                      0x07fc0559   Thumb Code    80  arch_sleep.o(.text)
    arch_get_sleep_mode                      0x07fc05b5   Thumb Code    20  arch_sleep.o(.text)
    arch_restore_sleep_mode                  0x07fc05cd   Thumb Code    68  arch_sleep.o(.text)
    arch_force_active_mode                   0x07fc061d   Thumb Code    48  arch_sleep.o(.text)
    arch_ble_ext_wakeup_on                   0x07fc0659   Thumb Code     8  arch_sleep.o(.text)
    arch_ble_ext_wakeup_off                  0x07fc0665   Thumb Code     8  arch_sleep.o(.text)
    arch_ble_ext_wakeup_get                  0x07fc0671   Thumb Code     8  arch_sleep.o(.text)
    arch_ble_force_wakeup                    0x07fc067d   Thumb Code    52  arch_sleep.o(.text)
    arch_last_rwble_evt_get                  0x07fc06b9   Thumb Code     8  arch_sleep.o(.text)
    init_pwr_and_clk_ble                     0x07fc06c5   Thumb Code   152  arch_system.o(.text)
    calibrate_rcx20                          0x07fc076d   Thumb Code    28  arch_system.o(.text)
    read_rcx_freq                            0x07fc0791   Thumb Code    80  arch_system.o(.text)
    set_sleep_delay                          0x07fc07ed   Thumb Code    84  arch_system.o(.text)
    lld_sleep_us_2_lpcycles_sel_func         0x07fc085d   Thumb Code    20  arch_system.o(.text)
    lld_sleep_lpcycles_2_us_sel_func         0x07fc087d   Thumb Code     8  arch_system.o(.text)
    conditionally_run_radio_cals             0x07fc0885   Thumb Code   168  arch_system.o(.text)
    lld_sleep_us_2_lpcycles_rcx_func         0x07fc0945   Thumb Code    20  arch_system.o(.text)
    lld_sleep_lpcycles_2_us_rcx_func         0x07fc0965   Thumb Code    40  arch_system.o(.text)
    check_sys_startup_period                 0x07fc0991   Thumb Code    44  arch_system.o(.text)
    app_use_lower_clocks_check               0x07fc09cd   Thumb Code     4  arch_system.o(.text)
    lld_sleep_init_func                      0x07fc09d1   Thumb Code    28  arch_system.o(.text)
    arch_wkupct_tweak_deb_time               0x07fc09f5   Thumb Code    36  arch_system.o(.text)
    arch_set_pxact_gpio                      0x07fc0a21   Thumb Code    36  arch_system.o(.text)
    set_xtal32m_trim_value                   0x07fc0a49   Thumb Code    72  arch_system.o(.text)
    xtal32m_configuration                    0x07fc0a99   Thumb Code    48  arch_system.o(.text)
    arch_system_init_vdd_clamp_for_rcx       0x07fc0acd   Thumb Code    28  arch_system.o(.text)
    system_init                              0x07fc0af5   Thumb Code   452  arch_system.o(.text)
    arch_rom_init                            0x07fc0cf9   Thumb Code   196  arch_rom.o(.text)
    patch_func                               0x07fc0e7d   Thumb Code    40  system_library_531.o(.text)
    otp_cs_store                             0x07fc0edd   Thumb Code   660  otp_cs.o(.text)
    otp_cs_load_pd_rad                       0x07fc1191   Thumb Code    84  otp_cs.o(.text)
    otp_cs_load_pd_adpll                     0x07fc11f5   Thumb Code    68  otp_cs.o(.text)
    otp_hdr_get_bd_address                   0x07fc1249   Thumb Code    12  otp_hdr.o(.text)
    syscntl_use_lowest_amba_clocks           0x07fc1259   Thumb Code    22  syscntl.o(.text)
    syscntl_use_highest_amba_clocks          0x07fc126f   Thumb Code    22  syscntl.o(.text)
    syscntl_cfg_xtal32m_amp_reg              0x07fc1285   Thumb Code    16  syscntl.o(.text)
    syscntl_por_vbat_high_cfg                0x07fc129d   Thumb Code    28  syscntl.o(.text)
    syscntl_por_vbat_low_cfg                 0x07fc12c5   Thumb Code    28  syscntl.o(.text)
    syscntl_dcdc_get_level                   0x07fc12ed   Thumb Code    20  syscntl.o(.text)
    syscntl_dcdc_set_level                   0x07fc1305   Thumb Code    36  syscntl.o(.text)
    syscntl_dcdc_turn_off                    0x07fc1335   Thumb Code    72  syscntl.o(.text)
    syscntl_dcdc_turn_on_in_boost            0x07fc1389   Thumb Code    80  syscntl.o(.text)
    syscntl_dcdc_turn_on_in_buck             0x07fc1409   Thumb Code    36  syscntl.o(.text)
    GPIO_init                                0x07fc1431   Thumb Code   184  gpio.o(.text)
    GPIO_SetPinFunction                      0x07fc14ed   Thumb Code    56  gpio.o(.text)
    GPIO_GetPinFunction                      0x07fc152d   Thumb Code    16  gpio.o(.text)
    GPIO_ConfigurePin                        0x07fc1541   Thumb Code    80  gpio.o(.text)
    GPIO_SetActive                           0x07fc1595   Thumb Code    52  gpio.o(.text)
    GPIO_SetInactive                         0x07fc15d1   Thumb Code    52  gpio.o(.text)
    GPIO_ConfigurePinPower                   0x07fc160d   Thumb Code    60  gpio.o(.text)
    GPIO_GetPinStatus                        0x07fc1651   Thumb Code    52  gpio.o(.text)
    GPIO_is_valid                            0x07fc168d   Thumb Code    20  gpio.o(.text)
    GPIO_EnableIRQ                           0x07fc16a1   Thumb Code   248  gpio.o(.text)
    GPIO_GetIRQInputLevel                    0x07fc17d5   Thumb Code   140  gpio.o(.text)
    GPIO_SetIRQInputLevel                    0x07fc1865   Thumb Code    32  gpio.o(.text)
    GPIO_ResetIRQ                            0x07fc1889   Thumb Code    32  gpio.o(.text)
    GPIO_RegisterCallback                    0x07fc18ad   Thumb Code    24  gpio.o(.text)
    GPIOn_Handler                            0x07fc18c9   Thumb Code    48  gpio.o(.text)
    GPIO0_Handler                            0x07fc1901   Thumb Code    10  gpio.o(.text)
    GPIO1_Handler                            0x07fc190b   Thumb Code    10  gpio.o(.text)
    GPIO2_Handler                            0x07fc1915   Thumb Code    10  gpio.o(.text)
    GPIO3_Handler                            0x07fc191f   Thumb Code    10  gpio.o(.text)
    GPIO4_Handler                            0x07fc1929   Thumb Code    10  gpio.o(.text)
    GPIO_EnablePorPin                        0x07fc1935   Thumb Code    48  gpio.o(.text)
    GPIO_DisablePorPin                       0x07fc1969   Thumb Code     8  gpio.o(.text)
    GPIO_SetPorTime                          0x07fc1975   Thumb Code    12  gpio.o(.text)
    GPIO_GetPorTime                          0x07fc1985   Thumb Code    12  gpio.o(.text)
    WKUP_QUADEC_Handler                      0x07fc1995   Thumb Code   148  wkupct_quadec.o(.text)
    wkupct_enable_irq                        0x07fc1a3d   Thumb Code    76  wkupct_quadec.o(.text)
    wkupct2_enable_irq                       0x07fc1a99   Thumb Code    80  wkupct_quadec.o(.text)
    wkupct_disable_irq                       0x07fc1af9   Thumb Code    24  wkupct_quadec.o(.text)
    wkupct2_disable_irq                      0x07fc1b51   Thumb Code    24  wkupct_quadec.o(.text)
    wkupct_register_callback                 0x07fc1b71   Thumb Code     8  wkupct_quadec.o(.text)
    wkupct2_register_callback                0x07fc1b7d   Thumb Code     8  wkupct_quadec.o(.text)
    quad_decoder_register_callback           0x07fc1b89   Thumb Code     8  wkupct_quadec.o(.text)
    quad_decoder_init                        0x07fc1b95   Thumb Code    56  wkupct_quadec.o(.text)
    quad_decoder_release                     0x07fc1bd9   Thumb Code    24  wkupct_quadec.o(.text)
    quad_decoder_disable_irq                 0x07fc1bfd   Thumb Code    20  wkupct_quadec.o(.text)
    quad_decoder_enable_irq                  0x07fc1c15   Thumb Code    44  wkupct_quadec.o(.text)
    quad_decoder_clear_irq                   0x07fc1c51   Thumb Code    44  wkupct_quadec.o(.text)
    adc_init                                 0x07fc1c85   Thumb Code   328  adc_531.o(.text)
    adc_enable                               0x07fc1df1   Thumb Code    12  adc_531.o(.text)
    adc_reset                                0x07fc1e01   Thumb Code    32  adc_531.o(.text)
    adc_input_shift_enable                   0x07fc1e29   Thumb Code    20  adc_531.o(.text)
    adc_input_shift_disable                  0x07fc1e41   Thumb Code    12  adc_531.o(.text)
    adc_input_shift_config                   0x07fc1e51   Thumb Code    36  adc_531.o(.text)
    adc_set_se_input                         0x07fc1e7d   Thumb Code    16  adc_531.o(.text)
    adc_set_diff_input                       0x07fc1e91   Thumb Code    16  adc_531.o(.text)
    adc_register_interrupt                   0x07fc1ea5   Thumb Code    40  adc_531.o(.text)
    adc_unregister_interrupt                 0x07fc1edd   Thumb Code    36  adc_531.o(.text)
    adc_disable                              0x07fc1f11   Thumb Code    12  adc_531.o(.text)
    adc_start                                0x07fc1f21   Thumb Code    12  adc_531.o(.text)
    adc_get_sample                           0x07fc1f31   Thumb Code    24  adc_531.o(.text)
    adc_offset_calibrate                     0x07fc1f4d   Thumb Code   272  adc_531.o(.text)
    ADC_Handler                              0x07fc2079   Thumb Code    20  adc_531.o(.text)
    adc_correct_sample                       0x07fc2095   Thumb Code   128  adc_531.o(.text)
    adc_temp_sensor_enable                   0x07fc2125   Thumb Code    24  adc_531.o(.text)
    adc_get_temp                             0x07fc2141   Thumb Code    32  adc_531.o(.text)
    adc_get_temp_async                       0x07fc21a5   Thumb Code    36  adc_531.o(.text)
    adc_store_offsets                        0x07fc21cd   Thumb Code    20  adc_531.o(.text)
    adc_load_offsets                         0x07fc21ed   Thumb Code    48  adc_531.o(.text)
    adc_reset_offsets                        0x07fc2225   Thumb Code    28  adc_531.o(.text)
    init_rand_seed_from_trng                 0x07fc2249   Thumb Code   104  trng.o(.text)
    systick_register_callback                0x07fc22cd   Thumb Code     8  systick.o(.text)
    SysTick_Handler                          0x07fc22d9   Thumb Code    16  systick.o(.text)
    systick_start                            0x07fc22ed   Thumb Code    60  systick.o(.text)
    systick_stop                             0x07fc232d   Thumb Code    24  systick.o(.text)
    systick_wait                             0x07fc2349   Thumb Code    36  systick.o(.text)
    systick_value                            0x07fc2371   Thumb Code    12  systick.o(.text)
    UART2_Handler                            0x07fc2381   Thumb Code   192  uart.o(.text)
    uart_enable                              0x07fc244d   Thumb Code    52  uart.o(.text)
    uart_disable                             0x07fc2489   Thumb Code    56  uart.o(.text)
    uart_baudrate_setf                       0x07fc24c9   Thumb Code    36  uart.o(.text)
    uart_register_tx_cb                      0x07fc24ed   Thumb Code    20  uart.o(.text)
    uart_register_rx_cb                      0x07fc2509   Thumb Code    20  uart.o(.text)
    uart_register_err_cb                     0x07fc2525   Thumb Code    20  uart.o(.text)
    uart_initialize                          0x07fc2541   Thumb Code   176  uart.o(.text)
    uart_write_byte                          0x07fc25f9   Thumb Code    10  uart.o(.text)
    uart_write_buffer                        0x07fc2603   Thumb Code    28  uart.o(.text)
    uart_send                                0x07fc2621   Thumb Code    96  uart.o(.text)
    uart_wait_tx_finish                      0x07fc26b1   Thumb Code     8  uart.o(.text)
    uart_read_byte                           0x07fc26b9   Thumb Code    12  uart.o(.text)
    uart_read_buffer                         0x07fc26c5   Thumb Code    28  uart.o(.text)
    uart_receive                             0x07fc26e1   Thumb Code    96  uart.o(.text)
    uart_enable_flow_control                 0x07fc2751   Thumb Code    32  uart.o(.text)
    uart_disable_flow_control                0x07fc2775   Thumb Code    80  uart.o(.text)
    hw_otpc_is_dcdc_reserved                 0x07fc2809   Thumb Code     8  hw_otpc_531.o(.text)
    hw_otpc_clear_dcdc_reserved              0x07fc2815   Thumb Code     8  hw_otpc_531.o(.text)
    hw_otpc_init                             0x07fc2821   Thumb Code    92  hw_otpc_531.o(.text)
    hw_otpc_set_speed                        0x07fc288d   Thumb Code    28  hw_otpc_531.o(.text)
    hw_otpc_enter_mode                       0x07fc28c1   Thumb Code    64  hw_otpc_531.o(.text)
    hw_otpc_word_prog_and_verify             0x07fc2945   Thumb Code    80  hw_otpc_531.o(.text)
    hw_otpc_word_read                        0x07fc2999   Thumb Code    38  hw_otpc_531.o(.text)
    hw_otpc_prog                             0x07fc29c1   Thumb Code    72  hw_otpc_531.o(.text)
    hw_otpc_prog_and_verify                  0x07fc2a0d   Thumb Code    76  hw_otpc_531.o(.text)
    hw_otpc_read                             0x07fc2a9d   Thumb Code    58  hw_otpc_531.o(.text)
    hw_otpc_disable                          0x07fc2ad9   Thumb Code   108  hw_otpc_531.o(.text)
    i2c_init                                 0x07fc2b5d   Thumb Code   192  i2c.o(.text)
    i2c_setup_master                         0x07fc2c31   Thumb Code    64  i2c.o(.text)
    i2c_setup_slave                          0x07fc2c75   Thumb Code    48  i2c.o(.text)
    i2c_release                              0x07fc2ca9   Thumb Code    28  i2c.o(.text)
    i2c_master_transmit_buffer_sync          0x07fc2ccd   Thumb Code   108  i2c.o(.text)
    i2c_master_receive_buffer_sync           0x07fc2d41   Thumb Code   128  i2c.o(.text)
    i2c_master_transmit_buffer_async         0x07fc2dc9   Thumb Code    52  i2c.o(.text)
    i2c_register_int                         0x07fc2e09   Thumb Code    12  i2c.o(.text)
    i2c_master_receive_buffer_async          0x07fc2ea9   Thumb Code    36  i2c.o(.text)
    i2c_slave_receive_buffer_sync            0x07fc2f4d   Thumb Code    32  i2c.o(.text)
    i2c_slave_transmit_buffer_sync           0x07fc2f75   Thumb Code    68  i2c.o(.text)
    i2c_slave_receive_buffer_async           0x07fc2fc1   Thumb Code    28  i2c.o(.text)
    i2c_slave_transmit_buffer_async          0x07fc303d   Thumb Code    32  i2c.o(.text)
    i2c_unregister_int                       0x07fc30fd   Thumb Code    20  i2c.o(.text)
    I2C_Handler                              0x07fc311d   Thumb Code    28  i2c.o(.text)
    timer2_config                            0x07fc31a5   Thumb Code    32  timer2.o(.text)
    timer2_pwm_freq_set                      0x07fc31c9   Thumb Code    20  timer2.o(.text)
    timer2_pwm_signal_config                 0x07fc31e1   Thumb Code   144  timer2.o(.text)
    lld_sleep_compensate_func                0x07fc3275   Thumb Code    64  rwble.o(.text)
    BLE_WAKEUP_LP_Handler                    0x07fc32c9   Thumb Code    56  rwble.o(.text)
    power_up                                 0x07fc3315   Thumb Code    68  rwble.o(.text)
    rwble_isr                                0x07fc3361   Thumb Code   236  rwble.o(.text)
    ble_tx_evt_handler                       0x07fc345d   Thumb Code     2  rwble.o(.text)
    ble_rx_evt_handler                       0x07fc345f   Thumb Code     2  rwble.o(.text)
    BLE_RF_DIAG_Handler                      0x07fc3461   Thumb Code    60  rwble.o(.text)
    patched_ble_regs_push                    0x07fc34a5   Thumb Code    16  rwip.o(.text)
    patched_ble_regs_pop                     0x07fc34bd   Thumb Code    16  rwip.o(.text)
    rwip_sleep                               0x07fc34d5   Thumb Code   372  rwip.o(.text)
    rf_reg_rd                                0x07fc3691   Thumb Code     4  ble_arp.o(.text)
    rf_reg_wr                                0x07fc3695   Thumb Code     2  ble_arp.o(.text)
    rf_init_func                             0x07fc3699   Thumb Code   240  ble_arp.o(.text)
    rf_reinit_func                           0x07fc38a9   Thumb Code    92  ble_arp.o(.text)
    ble_init_arp_func                        0x07fc3935   Thumb Code    28  ble_arp.o(.text)
    rf_recalibration                         0x07fc3961   Thumb Code    32  ble_arp.o(.text)
    set_recommended_settings                 0x07fc39ad   Thumb Code   364  rf_531.o(.text)
    dcoff_calibration                        0x07fc3b99   Thumb Code   208  rf_531.o(.text)
    kdtc_calibration                         0x07fc3c85   Thumb Code   252  rf_531.o(.text)
    en_hclk                                  0x07fc3db5   Thumb Code     8  rf_531.o(.text)
    kdtc_cal_init                            0x07fc3dc1   Thumb Code   100  rf_531.o(.text)
    en_kdtc_cal_mod1                         0x07fc3e2d   Thumb Code     8  rf_531.o(.text)
    dis_hclk                                 0x07fc3e39   Thumb Code    16  rf_531.o(.text)
    en_adpll_tx                              0x07fc3e4d   Thumb Code    48  rf_531.o(.text)
    dis_adpll                                0x07fc3e8d   Thumb Code    36  rf_531.o(.text)
    en_kdtc_cal_mod0                         0x07fc3ebd   Thumb Code    24  rf_531.o(.text)
    dis_kdtc_cal                             0x07fc3ed9   Thumb Code    12  rf_531.o(.text)
    kdtc_cal_end                             0x07fc3ee9   Thumb Code    76  rf_531.o(.text)
    kdco_calibration                         0x07fc3f3d   Thumb Code   348  rf_531.o(.text)
    rf_calibration                           0x07fc40b1   Thumb Code     8  rf_531.o(.text)
    rf_power_up                              0x07fc40b9   Thumb Code     2  rf_531.o(.text)
    rf_power_down                            0x07fc40bb   Thumb Code     2  rf_531.o(.text)
    rf_adplldig_ldo_on                       0x07fc40bd   Thumb Code     8  rf_531.o(.text)
    rf_adplldig_txmod                        0x07fc40c9   Thumb Code    12  rf_531.o(.text)
    kdco_cal_init                            0x07fc40d9   Thumb Code    20  rf_531.o(.text)
    kdco_cal_end                             0x07fc40f5   Thumb Code    16  rf_531.o(.text)
    dis_kdco_cal                             0x07fc410d   Thumb Code    24  rf_531.o(.text)
    rf_ldo_cont_mode_en                      0x07fc4129   Thumb Code    80  rf_531.o(.text)
    rf_adplldig_activate                     0x07fc417d   Thumb Code    20  rf_531.o(.text)
    rf_adplldig_deactivate                   0x07fc4195   Thumb Code    12  rf_531.o(.text)
    rf_pa_pwr_set                            0x07fc41a5   Thumb Code     8  rf_531.o(.text)
    rf_pa_pwr_get                            0x07fc41b1   Thumb Code     8  rf_531.o(.text)
    rf_nfm_is_enabled                        0x07fc41bd   Thumb Code     8  rf_531.o(.text)
    rf_nfm_enable                            0x07fc41c9   Thumb Code    24  rf_531.o(.text)
    rf_nfm_disable                           0x07fc41e9   Thumb Code    20  rf_531.o(.text)
    prf_init_func                            0x07fc43c5   Thumb Code    96  prf.o(.text)
    prf_create_func                          0x07fc4429   Thumb Code    48  prf.o(.text)
    default_advertise_operation              0x07fc4461   Thumb Code     8  app_default_handlers.o(.text)
    default_app_on_init                      0x07fc4469   Thumb Code    18  app_default_handlers.o(.text)
    default_app_on_connection                0x07fc447d   Thumb Code    28  app_default_handlers.o(.text)
    default_app_on_disconnect                0x07fc449d   Thumb Code     8  app_default_handlers.o(.text)
    default_app_on_set_dev_config_complete   0x07fc44a5   Thumb Code    16  app_default_handlers.o(.text)
    default_app_on_db_init_complete          0x07fc44b5   Thumb Code     8  app_default_handlers.o(.text)
    default_app_on_get_dev_name              0x07fc44bd   Thumb Code    20  app_default_handlers.o(.text)
    default_app_on_get_dev_appearance        0x07fc44d5   Thumb Code     8  app_default_handlers.o(.text)
    default_app_on_get_dev_slv_pref_params   0x07fc44e1   Thumb Code    18  app_default_handlers.o(.text)
    default_app_on_set_dev_info              0x07fc44f5   Thumb Code    52  app_default_handlers.o(.text)
    default_app_update_params_request        0x07fc452d   Thumb Code    12  app_default_handlers.o(.text)
    default_app_generate_static_random_addr  0x07fc4539   Thumb Code    44  app_default_handlers.o(.text)
    default_app_generate_unique_static_random_addr 0x07fc4565   Thumb Code   108  app_default_handlers.o(.text)
    default_app_on_pairing_request           0x07fc4605   Thumb Code     8  app_default_handlers.o(.text)
    default_app_on_tk_exch                   0x07fc460d   Thumb Code    60  app_default_handlers.o(.text)
    default_app_on_csrk_exch                 0x07fc465d   Thumb Code     8  app_default_handlers.o(.text)
    default_app_on_ltk_exch                  0x07fc4665   Thumb Code    24  app_default_handlers.o(.text)
    default_app_on_encrypt_req_ind           0x07fc467d   Thumb Code   180  app_default_handlers.o(.text)
    default_app_on_pairing_succeeded         0x07fc4739   Thumb Code    24  app_default_handlers.o(.text)
    default_app_on_addr_solved_ind           0x07fc4755   Thumb Code    52  app_default_handlers.o(.text)
    default_app_on_addr_resolve_failed       0x07fc478d   Thumb Code     8  app_default_handlers.o(.text)
    default_app_on_ral_cmp_evt               0x07fc4795   Thumb Code    16  app_default_handlers.o(.text)
    app_db_init_next                         0x07fc47a5   Thumb Code    76  app.o(.text)
    app_prf_enable                           0x07fc47fd   Thumb Code    40  app.o(.text)
    app_init                                 0x07fc4829   Thumb Code    48  app.o(.text)
    app_easy_gap_undirected_advertise_get_active 0x07fc4865   Thumb Code     8  app.o(.text)
    app_easy_gap_undirected_advertise_start  0x07fc48c5   Thumb Code    28  app.o(.text)
    app_easy_gap_directed_advertise_get_active 0x07fc48e5   Thumb Code     8  app.o(.text)
    app_easy_gap_directed_advertise_start    0x07fc4965   Thumb Code    28  app.o(.text)
    app_easy_gap_non_connectable_advertise_get_active 0x07fc4985   Thumb Code     8  app.o(.text)
    app_easy_gap_non_connectable_advertise_start 0x07fc49e5   Thumb Code    36  app.o(.text)
    app_easy_gap_undirected_advertise_with_timeout_start 0x07fc4a0d   Thumb Code    40  app.o(.text)
    app_easy_gap_advertise_with_timeout_stop 0x07fc4a59   Thumb Code    24  app.o(.text)
    app_easy_gap_param_update_get_active     0x07fc4a75   Thumb Code     8  app.o(.text)
    app_easy_gap_param_update_start          0x07fc4ac9   Thumb Code    24  app.o(.text)
    app_easy_gap_start_connection_to_get_active 0x07fc4ae5   Thumb Code     8  app.o(.text)
    app_easy_gap_start_connection_to_set     0x07fc4b39   Thumb Code    38  app.o(.text)
    app_easy_gap_start_connection_to         0x07fc4b61   Thumb Code    20  app.o(.text)
    app_easy_gap_dev_config_get_active       0x07fc4b79   Thumb Code     8  app.o(.text)
    app_easy_gap_dev_configure               0x07fc4bd1   Thumb Code    20  app.o(.text)
    app_easy_gap_get_peer_features           0x07fc4be9   Thumb Code    28  app.o(.text)
    app_gap_process_handler                  0x07fc4c09   Thumb Code    28  app_task.o(.text)
    app_sec_gen_tk                           0x07fc4e21   Thumb Code    20  app_security.o(.text)
    app_sec_gen_ltk                          0x07fc4e3d   Thumb Code    52  app_security.o(.text)
    app_sec_gen_csrk                         0x07fc4e75   Thumb Code    32  app_security.o(.text)
    app_sec_process_handler                  0x07fc4e95   Thumb Code    28  app_security_task.o(.text)
    app_dis_init                             0x07fc5075   Thumb Code     2  app_diss.o(.text)
    app_diss_create_db                       0x07fc5079   Thumb Code    52  app_diss.o(.text)
    app_diss_process_handler                 0x07fc50b1   Thumb Code    28  app_diss_task.o(.text)
    app_check_BLE_active                     0x07fc5189   Thumb Code    32  app_msg_utils.o(.text)
    app_msg_send_wakeup_ble                  0x07fc51b5   Thumb Code    24  app_msg_utils.o(.text)
    app_easy_msg_free_callback               0x07fc51cd   Thumb Code    44  app_easy_msg_utils.o(.text)
    app_easy_msg_set                         0x07fc5201   Thumb Code    36  app_easy_msg_utils.o(.text)
    app_easy_msg_modify                      0x07fc5231   Thumb Code    40  app_easy_msg_utils.o(.text)
    app_easy_wakeup_set                      0x07fc5265   Thumb Code    28  app_easy_msg_utils.o(.text)
    app_easy_wakeup_free                     0x07fc5285   Thumb Code    16  app_easy_msg_utils.o(.text)
    app_easy_wakeup                          0x07fc5299   Thumb Code    20  app_easy_msg_utils.o(.text)
    app_msg_utils_api_process_handler        0x07fc52b1   Thumb Code    48  app_easy_msg_utils.o(.text)
    app_easy_security_pairing_rsp_get_active 0x07fc52e9   Thumb Code     8  app_easy_security.o(.text)
    app_easy_security_send_pairing_rsp       0x07fc5331   Thumb Code    24  app_easy_security.o(.text)
    app_easy_security_tk_get_active          0x07fc534d   Thumb Code     8  app_easy_security.o(.text)
    app_easy_security_tk_exch                0x07fc5385   Thumb Code    60  app_easy_security.o(.text)
    app_easy_security_csrk_get_active        0x07fc53c5   Thumb Code     8  app_easy_security.o(.text)
    app_easy_security_csrk_exch              0x07fc541d   Thumb Code    24  app_easy_security.o(.text)
    app_easy_security_ltk_exch_get_active    0x07fc5439   Thumb Code     8  app_easy_security.o(.text)
    app_easy_security_ltk_exch               0x07fc5475   Thumb Code    24  app_easy_security.o(.text)
    app_easy_security_set_ltk_exch_from_sec_env 0x07fc5491   Thumb Code    52  app_easy_security.o(.text)
    app_easy_security_set_ltk_exch           0x07fc54c9   Thumb Code    78  app_easy_security.o(.text)
    app_easy_security_encrypt_cfm            0x07fc5519   Thumb Code    24  app_easy_security.o(.text)
    app_easy_security_encrypt_cfm_get_active 0x07fc5561   Thumb Code     8  app_easy_security.o(.text)
    app_easy_security_set_encrypt_req_valid  0x07fc5569   Thumb Code    36  app_easy_security.o(.text)
    app_easy_security_set_encrypt_req_invalid 0x07fc5591   Thumb Code    12  app_easy_security.o(.text)
    app_easy_security_request_get_active     0x07fc559d   Thumb Code    44  app_easy_security.o(.text)
    app_easy_security_request                0x07fc55d1   Thumb Code    24  app_easy_security.o(.text)
    app_easy_security_accept_encryption      0x07fc55ed   Thumb Code    40  app_easy_security.o(.text)
    app_easy_security_reject_encryption      0x07fc5619   Thumb Code    22  app_easy_security.o(.text)
    app_easy_security_resolve_bdaddr         0x07fc562f   Thumb Code     4  app_easy_security.o(.text)
    app_easy_security_bdb_get_number_of_stored_irks 0x07fc5633   Thumb Code     4  app_easy_security.o(.text)
    app_easy_security_bdb_get_stored_irks    0x07fc5637   Thumb Code     4  app_easy_security.o(.text)
    app_easy_security_ral_op                 0x07fc563b   Thumb Code    68  app_easy_security.o(.text)
    app_easy_security_bdb_init               0x07fc567f   Thumb Code     2  app_easy_security.o(.text)
    app_easy_security_bdb_get_size           0x07fc5681   Thumb Code     4  app_easy_security.o(.text)
    app_easy_security_bdb_add_entry          0x07fc5685   Thumb Code     2  app_easy_security.o(.text)
    app_easy_security_bdb_remove_entry       0x07fc5687   Thumb Code     2  app_easy_security.o(.text)
    app_easy_security_bdb_search_entry       0x07fc5689   Thumb Code     4  app_easy_security.o(.text)
    app_easy_security_bdb_get_device_info_from_slot 0x07fc568d   Thumb Code     4  app_easy_security.o(.text)
    app_easy_security_ral_sync_with_bdb      0x07fc5691   Thumb Code     2  app_easy_security.o(.text)
    app_timer_api_process_handler            0x07fc5695   Thumb Code   228  app_easy_timer.o(.text)
    app_easy_timer                           0x07fc5795   Thumb Code    60  app_easy_timer.o(.text)
    app_easy_timer_cancel                    0x07fc5815   Thumb Code    76  app_easy_timer.o(.text)
    app_easy_timer_modify                    0x07fc5871   Thumb Code   104  app_easy_timer.o(.text)
    app_easy_timer_cancel_all                0x07fc58ed   Thumb Code    40  app_easy_timer.o(.text)
    custs_get_func_callbacks                 0x07fc591d   Thumb Code    24  app_customs.o(.text)
    app_custs1_init                          0x07fc5939   Thumb Code     2  app_customs.o(.text)
    app_custs1_create_db                     0x07fc593d   Thumb Code    52  app_customs.o(.text)
    app_custs1_process_handler               0x07fc5975   Thumb Code    26  app_customs_task.o(.text)
    app_get_address_type                     0x07fc5991   Thumb Code    22  app_utils.o(.text)
    app_fill_random_byte_array               0x07fc59a7   Thumb Code    12  app_utils.o(.text)
    GPIO_reservations                        0x07fc59b5   Thumb Code   320  user_periph_setup.o(.text)
    set_pad_functions                        0x07fc5afd   Thumb Code   100  user_periph_setup.o(.text)
    periph_init                              0x07fc5b65   Thumb Code    36  user_periph_setup.o(.text)
    uvp_shdn                                 0x07fc5b95   Thumb Code    24  user_empty_peripheral_template.o(.text)
    gpadc_timer_cb                           0x07fc5bad   Thumb Code    40  user_empty_peripheral_template.o(.text)
    gpadc_collect_sample                     0x07fc5c05   Thumb Code    12  user_empty_peripheral_template.o(.text)
    gpadc_sample_to_mv                       0x07fc5c11   Thumb Code    48  user_empty_peripheral_template.o(.text)
    gpadc_init                               0x07fc5c45   Thumb Code    44  user_empty_peripheral_template.o(.text)
    timer2_pwm_init                          0x07fc5c7d   Thumb Code   108  user_empty_peripheral_template.o(.text)
    timer2_pwm_enable                        0x07fc5cf5   Thumb Code    56  user_empty_peripheral_template.o(.text)
    timer2_pwm_disable                       0x07fc5d35   Thumb Code    24  user_empty_peripheral_template.o(.text)
    user_on_connection                       0x07fc5d55   Thumb Code    40  user_empty_peripheral_template.o(.text)
    user_on_disconnect                       0x07fc5d85   Thumb Code     8  user_empty_peripheral_template.o(.text)
    user_catch_rest_hndl                     0x07fc5d8d   Thumb Code    32  user_empty_peripheral_template.o(.text)
    user_app_on_init                         0x07fc5db1   Thumb Code    20  user_empty_peripheral_template.o(.text)
    JT_lld_test_mode_rx_func                 0x07fc5dc9   Thumb Code   142  patch_1.o(.text)
    JT_l2cc_pdu_unpack_func                  0x07fc5e57   Thumb Code   786  patch_1.o(.text)
    JT_l2cc_pdu_recv_ind_handler_func        0x07fc6169   Thumb Code    72  patch_1.o(.text)
    PATCHED_llm_con_req_ind                  0x07fc61b1   Thumb Code   814  patch_1.o(.text)
    PATCHED_smpc_recv_pair_rand_pdu          0x07fc64df   Thumb Code   272  patch_1.o(.text)
    PATCHED_smpc_recv_public_key_exchange_pdu 0x07fc65ef   Thumb Code   106  patch_1.o(.text)
    PATCHED_llc_data_ind_handler             0x07fc6659   Thumb Code   176  patch_1.o(.text)
    lld_drop_packet_fix                      0x07fc6709   Thumb Code    64  patch_1.o(.text)
    PATCHED_lld_data_ind_handler             0x07fc6749   Thumb Code    58  patch_1.o(.text)
    patch_data1                              0x07fc6783   Thumb Code    12  patch_1.o(.text)
    patch_data2                              0x07fc678f   Thumb Code     2  patch_1.o(.text)
    patch_global_vars_init                   0x07fc6791   Thumb Code     2  patch_1.o(.text)
    rf_ldo_calibration                       0x07fc6b25   Thumb Code    36  rf_ldo_calibration.o(.text)
    enable_rf_diag_irq                       0x07fc6b75   Thumb Code    92  rf_diag.o(.text)
    _WAIT                                    0x07fc6be1   Thumb Code    10  common.o(.text)
    _WAIT10                                  0x07fc6beb   Thumb Code    10  common.o(.text)
    _WAIT100                                 0x07fc6bf5   Thumb Code    10  common.o(.text)
    _WAIT400                                 0x07fc6bff   Thumb Code    10  common.o(.text)
    _WAIT1000                                0x07fc6c09   Thumb Code    10  common.o(.text)
    arch_asm_delay_us                        0x07fc6c1d   Thumb Code    32  arch_asm.o(.text)
    __scatterload                            0x07fc6c3d   Thumb Code    38  init.o(.text)
    __scatterload_rt2                        0x07fc6c3d   Thumb Code     0  init.o(.text)
    HardFault_HandlerC                       0x07fc6c6d   Thumb Code   132  hardfault_handler.o(.text.HardFault_HandlerC)
    NMI_HandlerC                             0x07fc6cf5   Thumb Code   164  nmi_handler.o(.text.NMI_HandlerC)
    __scatterload_copy                       0x07fc6db1   Thumb Code    14  handlers.o(i.__scatterload_copy)
    __scatterload_null                       0x07fc6dbf   Thumb Code     2  handlers.o(i.__scatterload_null)
    __scatterload_zeroinit                   0x07fc6dc1   Thumb Code    14  handlers.o(i.__scatterload_zeroinit)
    SystemInit                               0x07fc6dd1   Thumb Code   116  system_da14531.o(system_DA14xxx)
    app_process_handlers                     0x07fc6fa0   Data          28  app_entry_point.o(.rodata.app_process_handlers)
    arp_init_table                           0x07fc6ff4   Data         112  ble_arp.o(.rodata.arp_init_table)
    catch_rest                               0x07fc706c   Data           4  app_entry_point.o(.rodata.catch_rest)
    cust_prf_funcs                           0x07fc7070   Data          56  user_custs_config.o(.rodata.cust_prf_funcs)
    custs1_att_db                            0x07fc70a8   Data         900  user_custs1_def.o(.rodata.custs1_att_db)
    custs1_default_handler                   0x07fc742c   Data           8  custs1_task.o(.rodata.custs1_default_handler)
    custs1_default_state                     0x07fc7434   Data          72  custs1_task.o(.rodata.custs1_default_state)
    custs1_services                          0x07fc747c   Data           4  user_custs1_def.o(.rodata.custs1_services)
    custs1_services_size                     0x07fc7480   Data           1  user_custs1_def.o(.rodata.custs1_services_size)
    my_custom_msg_handlers                   0x07fc74b4   Data          24  system_library_531.o(.rodata.my_custom_msg_handlers)
    prf_funcs                                0x07fc74dc   Data          24  app.o(.rodata.prf_funcs)
    prf_if                                   0x07fc74f4   Data          24  prf.o(.rodata.prf_if)
    rom_app_task_cfg                         0x07fc750c   Data          32  app_entry_point.o(.rodata.rom_app_task_cfg)
    rom_cfg_table_var                        0x07fc752c   Data         236  jump_table.o(.rodata.rom_cfg_table_var)
    rom_chacha20_cfg                         0x07fc7618   Data          16  chacha20.o(.rodata.rom_chacha20_cfg)
    rom_console_cfg                          0x07fc7628   Data          36  arch_console.o(.rodata.rom_console_cfg)
    rom_cust_prf_cfg                         0x07fc764c   Data          16  custs1.o(.rodata.rom_cust_prf_cfg)
    rom_func_addr_table_var                  0x07fc765c   Data         380  jump_table.o(.rodata.rom_func_addr_table_var)
    rom_nvds_cfg                             0x07fc77d8   Data           8  nvds.o(.rodata.rom_nvds_cfg)
    rom_prf_cfg                              0x07fc77e0   Data          12  prf.o(.rodata.rom_prf_cfg)
    Region$$Table$$Base                      0x07fc79b8   Number         0  anon$$obj.o(Region$$Table)
    Region$$Table$$Limit                     0x07fc79d8   Number         0  anon$$obj.o(Region$$Table)
    pa_en_dcf_tx_setting                     0x07fc79d8   Data           1  rf_531.o(.data.pa_en_dcf_tx_setting)
    startup_sleep_delay                      0x07fc79dc   Data           4  arch_system.o(.data.startup_sleep_delay)
    twirq_reset_value                        0x07fc7f04   Data           4  arch_system.o(.bss..L_MergedGlobals.1)
    twirq_set_value                          0x07fc7f08   Data           4  arch_system.o(.bss..L_MergedGlobals.1)
    calibration_res                          0x07fc7f0e   Data          42  rf_531.o(.bss.calibration_res)
    otp_hdr_timestamp                        0x07fc803c   Data           4  arch_system.o(.bss.otp_hdr_timestamp)
    syscntl_dcdc_state                       0x07fc8040   Data           2  syscntl.o(.bss.syscntl_dcdc_state)
    twext_value                              0x07fc8044   Data           4  rwip.o(.bss.twext_value)
    __initial_sp                             0x07fc8750   Data           0  startup_da14531.o(STACK)
    rwip_heap_non_ret                        0x07fc8750   Data        1036  jump_table.o(.bss.heap_mem_area_not_ret)
    clk_freq_trim_reg_value                  0x07fc8bd0   Data           2  arch_system.o(.bss.retention_mem_area0)
    lp_clk_sel                               0x07fc8bd4   Data           4  arch_system.o(.bss.retention_mem_area0)
    force_rf_cal                             0x07fc8bd8   Data           1  arch_system.o(.bss.retention_mem_area0)
    iq_trim_bias_ctrl1_reg                   0x07fc8bda   Data           2  arch_system.o(.bss.retention_mem_area0)
    iq_trim_rf_mixer_ctrl1_reg               0x07fc8bdc   Data           2  arch_system.o(.bss.retention_mem_area0)
    heap_usage_env                           0x07fc8bde   Data           8  arch_system.o(.bss.retention_mem_area0)
    heap_usage_db                            0x07fc8be6   Data           8  arch_system.o(.bss.retention_mem_area0)
    heap_usage_msg                           0x07fc8bee   Data           8  arch_system.o(.bss.retention_mem_area0)
    heap_usage_nonRet                        0x07fc8bf6   Data           8  arch_system.o(.bss.retention_mem_area0)
    rcx_cal_in_progress                      0x07fc8c00   Data           1  arch_system.o(.bss.retention_mem_area0)
    rf_cal_last_temp                         0x07fc8c01   Data           1  arch_system.o(.bss.retention_mem_area0)
    sys_startup_flag                         0x07fc8c02   Data           1  arch_system.o(.bss.retention_mem_area0)
    xtal_wait_trim                           0x07fc8c04   Data           2  arch_system.o(.bss.retention_mem_area0)
    arch_wkupct_deb_time                     0x07fc8c06   Data           2  arch_system.o(.bss.retention_mem_area0)
    last_time                                0x07fc8c08   Data           4  arch_system.o(.bss.retention_mem_area0)
    dev_bdaddr                               0x07fc8c10   Data           6  arch_system.o(.bss.retention_mem_area0)
    rcx_time_data                            0x07fc8c18   Data          16  arch_system.o(.bss.retention_mem_area0)
    heap_log                                 0x07fc8c28   Data           2  system_library_531.o(.bss.retention_mem_area0)
    lld_force_timeout_refresh                0x07fc8c2a   Data           3  system_library_531.o(.bss.retention_mem_area0)
    skip_slave_latency_mask                  0x07fc8c2d   Data           1  system_library_531.o(.bss.retention_mem_area0)
    otp_cs                                   0x07fc8c30   Data         108  otp_cs.o(.bss.retention_mem_area0)
    GPIOHandlerFunction                      0x07fc8ca0   Data          20  gpio.o(.bss.retention_mem_area0)
    GPIO_status                              0x07fc8cb8   Data           8  gpio.o(.bss.retention_mem_area0)
    GPIO                                     0x07fc8cc0   Data          48  gpio.o(.bss.retention_mem_area0)
    dcdc_reserved                            0x07fc8d48   Data           1  hw_otpc_531.o(.bss.retention_mem_area0)
    rf_ldo_calibrated_value                  0x07fc8d84   Data           1  rwble.o(.bss.retention_mem_area0)
    arch_rwble_last_event                    0x07fc8d85   Data           1  rwble.o(.bss.retention_mem_area0)
    set_boost_low_vbat1v_overhead            0x07fc8d86   Data           1  rwble.o(.bss.retention_mem_area0)
    ble_finetim_corr                         0x07fc8d88   Data           4  rwble.o(.bss.retention_mem_area0)
    retained_BLE_EM_BASE_REG                 0x07fc8d8c   Data           4  rwip.o(.bss.retention_mem_area0)
    sleep_lp_cycles                          0x07fc8d90   Data           4  rwip.o(.bss.retention_mem_area0)
    slp_period_retained                      0x07fc8d94   Data           4  rwip.o(.bss.retention_mem_area0)
    rf_ldo_calibration_pending               0x07fc8d98   Data           1  ble_arp.o(.bss.retention_mem_area0)
    rf_ldo_init_value                        0x07fc8d99   Data           1  ble_arp.o(.bss.retention_mem_area0)
    rf_tx_pwr_lvl                            0x07fc8d9c   Data           1  rf_531.o(.bss.retention_mem_area0)
    prf_env                                  0x07fc8da4   Data          48  prf.o(.bss.retention_mem_area0)
    app_prf_srv_perm                         0x07fc8de4   Data          20  app.o(.bss.retention_mem_area0)
    app_env                                  0x07fc8e00   Data          12  app.o(.bss.retention_mem_area0)
    device_info                              0x07fc8e0c   Data          36  app.o(.bss.retention_mem_area0)
    app_state                                0x07fc8e30   Data           1  app_task.o(.bss.retention_mem_area0)
    app_sec_env                              0x07fc8e32   Data         122  app_security.o(.bss.retention_mem_area0)
    uart_busy_status                         0x07fc8f2c   Data           1  user_empty_peripheral_template.o(.bss.retention_mem_area0)
    uvp_trigger_status                       0x07fc8f2d   Data           1  user_empty_peripheral_template.o(.bss.retention_mem_area0)
    adc_timer                                0x07fc8f2e   Data           1  user_empty_peripheral_template.o(.bss.retention_mem_area0)
    adc_timer_started                        0x07fc8f2f   Data           1  user_empty_peripheral_template.o(.bss.retention_mem_area0)
    vdd                                      0x07fc8f30   Data           1  user_empty_peripheral_template.o(.bss.retention_mem_area0)
    adc_input                                0x07fc8f32   Data           2  user_empty_peripheral_template.o(.bss.retention_mem_area0)
    adc_input_volt                           0x07fc8f34   Data           2  user_empty_peripheral_template.o(.bss.retention_mem_area0)
    Image$$RET_HEAP_DB$$Base                 0x07fc8f38   Number         0  anon$$obj.o ABSOLUTE
    rwip_heap_db_ret                         0x07fc8f38   Data        1036  jump_table.o(.bss.heap_db_area)
    rwip_heap_env_ret                        0x07fc9344   Data         696  jump_table.o(.bss.heap_env_area)
    rwip_heap_msg_ret                        0x07fc95fc   Data        1404  jump_table.o(.bss.heap_msg_area)
    dummy                                    0x07fc9c00   Data           0  da14531_symbols.txt ABSOLUTE
    trng_state_val                           0x07fcb89c   Data           4  trng.o(.bss.trng_state)
    ble_wakeup_executed                      0x07fcb900   Data           0  da14531_symbols.txt ABSOLUTE
    rf_in_sleep                              0x07fcb901   Data           0  da14531_symbols.txt ABSOLUTE
    custom_preinit                           0x07fcb904   Data           0  da14531_symbols.txt ABSOLUTE
    custom_postinit                          0x07fcb908   Data           0  da14531_symbols.txt ABSOLUTE
    custom_appinit                           0x07fcb90c   Data           0  da14531_symbols.txt ABSOLUTE
    custom_preloop                           0x07fcb910   Data           0  da14531_symbols.txt ABSOLUTE
    custom_preschedule                       0x07fcb914   Data           0  da14531_symbols.txt ABSOLUTE
    custom_postschedule                      0x07fcb918   Data           0  da14531_symbols.txt ABSOLUTE
    custom_postschedule_async                0x07fcb91c   Data           0  da14531_symbols.txt ABSOLUTE
    custom_presleepcheck                     0x07fcb920   Data           0  da14531_symbols.txt ABSOLUTE
    custom_appsleepset                       0x07fcb924   Data           0  da14531_symbols.txt ABSOLUTE
    custom_postsleepcheck                    0x07fcb928   Data           0  da14531_symbols.txt ABSOLUTE
    custom_presleepenter                     0x07fcb92c   Data           0  da14531_symbols.txt ABSOLUTE
    custom_postsleepexit                     0x07fcb930   Data           0  da14531_symbols.txt ABSOLUTE
    custom_prewakeup                         0x07fcb934   Data           0  da14531_symbols.txt ABSOLUTE
    custom_postwakeup                        0x07fcb938   Data           0  da14531_symbols.txt ABSOLUTE
    custom_preidlecheck                      0x07fcb93c   Data           0  da14531_symbols.txt ABSOLUTE
    custom_pti_set                           0x07fcb940   Data           0  da14531_symbols.txt ABSOLUTE
    REG_BLE_EM_TX_BUFFER_SIZE                0x07fcb944   Data           0  da14531_symbols.txt ABSOLUTE
    REG_BLE_EM_RX_BUFFER_SIZE                0x07fcb948   Data           0  da14531_symbols.txt ABSOLUTE
    _ble_base                                0x07fcb94c   Data           0  da14531_symbols.txt ABSOLUTE
    gap_cfg_user                             0x07fcb950   Data           0  da14531_symbols.txt ABSOLUTE
    rom_func_addr_table                      0x07fcb954   Data           0  da14531_symbols.txt ABSOLUTE
    rom_cfg_table                            0x07fcb958   Data           0  da14531_symbols.txt ABSOLUTE
    BLE_TX_DESC_DATA_USER                    0x07fcb95c   Data           0  da14531_symbols.txt ABSOLUTE
    BLE_TX_DESC_CNTL_USER                    0x07fcb960   Data           0  da14531_symbols.txt ABSOLUTE
    LLM_LE_ADV_DUMMY_IDX                     0x07fcb964   Data           0  da14531_symbols.txt ABSOLUTE
    LLM_LE_SCAN_CON_REQ_ADV_DIR_IDX          0x07fcb968   Data           0  da14531_symbols.txt ABSOLUTE
    LLM_LE_SCAN_RSP_IDX                      0x07fcb96c   Data           0  da14531_symbols.txt ABSOLUTE
    LLM_LE_ADV_IDX                           0x07fcb970   Data           0  da14531_symbols.txt ABSOLUTE
    length_exchange_needed                   0x07fcb974   Data           0  da14531_symbols.txt ABSOLUTE
    enh_con_cmp_cnt                          0x07fcb978   Data           0  da14531_symbols.txt ABSOLUTE
    rx_pkt_cnt                               0x07fcb980   Data           0  da14531_symbols.txt ABSOLUTE
    rx_pkt_cnt_bad                           0x07fcb984   Data           0  da14531_symbols.txt ABSOLUTE
    rx_pkt_cnt_bad_adv                       0x07fcb988   Data           0  da14531_symbols.txt ABSOLUTE
    rx_pkt_cnt_bad_scn                       0x07fcb98c   Data           0  da14531_symbols.txt ABSOLUTE
    rx_pkt_cnt_bad_oth                       0x07fcb990   Data           0  da14531_symbols.txt ABSOLUTE
    rx_pkt_cnt_bad_wo_sync_err               0x07fcb994   Data           0  da14531_symbols.txt ABSOLUTE
    rx_pkt_cnt_bad_con                       0x07fcb998   Data           0  da14531_symbols.txt ABSOLUTE
    connect_req_cnt                          0x07fcb99c   Data           0  da14531_symbols.txt ABSOLUTE
    last_status                              0x07fcb9a0   Data           0  da14531_symbols.txt ABSOLUTE
    llc_state                                0x07fcb9a4   Data           0  da14531_symbols.txt ABSOLUTE
    lld_sleep_env                            0x07fcb9a8   Data           0  da14531_symbols.txt ABSOLUTE
    lld_wlcoex_enable                        0x07fcb9ac   Data           0  da14531_symbols.txt ABSOLUTE
    ble_duplicate_filter_max                 0x07fcb9b0   Data           0  da14531_symbols.txt ABSOLUTE
    ble_duplicate_filter_found               0x07fcb9b1   Data           0  da14531_symbols.txt ABSOLUTE
    alter_conn_adv_all_cnt                   0x07fcb9b4   Data           0  da14531_symbols.txt ABSOLUTE
    alter_conn_adv_dir_cnt                   0x07fcb9b8   Data           0  da14531_symbols.txt ABSOLUTE
    alter_conn_adv_cnt                       0x07fcb9bc   Data           0  da14531_symbols.txt ABSOLUTE
    create_conn_cnt                          0x07fcb9c0   Data           0  da14531_symbols.txt ABSOLUTE
    alter_conn_cnt                           0x07fcb9c4   Data           0  da14531_symbols.txt ABSOLUTE
    alter_conn_restart_cnt                   0x07fcb9c8   Data           0  da14531_symbols.txt ABSOLUTE
    alter_conn_peer_addr                     0x07fcb9cc   Data           0  da14531_symbols.txt ABSOLUTE
    alter_conn_local_addr                    0x07fcb9d2   Data           0  da14531_symbols.txt ABSOLUTE
    set_adv_data_discard_old                 0x07fcb9d8   Data           0  da14531_symbols.txt ABSOLUTE
    llm_resolving_list_max                   0x07fcb9d9   Data           0  da14531_symbols.txt ABSOLUTE
    llm_local_le_feats                       0x07fcb9da   Data           0  da14531_symbols.txt ABSOLUTE
    llm_bt_env                               0x07fcb9e2   Data           0  da14531_symbols.txt ABSOLUTE
    init_tx_cnt_cntl_cnt1                    0x07fcb9ec   Data           0  da14531_symbols.txt ABSOLUTE
    init_tx_cnt_cntl_cnt                     0x07fcb9f0   Data           0  da14531_symbols.txt ABSOLUTE
    tx_cnt_cntl_cnt                          0x07fcb9f4   Data           0  da14531_symbols.txt ABSOLUTE
    llm_state                                0x07fcb9f8   Data           0  da14531_symbols.txt ABSOLUTE
    delay_us_cnt                             0x07fcb9fa   Data           0  da14531_symbols.txt ABSOLUTE
    gtl_state                                0x07fcb9fc   Data           0  da14531_symbols.txt ABSOLUTE
    use_h4tl                                 0x07fcb9fd   Data           0  da14531_symbols.txt ABSOLUTE
    hci_cmd_desc_root_tab                    0x07fcba00   Data           0  da14531_symbols.txt ABSOLUTE
    gattc_state                              0x07fcba30   Data           0  da14531_symbols.txt ABSOLUTE
    gattm_state                              0x07fcba33   Data           0  da14531_symbols.txt ABSOLUTE
    l2cc_state                               0x07fcba34   Data           0  da14531_symbols.txt ABSOLUTE
    l2cm_env                                 0x07fcba38   Data           0  da14531_symbols.txt ABSOLUTE
    gapc_state                               0x07fcba3e   Data           0  da14531_symbols.txt ABSOLUTE
    gapm_state                               0x07fcba41   Data           0  da14531_symbols.txt ABSOLUTE
    whitelist_fix                            0x07fcba42   Data           0  da14531_symbols.txt ABSOLUTE
    ecdh_key_creation_in_progress            0x07fcba44   Data           0  da14531_symbols.txt ABSOLUTE
    ke_free_bad                              0x07fcba48   Data           0  da14531_symbols.txt ABSOLUTE
    DISABLE_KE_TASK_ALTERNATIVE_SAVED_QUEUE  0x07fcba4c   Data           0  da14531_symbols.txt ABSOLUTE
    rwip_env                                 0x07fcba54   Data           0  da14531_symbols.txt ABSOLUTE
    _rand_state_ROM_DATA                     0x07fcba5c   Data           0  da14531_symbols.txt ABSOLUTE
    custom_msg_handlers                      0x07fcba60   Data           0  da14531_symbols.txt ABSOLUTE
    ble_reg_save                             0x07fcba64   Data           0  da14531_symbols.txt ABSOLUTE
    sleep_env                                0x07fcbab4   Data           0  da14531_symbols.txt ABSOLUTE
    uart_env                                 0x07fcbab8   Data           0  da14531_symbols.txt ABSOLUTE
    ke_mem_heaps_used                        0x07fcbadc   Data           0  da14531_symbols.txt ABSOLUTE
    co_buf_env                               0x07fcbae0   Data           0  da14531_symbols.txt ABSOLUTE
    llc_env                                  0x07fcbb78   Data           0  da14531_symbols.txt ABSOLUTE
    lld_evt_env                              0x07fcbb84   Data           0  da14531_symbols.txt ABSOLUTE
    llm_le_env                               0x07fcbbb0   Data           0  da14531_symbols.txt ABSOLUTE
    llm_local_cmds                           0x07fcbcb0   Data           0  da14531_symbols.txt ABSOLUTE
    gtl_env                                  0x07fcbd30   Data           0  da14531_symbols.txt ABSOLUTE
    hci_env                                  0x07fcbd78   Data           0  da14531_symbols.txt ABSOLUTE
    h4tl_env                                 0x07fcbd88   Data           0  da14531_symbols.txt ABSOLUTE
    gattc_env                                0x07fcbda0   Data           0  da14531_symbols.txt ABSOLUTE
    gattm_env                                0x07fcbdac   Data           0  da14531_symbols.txt ABSOLUTE
    l2cc_env                                 0x07fcbdd0   Data           0  da14531_symbols.txt ABSOLUTE
    ecdh_key                                 0x07fcbddc   Data           0  da14531_symbols.txt ABSOLUTE
    gapc_env                                 0x07fcbe3c   Data           0  da14531_symbols.txt ABSOLUTE
    gapm_env                                 0x07fcbe48   Data           0  da14531_symbols.txt ABSOLUTE
    ke_env                                   0x07fcbe74   Data           0  da14531_symbols.txt ABSOLUTE
    rwip_rf                                  0x07fcbf58   Data           0  da14531_symbols.txt ABSOLUTE



==============================================================================

Memory Map of the image

  Image Entry point : 0x07fc0111

  Load Region LR_IROM1 (Base: 0x07fc0000, Size: 0x000000a8, Max: 0x000000c0, ABSOLUTE)

    Execution Region ER_IROM1 (Exec base: 0x07fc0000, Load base: 0x07fc0000, Size: 0x000000a8, Max: 0x000000c0, ABSOLUTE)

    Exec Addr    Load Addr    Size         Type   Attr      Idx    E Section Name        Object

    0x07fc0000   0x07fc0000   0x000000a0   Data   RO           15    RESET               startup_da14531.o
    0x07fc00a0   0x07fc00a0   0x00000008   Data   RW          151    otp_cs_booter       otp_cs.o



  Load Region LR_IROM2 (Base: 0x07fc00c0, Size: 0x00000000, Max: 0x00000050, ABSOLUTE)

    Execution Region ER_IROM2 (Exec base: 0x07fc00c0, Load base: 0x07fc00c0, Size: 0x00000050, Max: 0x00000050, ABSOLUTE)

    Exec Addr    Load Addr    Size         Type   Attr      Idx    E Section Name        Object

    0x07fc00c0        -       0x00000050   Zero   RW            1    ER_IROM2.bss        anon$$obj.o



  Load Region LR_IROM3 (Base: 0x07fc0110, Size: 0x000078d0, Max: 0x00008ab0, ABSOLUTE)

    Execution Region ER_IROM3 (Exec base: 0x07fc0110, Load base: 0x07fc0110, Size: 0x000078d0, Max: 0x00008ab0, ABSOLUTE)

    Exec Addr    Load Addr    Size         Type   Attr      Idx    E Section Name        Object

    0x07fc0110   0x07fc0110   0x00000000   Code   RO          689  * .ARM.Collect$$$$00000000  mc_p.l(entry.o)
    0x07fc0110   0x07fc0110   0x00000004   Code   RO          690    .ARM.Collect$$$$00000001  mc_p.l(entry2.o)
    0x07fc0114   0x07fc0114   0x00000004   Code   RO          693    .ARM.Collect$$$$00000004  mc_p.l(entry5.o)
    0x07fc0118   0x07fc0118   0x00000000   Code   RO          695    .ARM.Collect$$$$00000008  mc_p.l(entry7b.o)
    0x07fc0118   0x07fc0118   0x00000000   Code   RO          697    .ARM.Collect$$$$0000000A  mc_p.l(entry8b.o)
    0x07fc0118   0x07fc0118   0x00000008   Code   RO          698    .ARM.Collect$$$$0000000B  mc_p.l(entry9a.o)
    0x07fc0120   0x07fc0120   0x00000000   Code   RO          700    .ARM.Collect$$$$0000000D  mc_p.l(entry10a.o)
    0x07fc0120   0x07fc0120   0x00000000   Code   RO          702    .ARM.Collect$$$$0000000F  mc_p.l(entry11a.o)
    0x07fc0120   0x07fc0120   0x00000004   Code   RO          691    .ARM.Collect$$$$00002712  mc_p.l(entry2.o)
    0x07fc0124   0x07fc0124   0x00000050   Code   RO           16    .text               startup_da14531.o
    0x07fc0174   0x07fc0174   0x00000034   Code   RO           40    .text               arch_console.o
    0x07fc01a8   0x07fc01a8   0x000001c0   Code   RO           58    .text               arch_main.o
    0x07fc0368   0x07fc0368   0x00000068   Code   RO           68    .text               jump_table.o
    0x07fc03d0   0x07fc03d0   0x000002f4   Code   RO           82    .text               arch_sleep.o
    0x07fc06c4   0x07fc06c4   0x00000634   Code   RO           92    .text               arch_system.o
    0x07fc0cf8   0x07fc0cf8   0x00000184   Code   RO          113    .text               arch_rom.o
    0x07fc0e7c   0x07fc0e7c   0x00000060   Code   RO          137    .text               system_library_531.o
    0x07fc0edc   0x07fc0edc   0x0000036c   Code   RO          149    .text               otp_cs.o
    0x07fc1248   0x07fc1248   0x00000010   Code   RO          161    .text               otp_hdr.o
    0x07fc1258   0x07fc1258   0x000001d8   Code   RO          169    .text               syscntl.o
    0x07fc1430   0x07fc1430   0x00000564   Code   RO          178    .text               gpio.o
    0x07fc1994   0x07fc1994   0x000002f0   Code   RO          188    .text               wkupct_quadec.o
    0x07fc1c84   0x07fc1c84   0x000005c4   Code   RO          206    .text               adc_531.o
    0x07fc2248   0x07fc2248   0x00000084   Code   RO          217    .text               trng.o
    0x07fc22cc   0x07fc22cc   0x000000b4   Code   RO          257    .text               systick.o
    0x07fc2380   0x07fc2380   0x00000488   Code   RO          266    .text               uart.o
    0x07fc2808   0x07fc2808   0x00000354   Code   RO          276    .text               hw_otpc_531.o
    0x07fc2b5c   0x07fc2b5c   0x00000648   Code   RO          287    .text               i2c.o
    0x07fc31a4   0x07fc31a4   0x000000d0   Code   RO          297    .text               timer2.o
    0x07fc3274   0x07fc3274   0x00000230   Code   RO          306    .text               rwble.o
    0x07fc34a4   0x07fc34a4   0x000001ec   Code   RO          315    .text               rwip.o
    0x07fc3690   0x07fc3690   0x0000031c   Code   RO          325    .text               ble_arp.o
    0x07fc39ac   0x07fc39ac   0x00000854   Code   RO          336    .text               rf_531.o
    0x07fc4200   0x07fc4200   0x000001c4   Code   RO          428    .text               custs1_task.o
    0x07fc43c4   0x07fc43c4   0x0000009c   Code   RO          440    .text               prf.o
    0x07fc4460   0x07fc4460   0x00000344   Code   RO          452    .text               app_default_handlers.o
    0x07fc47a4   0x07fc47a4   0x00000464   Code   RO          461    .text               app.o
    0x07fc4c08   0x07fc4c08   0x00000218   Code   RO          474    .text               app_task.o
    0x07fc4e20   0x07fc4e20   0x00000074   Code   RO          484    .text               app_security.o
    0x07fc4e94   0x07fc4e94   0x000001e0   Code   RO          493    .text               app_security_task.o
    0x07fc5074   0x07fc5074   0x0000003c   Code   RO          508    .text               app_diss.o
    0x07fc50b0   0x07fc50b0   0x000000d8   Code   RO          516    .text               app_diss_task.o
    0x07fc5188   0x07fc5188   0x00000044   Code   RO          537    .text               app_msg_utils.o
    0x07fc51cc   0x07fc51cc   0x0000011c   Code   RO          545    .text               app_easy_msg_utils.o
    0x07fc52e8   0x07fc52e8   0x000003aa   Code   RO          554    .text               app_easy_security.o
    0x07fc5692   0x07fc5692   0x00000002   PAD
    0x07fc5694   0x07fc5694   0x00000288   Code   RO          565    .text               app_easy_timer.o
    0x07fc591c   0x07fc591c   0x00000058   Code   RO          575    .text               app_customs.o
    0x07fc5974   0x07fc5974   0x0000001a   Code   RO          583    .text               app_customs_task.o
    0x07fc598e   0x07fc598e   0x00000002   PAD
    0x07fc5990   0x07fc5990   0x00000022   Code   RO          608    .text               app_utils.o
    0x07fc59b2   0x07fc59b2   0x00000002   PAD
    0x07fc59b4   0x07fc59b4   0x000001e0   Code   RO          659    .text               user_periph_setup.o
    0x07fc5b94   0x07fc5b94   0x00000234   Code   RO          668    .text               user_empty_peripheral_template.o
    0x07fc5dc8   0x07fc5dc8   0x000009ec   Code   RO          678    .text               da14531.lib(patch_1.o)
    0x07fc67b4   0x07fc67b4   0x000003c0   Code   RO          680    .text               da14531.lib(rf_ldo_calibration.o)
    0x07fc6b74   0x07fc6b74   0x0000006c   Code   RO          683    .text               da14531.lib(rf_diag.o)
    0x07fc6be0   0x07fc6be0   0x0000003c   Code   RO          685    .text               da14531.lib(common.o)
    0x07fc6c1c   0x07fc6c1c   0x00000020   Code   RO          687    .text               da14531.lib(arch_asm.o)
    0x07fc6c3c   0x07fc6c3c   0x00000030   Code   RO          704    .text               mc_p.l(init.o)
    0x07fc6c6c   0x07fc6c6c   0x00000088   Code   RO           23    .text.HardFault_HandlerC  hardfault_handler.o
    0x07fc6cf4   0x07fc6cf4   0x000000bc   Code   RO           32    .text.NMI_HandlerC  nmi_handler.o
    0x07fc6db0   0x07fc6db0   0x0000000e   Code   RO          708    i.__scatterload_copy  mc_p.l(handlers.o)
    0x07fc6dbe   0x07fc6dbe   0x00000002   Code   RO          709    i.__scatterload_null  mc_p.l(handlers.o)
    0x07fc6dc0   0x07fc6dc0   0x0000000e   Code   RO          710    i.__scatterload_zeroinit  mc_p.l(handlers.o)
    0x07fc6dce   0x07fc6dce   0x00000002   PAD
    0x07fc6dd0   0x07fc6dd0   0x00000088   Code   RO            4    system_DA14xxx      system_da14531.o
    0x07fc6e58   0x07fc6e58   0x00000010   Data   RO          641    .rodata.SVC1_ADC_VAL_1_UUID_128  user_custs1_def.o
    0x07fc6e68   0x07fc6e68   0x00000010   Data   RO          643    .rodata.SVC1_ADC_VAL_2_UUID_128  user_custs1_def.o
    0x07fc6e78   0x07fc6e78   0x00000010   Data   RO          644    .rodata.SVC1_BUTTON_STATE_UUID_128  user_custs1_def.o
    0x07fc6e88   0x07fc6e88   0x00000010   Data   RO          637    .rodata.SVC1_CTRL_POINT_UUID_128  user_custs1_def.o
    0x07fc6e98   0x07fc6e98   0x00000010   Data   RO          645    .rodata.SVC1_INDICATEABLE_UUID_128  user_custs1_def.o
    0x07fc6ea8   0x07fc6ea8   0x00000010   Data   RO          640    .rodata.SVC1_LED_STATE_UUID_128  user_custs1_def.o
    0x07fc6eb8   0x07fc6eb8   0x00000010   Data   RO          646    .rodata.SVC1_LONG_VALUE_UUID_128  user_custs1_def.o
    0x07fc6ec8   0x07fc6ec8   0x00000010   Data   RO          648    .rodata.SVC2_WRITE_VAL_1_UUID_128  user_custs1_def.o
    0x07fc6ed8   0x07fc6ed8   0x00000010   Data   RO          649    .rodata.SVC2_WRITE_VAL_2_UUID_128  user_custs1_def.o
    0x07fc6ee8   0x07fc6ee8   0x00000010   Data   RO          651    .rodata.SVC3_READ_VAL_1_UUID_128  user_custs1_def.o
    0x07fc6ef8   0x07fc6ef8   0x00000010   Data   RO          652    .rodata.SVC3_READ_VAL_2_UUID_128  user_custs1_def.o
    0x07fc6f08   0x07fc6f08   0x00000010   Data   RO          653    .rodata.SVC3_READ_VAL_3_UUID_128  user_custs1_def.o
    0x07fc6f18   0x07fc6f18   0x00000010   Data   RO          465    .rodata.TASK_DESC_APP  app.o
    0x07fc6f28   0x07fc6f28   0x00000008   Data   RO          518    .rodata.app_diss_process_handlers  app_diss_task.o
    0x07fc6f30   0x07fc6f30   0x00000070   Data   RO          476    .rodata.app_gap_process_handlers  app_task.o
    0x07fc6fa0   0x07fc6fa0   0x0000001c   Data   RO          529    .rodata.app_process_handlers  app_entry_point.o
    0x07fc6fbc   0x07fc6fbc   0x00000038   Data   RO          495    .rodata.app_sec_process_handlers  app_security_task.o
    0x07fc6ff4   0x07fc6ff4   0x00000070   Data   RO          328    .rodata.arp_init_table  ble_arp.o
    0x07fc7064   0x07fc7064   0x00000002   Data   RO          636    .rodata.att_decl_char  user_custs1_def.o
    0x07fc7066   0x07fc7066   0x00000002   Data   RO          634    .rodata.att_decl_svc  user_custs1_def.o
    0x07fc7068   0x07fc7068   0x00000002   Data   RO          642    .rodata.att_desc_cfg  user_custs1_def.o
    0x07fc706a   0x07fc706a   0x00000002   Data   RO          638    .rodata.att_desc_user_desc  user_custs1_def.o
    0x07fc706c   0x07fc706c   0x00000004   Data   RO          530    .rodata.catch_rest  app_entry_point.o
    0x07fc7070   0x07fc7070   0x00000038   Data   RO          625    .rodata.cust_prf_funcs  user_custs_config.o
    0x07fc70a8   0x07fc70a8   0x00000384   Data   RO          654    .rodata.custs1_att_db  user_custs1_def.o
    0x07fc742c   0x07fc742c   0x00000008   Data   RO          431    .rodata.custs1_default_handler  custs1_task.o
    0x07fc7434   0x07fc7434   0x00000048   Data   RO          430    .rodata.custs1_default_state  custs1_task.o
    0x07fc747c   0x07fc747c   0x00000004   Data   RO          631    .rodata.custs1_services  user_custs1_def.o
    0x07fc7480   0x07fc7480   0x00000001   Data   RO          632    .rodata.custs1_services_size  user_custs1_def.o
    0x07fc7481   0x07fc7481   0x00000010   Data   RO          635    .rodata.custs1_svc1  user_custs1_def.o
    0x07fc7491   0x07fc7491   0x00000010   Data   RO          647    .rodata.custs1_svc2  user_custs1_def.o
    0x07fc74a1   0x07fc74a1   0x00000010   Data   RO          650    .rodata.custs1_svc3  user_custs1_def.o
    0x07fc74b1   0x07fc74b1   0x00000003   PAD
    0x07fc74b4   0x07fc74b4   0x00000018   Data   RO          139    .rodata.my_custom_msg_handlers  system_library_531.o
    0x07fc74cc   0x07fc74cc   0x0000000e   Data   RO           52    .rodata.nvds_data_storage  nvds.o
    0x07fc74da   0x07fc74da   0x00000002   PAD
    0x07fc74dc   0x07fc74dc   0x00000018   Data   RO          463    .rodata.prf_funcs   app.o
    0x07fc74f4   0x07fc74f4   0x00000018   Data   RO          442    .rodata.prf_if      prf.o
    0x07fc750c   0x07fc750c   0x00000020   Data   RO          532    .rodata.rom_app_task_cfg  app_entry_point.o
    0x07fc752c   0x07fc752c   0x000000ec   Data   RO           75    .rodata.rom_cfg_table_var  jump_table.o
    0x07fc7618   0x07fc7618   0x00000010   Data   RO          123    .rodata.rom_chacha20_cfg  chacha20.o
    0x07fc7628   0x07fc7628   0x00000024   Data   RO           44    .rodata.rom_console_cfg  arch_console.o
    0x07fc764c   0x07fc764c   0x00000010   Data   RO          423    .rodata.rom_cust_prf_cfg  custs1.o
    0x07fc765c   0x07fc765c   0x0000017c   Data   RO           70    .rodata.rom_func_addr_table_var  jump_table.o
    0x07fc77d8   0x07fc77d8   0x00000008   Data   RO           53    .rodata.rom_nvds_cfg  nvds.o
    0x07fc77e0   0x07fc77e0   0x0000000c   Data   RO          444    .rodata.rom_prf_cfg  prf.o
    0x07fc77ec   0x07fc77ec   0x00000016   Data   RO          519    .rodata.str1.1      app_diss_task.o
    0x07fc7802   0x07fc7802   0x0000009c   Data   RO          639    .rodata.str1.1      user_custs1_def.o
    0x07fc789e   0x07fc789e   0x00000055   Data   RO          670    .rodata.str1.1      user_empty_peripheral_template.o
    0x07fc78f3   0x07fc78f3   0x00000001   PAD
    0x07fc78f4   0x07fc78f4   0x00000017   Data   RO          464    .rodata.str1.4      app.o
    0x07fc790b   0x07fc790b   0x00000001   PAD
    0x07fc790c   0x07fc790c   0x00000018   Data   RO          661    .rodata.uart_cfg    user_periph_setup.o
    0x07fc7924   0x07fc7924   0x0000008c   Data   RO          531    .rodata.user_app_callbacks  app_entry_point.o
    0x07fc79b0   0x07fc79b0   0x00000007   Data   RO          557    .rodata.user_security_conf  app_easy_security.o
    0x07fc79b7   0x07fc79b7   0x00000001   PAD
    0x07fc79b8   0x07fc79b8   0x00000020   Data   RO          707    Region$$Table       anon$$obj.o
    0x07fc79d8   0x07fc79d8   0x00000001   Data   RW          338    .data.pa_en_dcf_tx_setting  rf_531.o
    0x07fc79d9   0x07fc79d9   0x00000003   PAD
    0x07fc79dc   0x07fc79dc   0x00000004   Data   RW           94    .data.startup_sleep_delay  arch_system.o


    Execution Region ER_PRODTEST (Exec base: 0x07fc79e0, Load base: 0x07fc79e0, Size: 0x00000000, Max: 0xffffffff, ABSOLUTE, UNINIT)

    **** No section assigned to this execution region ****


    Execution Region ER_ZI (Exec base: 0x07fc79e0, Load base: 0x07fc79e0, Size: 0x00000d70, Max: 0xffffffff, ABSOLUTE)

    Exec Addr    Load Addr    Size         Type   Attr      Idx    E Section Name        Object

    0x07fc79e0        -       0x00000510   Zero   RW          681    .bss                da14531.lib(rf_ldo_calibration.o)
    0x07fc7ef0        -       0x00000014   Zero   RW          220    .bss..L_MergedGlobals  trng.o
    0x07fc7f04        -       0x00000008   Zero   RW           97    .bss..L_MergedGlobals.1  arch_system.o
    0x07fc7f0c        -       0x00000002   Zero   RW          209    .bss.cal_val        adc_531.o
    0x07fc7f0e        -       0x0000002a   Zero   RW          339    .bss.calibration_res  rf_531.o
    0x07fc7f38        -       0x00000100   Zero   RW           42    .bss.current_msg_buffer  arch_console.o
    0x07fc8038        -       0x00000004   Zero   RW          340    .bss.fsm_ctrl_reg   rf_531.o
    0x07fc803c        -       0x00000004   Zero   RW           95    .bss.otp_hdr_timestamp  arch_system.o
    0x07fc8040        -       0x00000002   Zero   RW          171    .bss.syscntl_dcdc_state  syscntl.o
    0x07fc8042   0x07fc79e0   0x00000002   PAD
    0x07fc8044        -       0x00000004   Zero   RW          318    .bss.twext_value    rwip.o
    0x07fc8048        -       0x00000004   Zero   RW          153    .bss.txdiv_trim     otp_cs.o
    0x07fc804c   0x07fc79e0   0x00000004   PAD
    0x07fc8050        -       0x00000700   Zero   RW           13    STACK               startup_da14531.o


    Execution Region ER_NZI (Exec base: 0x07fc8750, Load base: 0x07fc79e0, Size: 0x0000040c, Max: 0xffffffff, ABSOLUTE, UNINIT)

    Exec Addr    Load Addr    Size         Type   Attr      Idx    E Section Name        Object

    0x07fc8750        -       0x0000040c   Zero   RW           71    .bss.heap_mem_area_not_ret  jump_table.o


    Execution Region ER_STATEFUL_HIBERNATION (Exec base: 0x07fc8b5c, Load base: 0x07fc79e0, Size: 0x00000000, Max: 0xffffffff, ABSOLUTE, UNINIT)

    **** No section assigned to this execution region ****



  Load Region LR_RETAINED_RAM0 (Base: 0x07fc8bc0, Size: 0x00000000, Max: 0x00001440, ABSOLUTE)

    Execution Region RET_DATA_UNINIT (Exec base: 0x07fc8bc0, Load base: 0x07fc8bc0, Size: 0x00000000, Max: 0x00000000, ABSOLUTE, UNINIT)

    **** No section assigned to this execution region ****


    Execution Region RET_DATA (Exec base: 0x07fc8bc0, Load base: 0x07fc8bc0, Size: 0x00000378, Max: 0x00000800, ABSOLUTE)

    Exec Addr    Load Addr    Size         Type   Attr      Idx    E Section Name        Object

    0x07fc8bc0        -       0x00000009   Zero   RW           43    .bss.retention_mem_area0  arch_console.o
    0x07fc8bc9        -       0x00000004   Zero   RW           84    .bss.retention_mem_area0  arch_sleep.o
    0x07fc8bcd   0x07fc8bc0   0x00000003   PAD
    0x07fc8bd0        -       0x00000058   Zero   RW           96    .bss.retention_mem_area0  arch_system.o
    0x07fc8c28        -       0x00000006   Zero   RW          140    .bss.retention_mem_area0  system_library_531.o
    0x07fc8c2e   0x07fc8bc0   0x00000002   PAD
    0x07fc8c30        -       0x0000006c   Zero   RW          152    .bss.retention_mem_area0  otp_cs.o
    0x07fc8c9c   0x07fc8bc0   0x00000004   PAD
    0x07fc8ca0        -       0x00000050   Zero   RW          180    .bss.retention_mem_area0  gpio.o
    0x07fc8cf0        -       0x0000000c   Zero   RW          190    .bss.retention_mem_area0  wkupct_quadec.o
    0x07fc8cfc        -       0x00000008   Zero   RW          208    .bss.retention_mem_area0  adc_531.o
    0x07fc8d04        -       0x00000004   Zero   RW          259    .bss.retention_mem_area0  systick.o
    0x07fc8d08        -       0x00000040   Zero   RW          268    .bss.retention_mem_area0  uart.o
    0x07fc8d48        -       0x00000001   Zero   RW          278    .bss.retention_mem_area0  hw_otpc_531.o
    0x07fc8d49   0x07fc8bc0   0x00000003   PAD
    0x07fc8d4c        -       0x00000038   Zero   RW          289    .bss.retention_mem_area0  i2c.o
    0x07fc8d84        -       0x00000008   Zero   RW          308    .bss.retention_mem_area0  rwble.o
    0x07fc8d8c        -       0x0000000c   Zero   RW          317    .bss.retention_mem_area0  rwip.o
    0x07fc8d98        -       0x00000002   Zero   RW          329    .bss.retention_mem_area0  ble_arp.o
    0x07fc8d9a   0x07fc8bc0   0x00000002   PAD
    0x07fc8d9c        -       0x00000008   Zero   RW          341    .bss.retention_mem_area0  rf_531.o
    0x07fc8da4        -       0x00000030   Zero   RW          443    .bss.retention_mem_area0  prf.o
    0x07fc8dd4        -       0x0000005c   Zero   RW          466    .bss.retention_mem_area0  app.o
    0x07fc8e30        -       0x00000001   Zero   RW          477    .bss.retention_mem_area0  app_task.o
    0x07fc8e31   0x07fc8bc0   0x00000001   PAD
    0x07fc8e32        -       0x0000007a   Zero   RW          486    .bss.retention_mem_area0  app_security.o
    0x07fc8eac        -       0x00000016   Zero   RW          547    .bss.retention_mem_area0  app_easy_msg_utils.o
    0x07fc8ec2   0x07fc8bc0   0x00000002   PAD
    0x07fc8ec4        -       0x00000018   Zero   RW          556    .bss.retention_mem_area0  app_easy_security.o
    0x07fc8edc        -       0x00000050   Zero   RW          567    .bss.retention_mem_area0  app_easy_timer.o
    0x07fc8f2c        -       0x0000000a   Zero   RW          671    .bss.retention_mem_area0  user_empty_peripheral_template.o


    Execution Region RET_HEAP_DB (Exec base: 0x07fc8f38, Load base: 0x07fc8bc0, Size: 0x0000040c, Max: 0xffffffff, ABSOLUTE, UNINIT)

    Exec Addr    Load Addr    Size         Type   Attr      Idx    E Section Name        Object

    0x07fc8f38        -       0x0000040c   Zero   RW           73    .bss.heap_db_area   jump_table.o


    Execution Region RET_HEAP_ENV (Exec base: 0x07fc9344, Load base: 0x07fc8bc0, Size: 0x000002b8, Max: 0xffffffff, ABSOLUTE, UNINIT)

    Exec Addr    Load Addr    Size         Type   Attr      Idx    E Section Name        Object

    0x07fc9344        -       0x000002b8   Zero   RW           72    .bss.heap_env_area  jump_table.o


    Execution Region RET_HEAP_MSG (Exec base: 0x07fc95fc, Load base: 0x07fc8bc0, Size: 0x0000057c, Max: 0xffffffff, ABSOLUTE, UNINIT)

    Exec Addr    Load Addr    Size         Type   Attr      Idx    E Section Name        Object

    0x07fc95fc        -       0x0000057c   Zero   RW           74    .bss.heap_msg_area  jump_table.o



  Load Region LR_FREE_AREA (Base: 0x07fca000, Size: 0x00000000, Max: 0x00001900, ABSOLUTE)

    Execution Region ER_FREE_AREA_AT_TX_CNTL_BUFFER (Exec base: 0x07fca884, Load base: 0x07fca000, Size: 0x00000000, Max: 0x000000de, ABSOLUTE)

    **** No section assigned to this execution region ****


    Execution Region ER_FREE_AREA_AT_TX_ADV_1_BUFFER (Exec base: 0x07fca988, Load base: 0x07fca000, Size: 0x00000000, Max: 0x000000e0, ABSOLUTE)

    **** No section assigned to this execution region ****


    Execution Region ER_FREE_AREA_AT_TX_ADV_2_BUFFER (Exec base: 0x07fcaa90, Load base: 0x07fca000, Size: 0x00000000, Max: 0x000000de, ABSOLUTE)

    **** No section assigned to this execution region ****


    Execution Region ER_FREE_AREA_AT_TX_ADV_3_BUFFER (Exec base: 0x07fcab94, Load base: 0x07fca000, Size: 0x00000000, Max: 0x000000e0, ABSOLUTE)

    **** No section assigned to this execution region ****


    Execution Region ER_FREE_AREA (Exec base: 0x07fcb4ac, Load base: 0x07fca000, Size: 0x00000000, Max: 0x000003f0, ABSOLUTE)

    **** No section assigned to this execution region ****



  Load Region LR_RETAINED_TRNG_STATE (Base: 0x07fcb89c, Size: 0x00000000, Max: 0x00000004, ABSOLUTE)

    Execution Region RET_DATA_UNINIT_TRNG_STATE (Exec base: 0x07fcb89c, Load base: 0x07fcb89c, Size: 0x00000004, Max: 0x00000004, ABSOLUTE, UNINIT)

    Exec Addr    Load Addr    Size         Type   Attr      Idx    E Section Name        Object

    0x07fcb89c        -       0x00000004   Zero   RW          219    .bss.trng_state     trng.o



  Load Region LR_RETAINED_CHACHA_STATE (Base: 0x07fcb8a0, Size: 0x00000000, Max: 0x00000060, ABSOLUTE)

    Execution Region RET_DATA_UNINIT_CHACHA_STATE (Exec base: 0x07fcb8a0, Load base: 0x07fcb8a0, Size: 0x00000060, Max: 0x00000060, ABSOLUTE, UNINIT)

    Exec Addr    Load Addr    Size         Type   Attr      Idx    E Section Name        Object

    0x07fcb8a0        -       0x00000060   Zero   RW          122    .bss.chacha20_state  chacha20.o


==============================================================================

Image component sizes


      Code (inc. data)   RO Data    RW Data    ZI Data      Debug   Object Name

      1476        224          0          0         10      10772   adc_531.o
      1124        160         63          0         92      19010   app.o
        88          8          0          0          0       6976   app_customs.o
        26          0          0          0          0       1379   app_customs_task.o
       836        108          0          0          0      16934   app_default_handlers.o
        60          4          0          0          0       6249   app_diss.o
       216         74         30          0          0       3417   app_diss_task.o
       284         52          0          0         22       4340   app_easy_msg_utils.o
       938         92          7          0         24      17959   app_easy_security.o
       648         76          0          0         80       6152   app_easy_timer.o
         0          0        204          0          0       8115   app_entry_point.o
        68         12          0          0          0       1354   app_msg_utils.o
       116         12          0          0        122       2378   app_security.o
       480         86         56          0          0       9628   app_security_task.o
       536         36        112          0          1      20189   app_task.o
        34          0          0          0          0       1866   app_utils.o
        52          8         36          0        265       4252   arch_console.o
       448         28          0          0          0       5495   arch_main.o
       388        192          0          0          0       3102   arch_rom.o
       756        128          0          0          4       5643   arch_sleep.o
      1588        240          0          4        100      12201   arch_system.o
       796        136        112          0          2       5935   ble_arp.o
         0          0         16          0         96       1021   chacha20.o
         0          0         16          0          0       2891   custs1.o
       452         16         80          0          0      23299   custs1_task.o
      1380        120          0          0         80      10125   gpio.o
       136          4          0          0          0       2339   hardfault_handler.o
       852        104          0          0          1       7151   hw_otpc_531.o
      1608        228          0          0         56      17270   i2c.o
       104         12        616          0       4172       2275   jump_table.o
       188         24          0          0          0       3661   nmi_handler.o
         0          0         22          0          0       1268   nvds.o
       876         82          0          8        112       5206   otp_cs.o
        16          4          0          0          0        729   otp_hdr.o
       156         12         36          0         48       4782   prf.o
      2132        360          0          1         54       9915   rf_531.o
       560         72          0          0          8       3972   rwble.o
       492         88          0          0         16       4839   rwip.o
        80         16        160          0       1792        760   startup_da14531.o
       472         84          0          0          2       4801   syscntl.o
       136         20          0          0          0       2399   system_da14531.o
        96         56         24          0          6       1603   system_library_531.o
       180         24          0          0          4       1790   systick.o
       208         36          0          0          0       1959   timer2.o
       132         28          0          0         24       1334   trng.o
      1160        124          0          0         64      15252   uart.o
         0          0       1309          0          0       2280   user_custs1_def.o
         0          0         56          0          0       3022   user_custs_config.o
       564        108         85          0         10       8977   user_empty_peripheral_template.o
       480         24         24          0          0       7187   user_periph_setup.o
       752        140          0          0         12       7205   wkupct_quadec.o

    ----------------------------------------------------------------------
     24176       3462       3104         16       7384     332658   Object Totals
         0          0         32          0         80          0   (incl. Generated)
         6          0          8          3         25          0   (incl. Padding)

    ----------------------------------------------------------------------

      Code (inc. data)   RO Data    RW Data    ZI Data      Debug   Library Member Name

        32          0          0          0          0         68   arch_asm.o
        60         10          0          0          0        164   common.o
      2540        114          0          0          0        520   patch_1.o
       108         16          0          0          0         68   rf_diag.o
       960         44          0          0       1296        144   rf_ldo_calibration.o
         0          0          0          0          0          0   entry.o
         0          0          0          0          0          0   entry10a.o
         0          0          0          0          0          0   entry11a.o
         8          4          0          0          0          0   entry2.o
         4          0          0          0          0          0   entry5.o
         0          0          0          0          0          0   entry7b.o
         0          0          0          0          0          0   entry8b.o
         8          4          0          0          0          0   entry9a.o
        30          0          0          0          0          0   handlers.o
        48         10          0          0          0         68   init.o

    ----------------------------------------------------------------------
      3800        202          0          0       1296       1032   Library Totals
         2          0          0          0          0          0   (incl. Padding)

    ----------------------------------------------------------------------

      Code (inc. data)   RO Data    RW Data    ZI Data      Debug   Library Name

      3700        184          0          0       1296        964   da14531.lib
        98         18          0          0          0         68   mc_p.l

    ----------------------------------------------------------------------
      3800        202          0          0       1296       1032   Library Totals

    ----------------------------------------------------------------------

==============================================================================


      Code (inc. data)   RO Data    RW Data    ZI Data      Debug   

     27976       3664       3104         16       8680     332798   Grand Totals
     27976       3664       3104         16       8680     332798   ELF Image Totals
     27976       3664       3104         16          0          0   ROM Totals

==============================================================================

    Total RO  Size (Code + RO Data)                31080 (  30.35kB)
    Total RW  Size (RW Data + ZI Data)              8696 (   8.49kB)
    Total ROM Size (Code + RO Data + RW Data)      31096 (  30.37kB)

==============================================================================

