<!doctype html public "-//w3c//dtd html 4.0 transitional//en">
<html><head>
<title>Static Call Graph - [.\out_DA14531\Objects\empty_peripheral_template_531.axf]</title></head>
<body><HR>
<H1>Static Call Graph for image .\out_DA14531\Objects\empty_peripheral_template_531.axf</H1><HR>
<BR><P>#&#060CALLGRAPH&#062# ARM Linker, 6230001: Last Updated: Tue Apr 15 10:05:21 2025
<BR><P>
<H3>Maximum Stack Usage =        192 bytes + Unknown(Cycles, Untraceable Function Pointers)</H3><H3>
Call chain for Maximum Stack Depth:</H3>
main &rArr; conditionally_run_radio_cals &rArr; rf_recalibration &rArr; rf_ldo_calibration &rArr; _ldo_radio_calibration
<P>
<H3>
Mutually Recursive functions
</H3> <LI><a href="#[3]">SVC_Handler</a>&nbsp;&nbsp;&nbsp;&rArr;&nbsp;&nbsp;&nbsp;<a href="#[3]">SVC_Handler</a><BR>
 <LI><a href="#[4]">PendSV_Handler</a>&nbsp;&nbsp;&nbsp;&rArr;&nbsp;&nbsp;&nbsp;<a href="#[4]">PendSV_Handler</a><BR>
 <LI><a href="#[19]">DMA_Handler</a>&nbsp;&nbsp;&nbsp;&rArr;&nbsp;&nbsp;&nbsp;<a href="#[19]">DMA_Handler</a><BR>
 <LI><a href="#[132]">uart_write_byte</a>&nbsp;&nbsp;&nbsp;&rArr;&nbsp;&nbsp;&nbsp;<a href="#[132]">uart_write_byte</a><BR>
 <LI><a href="#[d1]">uart_wait_tx_finish</a>&nbsp;&nbsp;&nbsp;&rArr;&nbsp;&nbsp;&nbsp;<a href="#[d1]">uart_wait_tx_finish</a><BR>
</UL>
<P>
<H3>
Function Pointers
</H3><UL>
 <LI><a href="#[c]">ADC_Handler</a> from adc_531.o(.text) referenced from startup_da14531.o(RESET)
 <LI><a href="#[e]">BLE_RF_DIAG_Handler</a> from rwble.o(.text) referenced from startup_da14531.o(RESET)
 <LI><a href="#[6]">BLE_WAKEUP_LP_Handler</a> from rwble.o(.text) referenced from startup_da14531.o(RESET)
 <LI><a href="#[19]">DMA_Handler</a> from startup_da14531.o(.text) referenced from startup_da14531.o(RESET)
 <LI><a href="#[10]">GPIO0_Handler</a> from gpio.o(.text) referenced from startup_da14531.o(RESET)
 <LI><a href="#[11]">GPIO1_Handler</a> from gpio.o(.text) referenced from startup_da14531.o(RESET)
 <LI><a href="#[12]">GPIO2_Handler</a> from gpio.o(.text) referenced from startup_da14531.o(RESET)
 <LI><a href="#[13]">GPIO3_Handler</a> from gpio.o(.text) referenced from startup_da14531.o(RESET)
 <LI><a href="#[14]">GPIO4_Handler</a> from gpio.o(.text) referenced from startup_da14531.o(RESET)
 <LI><a href="#[3e]">GPIO_ConfigurePin</a> from gpio.o(.text) referenced from user_periph_setup.o(.text)
 <LI><a href="#[2]">HardFault_Handler</a> from startup_da14531.o(.text) referenced from startup_da14531.o(RESET)
 <LI><a href="#[22]">HardFault_HandlerC</a> from hardfault_handler.o(.text.HardFault_HandlerC) referenced from startup_da14531.o(.text)
 <LI><a href="#[a]">I2C_Handler</a> from i2c.o(.text) referenced from startup_da14531.o(RESET)
 <LI><a href="#[aa]">JT_l2cc_pdu_recv_ind_handler_func</a> from patch_1.o(.text) referenced from jump_table.o(.rodata.rom_func_addr_table_var)
 <LI><a href="#[a7]">JT_l2cc_pdu_unpack_func</a> from patch_1.o(.text) referenced from jump_table.o(.rodata.rom_func_addr_table_var)
 <LI><a href="#[9a]">JT_lld_test_mode_rx_func</a> from patch_1.o(.text) referenced from jump_table.o(.rodata.rom_func_addr_table_var)
 <LI><a href="#[d]">KEYBRD_Handler</a> from startup_da14531.o(.text) referenced from startup_da14531.o(RESET)
 <LI><a href="#[1]">NMI_Handler</a> from startup_da14531.o(.text) referenced from startup_da14531.o(RESET)
 <LI><a href="#[21]">NMI_HandlerC</a> from nmi_handler.o(.text.NMI_HandlerC) referenced from startup_da14531.o(.text)
 <LI><a href="#[67]">PATCHED_llc_data_ind_handler</a> from patch_1.o(.text) referenced from system_library_531.o(.rodata.my_custom_msg_handlers)
 <LI><a href="#[68]">PATCHED_lld_data_ind_handler</a> from patch_1.o(.text) referenced from system_library_531.o(.rodata.my_custom_msg_handlers)
 <LI><a href="#[26]">PATCHED_llm_con_req_ind</a> from patch_1.o(.text) referenced from system_library_531.o(.text)
 <LI><a href="#[27]">PATCHED_smpc_recv_pair_rand_pdu</a> from patch_1.o(.text) referenced from system_library_531.o(.text)
 <LI><a href="#[28]">PATCHED_smpc_recv_public_key_exchange_pdu</a> from patch_1.o(.text) referenced from system_library_531.o(.text)
 <LI><a href="#[b0]">PK_PointMult_func</a> from da14531_symbols.txt(ABSOLUTE) referenced from jump_table.o(.rodata.rom_func_addr_table_var)
 <LI><a href="#[4]">PendSV_Handler</a> from startup_da14531.o(.text) referenced from startup_da14531.o(RESET)
 <LI><a href="#[32]">RADIOCNTL_Handler</a> from ble_arp.o(.text) referenced from ble_arp.o(.text)
 <LI><a href="#[1b]">RESERVED21_Handler</a> from startup_da14531.o(.text) referenced from startup_da14531.o(RESET)
 <LI><a href="#[1c]">RESERVED22_Handler</a> from startup_da14531.o(.text) referenced from startup_da14531.o(RESET)
 <LI><a href="#[1d]">RESERVED23_Handler</a> from startup_da14531.o(.text) referenced from startup_da14531.o(RESET)
 <LI><a href="#[f]">RFCAL_Handler</a> from startup_da14531.o(.text) referenced from startup_da14531.o(RESET)
 <LI><a href="#[18]">RTC_Handler</a> from startup_da14531.o(.text) referenced from startup_da14531.o(RESET)
 <LI><a href="#[0]">Reset_Handler</a> from startup_da14531.o(.text) referenced from startup_da14531.o(RESET)
 <LI><a href="#[b]">SPI_Handler</a> from startup_da14531.o(.text) referenced from startup_da14531.o(RESET)
 <LI><a href="#[3]">SVC_Handler</a> from startup_da14531.o(.text) referenced from startup_da14531.o(RESET)
 <LI><a href="#[17]">SWTIM1_Handler</a> from startup_da14531.o(.text) referenced from startup_da14531.o(RESET)
 <LI><a href="#[15]">SWTIM_Handler</a> from startup_da14531.o(.text) referenced from startup_da14531.o(RESET)
 <LI><a href="#[5]">SysTick_Handler</a> from systick.o(.text) referenced from startup_da14531.o(RESET)
 <LI><a href="#[1f]">SystemInit</a> from system_da14531.o(system_DA14xxx) referenced from startup_da14531.o(.text)
 <LI><a href="#[9]">UART2_Handler</a> from uart.o(.text) referenced from startup_da14531.o(RESET)
 <LI><a href="#[8]">UART_Handler</a> from da14531_symbols.txt(ABSOLUTE) referenced from startup_da14531.o(RESET)
 <LI><a href="#[7b]">UART_Handler_func</a> from da14531_symbols.txt(ABSOLUTE) referenced from jump_table.o(.rodata.rom_func_addr_table_var)
 <LI><a href="#[16]">WKUP_QUADEC_Handler</a> from wkupct_quadec.o(.text) referenced from startup_da14531.o(RESET)
 <LI><a href="#[1a]">XTAL32M_RDY_Handler</a> from startup_da14531.o(.text) referenced from startup_da14531.o(RESET)
 <LI><a href="#[3a]">_WAIT10</a> from common.o(.text) referenced from rf_531.o(.text)
 <LI><a href="#[38]">_WAIT400</a> from common.o(.text) referenced from rf_531.o(.text)
 <LI><a href="#[20]">__main</a> from entry.o(.ARM.Collect$$$$00000000) referenced from startup_da14531.o(.text)
 <LI><a href="#[5d]">app_custs1_create_db</a> from app_customs.o(.text) referenced from user_custs_config.o(.rodata.cust_prf_funcs)
 <LI><a href="#[54]">app_custs1_process_handler</a> from app_customs_task.o(.text) referenced from app_entry_point.o(.rodata.app_process_handlers)
 <LI><a href="#[6d]">app_db_init_next</a> from app.o(.text) referenced from app_entry_point.o(.rodata.rom_app_task_cfg)
 <LI><a href="#[69]">app_diss_create_db</a> from app_diss.o(.text) referenced from app.o(.rodata.prf_funcs)
 <LI><a href="#[53]">app_diss_process_handler</a> from app_diss_task.o(.text) referenced from app_entry_point.o(.rodata.app_process_handlers)
 <LI><a href="#[3b]">app_easy_gap_advertise_stop_handler</a> from app.o(.text) referenced from app.o(.text)
 <LI><a href="#[6c]">app_easy_gap_dev_configure</a> from app.o(.text) referenced from app_entry_point.o(.rodata.rom_app_task_cfg)
 <LI><a href="#[4f]">app_gap_process_handler</a> from app_task.o(.text) referenced from app_entry_point.o(.rodata.app_process_handlers)
 <LI><a href="#[51]">app_msg_utils_api_process_handler</a> from app_easy_msg_utils.o(.text) referenced from app_entry_point.o(.rodata.app_process_handlers)
 <LI><a href="#[52]">app_sec_process_handler</a> from app_security_task.o(.text) referenced from app_entry_point.o(.rodata.app_process_handlers)
 <LI><a href="#[50]">app_timer_api_process_handler</a> from app_easy_timer.o(.text) referenced from app_entry_point.o(.rodata.app_process_handlers)
 <LI><a href="#[71]">arch_force_active_mode</a> from arch_sleep.o(.text) referenced from arch_console.o(.rodata.rom_console_cfg)
 <LI><a href="#[70]">arch_restore_sleep_mode</a> from arch_sleep.o(.text) referenced from arch_console.o(.rodata.rom_console_cfg)
 <LI><a href="#[ad]">attc_l2cc_pdu_recv_handler_func</a> from da14531_symbols.txt(ABSOLUTE) referenced from jump_table.o(.rodata.rom_func_addr_table_var)
 <LI><a href="#[ac]">atts_l2cc_pdu_recv_handler_func</a> from da14531_symbols.txt(ABSOLUTE) referenced from jump_table.o(.rodata.rom_func_addr_table_var)
 <LI><a href="#[bb]">ba431_get_rand_func</a> from jump_table.o(.text) referenced from jump_table.o(.rodata.rom_func_addr_table_var)
 <LI><a href="#[bf]">ble_init_arp_func</a> from ble_arp.o(.text) referenced from jump_table.o(.rodata.rom_func_addr_table_var)
 <LI><a href="#[ae]">crypto_init_func</a> from jump_table.o(.text) referenced from jump_table.o(.rodata.rom_func_addr_table_var)
 <LI><a href="#[65]">custs1_att_info_rsp_handler</a> from da14531_symbols.txt(ABSOLUTE) referenced from custs1_task.o(.rodata.custs1_default_state)
 <LI><a href="#[6b]">custs1_prf_itf_get</a> from da14531_symbols.txt(ABSOLUTE) referenced from prf.o(.rodata.prf_if)
 <LI><a href="#[64]">custs1_val_ind_req_handler</a> from da14531_symbols.txt(ABSOLUTE) referenced from custs1_task.o(.rodata.custs1_default_state)
 <LI><a href="#[62]">custs1_val_ntf_req_handler</a> from da14531_symbols.txt(ABSOLUTE) referenced from custs1_task.o(.rodata.custs1_default_state)
 <LI><a href="#[63]">custs1_val_set_req_handler</a> from da14531_symbols.txt(ABSOLUTE) referenced from custs1_task.o(.rodata.custs1_default_state)
 <LI><a href="#[66]">custs1_value_req_rsp_handler</a> from custs1_task.o(.text) referenced from custs1_task.o(.rodata.custs1_default_state)
 <LI><a href="#[72]">custs_get_func_callbacks</a> from app_customs.o(.text) referenced from custs1.o(.rodata.rom_cust_prf_cfg)
 <LI><a href="#[a3]">dbg_init_func_empty</a> from jump_table.o(.text) referenced from jump_table.o(.rodata.rom_func_addr_table_var)
 <LI><a href="#[a4]">dbg_platform_reset_complete_func_empty</a> from jump_table.o(.text) referenced from jump_table.o(.rodata.rom_func_addr_table_var)
 <LI><a href="#[c9]">default_app_generate_static_random_addr</a> from app_default_handlers.o(.text) referenced from app_entry_point.o(.rodata.user_app_callbacks)
 <LI><a href="#[c3]">default_app_on_db_init_complete</a> from app_default_handlers.o(.text) referenced from app_entry_point.o(.rodata.user_app_callbacks)
 <LI><a href="#[c5]">default_app_on_get_dev_appearance</a> from app_default_handlers.o(.text) referenced from app_entry_point.o(.rodata.user_app_callbacks)
 <LI><a href="#[c4]">default_app_on_get_dev_name</a> from app_default_handlers.o(.text) referenced from app_entry_point.o(.rodata.user_app_callbacks)
 <LI><a href="#[c6]">default_app_on_get_dev_slv_pref_params</a> from app_default_handlers.o(.text) referenced from app_entry_point.o(.rodata.user_app_callbacks)
 <LI><a href="#[cc]">default_app_on_ltk_exch</a> from app_default_handlers.o(.text) referenced from app_entry_point.o(.rodata.user_app_callbacks)
 <LI><a href="#[ca]">default_app_on_pairing_request</a> from app_default_handlers.o(.text) referenced from app_entry_point.o(.rodata.user_app_callbacks)
 <LI><a href="#[c2]">default_app_on_set_dev_config_complete</a> from app_default_handlers.o(.text) referenced from app_entry_point.o(.rodata.user_app_callbacks)
 <LI><a href="#[c7]">default_app_on_set_dev_info</a> from app_default_handlers.o(.text) referenced from app_entry_point.o(.rodata.user_app_callbacks)
 <LI><a href="#[cb]">default_app_on_tk_exch</a> from app_default_handlers.o(.text) referenced from app_entry_point.o(.rodata.user_app_callbacks)
 <LI><a href="#[c8]">default_app_update_params_request</a> from app_default_handlers.o(.text) referenced from app_entry_point.o(.rodata.user_app_callbacks)
 <LI><a href="#[b9]">dia_rand_func</a> from jump_table.o(.text) referenced from jump_table.o(.rodata.rom_func_addr_table_var)
 <LI><a href="#[ba]">dia_srand_func</a> from jump_table.o(.text) referenced from jump_table.o(.rodata.rom_func_addr_table_var)
 <LI><a href="#[39]">dis_adpll</a> from rf_531.o(.text) referenced from rf_531.o(.text)
 <LI><a href="#[36]">dis_hclk</a> from rf_531.o(.text) referenced from rf_531.o(.text)
 <LI><a href="#[6a]">diss_prf_itf_get</a> from da14531_symbols.txt(ABSOLUTE) referenced from prf.o(.rodata.prf_if)
 <LI><a href="#[40]">diss_value_req_ind_handler</a> from app_diss_task.o(.text) referenced from app_diss_task.o(.rodata.app_diss_process_handlers)
 <LI><a href="#[37]">en_adpll_tx</a> from rf_531.o(.text) referenced from rf_531.o(.text)
 <LI><a href="#[56]">gapc_bond_ind_handler</a> from app_security_task.o(.text) referenced from app_security_task.o(.rodata.app_sec_process_handlers)
 <LI><a href="#[55]">gapc_bond_req_ind_handler</a> from app_security_task.o(.text) referenced from app_security_task.o(.rodata.app_sec_process_handlers)
 <LI><a href="#[43]">gapc_cmp_evt_handler</a> from app_task.o(.text) referenced from app_task.o(.rodata.app_gap_process_handlers)
 <LI><a href="#[44]">gapc_connection_req_ind_handler</a> from app_task.o(.text) referenced from app_task.o(.rodata.app_gap_process_handlers)
 <LI><a href="#[45]">gapc_disconnect_ind_handler</a> from app_task.o(.text) referenced from app_task.o(.rodata.app_gap_process_handlers)
 <LI><a href="#[58]">gapc_encrypt_ind_handler</a> from app_security_task.o(.text) referenced from app_security_task.o(.rodata.app_sec_process_handlers)
 <LI><a href="#[57]">gapc_encrypt_req_ind_handler</a> from app_security_task.o(.text) referenced from app_security_task.o(.rodata.app_sec_process_handlers)
 <LI><a href="#[46]">gapc_get_dev_info_req_ind_handler</a> from app_task.o(.text) referenced from app_task.o(.rodata.app_gap_process_handlers)
 <LI><a href="#[4b]">gapc_le_pkt_size_ind_handler_ROM</a> from da14531_symbols.txt(ABSOLUTE) referenced from app_task.o(.rodata.app_gap_process_handlers)
 <LI><a href="#[ab]">gapc_lecb_connect_cfm_handler_func</a> from da14531_symbols.txt(ABSOLUTE) referenced from jump_table.o(.rodata.rom_func_addr_table_var)
 <LI><a href="#[4a]">gapc_param_update_req_ind_handler_ROM</a> from da14531_symbols.txt(ABSOLUTE) referenced from app_task.o(.rodata.app_gap_process_handlers)
 <LI><a href="#[4d]">gapc_peer_features_ind_handler_ROM</a> from da14531_symbols.txt(ABSOLUTE) referenced from app_task.o(.rodata.app_gap_process_handlers)
 <LI><a href="#[4e]">gapc_security_ind_handler_ROM</a> from da14531_symbols.txt(ABSOLUTE) referenced from app_task.o(.rodata.app_gap_process_handlers)
 <LI><a href="#[47]">gapc_set_dev_info_req_ind_handler_ROM</a> from da14531_symbols.txt(ABSOLUTE) referenced from app_task.o(.rodata.app_gap_process_handlers)
 <LI><a href="#[59]">gapm_addr_solved_ind_handler</a> from app_security_task.o(.text) referenced from app_security_task.o(.rodata.app_sec_process_handlers)
 <LI><a href="#[49]">gapm_adv_report_ind_handler_ROM</a> from da14531_symbols.txt(ABSOLUTE) referenced from app_task.o(.rodata.app_gap_process_handlers)
 <LI><a href="#[42]">gapm_cmp_evt_handler</a> from app_task.o(.text) referenced from app_task.o(.rodata.app_gap_process_handlers)
 <LI><a href="#[41]">gapm_device_ready_ind_handler</a> from app_task.o(.text) referenced from app_task.o(.rodata.app_gap_process_handlers)
 <LI><a href="#[48]">gapm_profile_added_ind_handler_ROM</a> from da14531_symbols.txt(ABSOLUTE) referenced from app_task.o(.rodata.app_gap_process_handlers)
 <LI><a href="#[5b]">gapm_ral_addr_ind_handler</a> from app_security_task.o(.text) referenced from app_security_task.o(.rodata.app_sec_process_handlers)
 <LI><a href="#[5a]">gapm_ral_size_ind_handler</a> from app_security_task.o(.text) referenced from app_security_task.o(.rodata.app_sec_process_handlers)
 <LI><a href="#[60]">gattc_att_info_req_ind_handler</a> from da14531_symbols.txt(ABSOLUTE) referenced from custs1_task.o(.rodata.custs1_default_state)
 <LI><a href="#[61]">gattc_cmp_evt_handler</a> from da14531_symbols.txt(ABSOLUTE) referenced from custs1_task.o(.rodata.custs1_default_state)
 <LI><a href="#[5e]">gattc_read_req_ind_handler</a> from da14531_symbols.txt(ABSOLUTE) referenced from custs1_task.o(.rodata.custs1_default_state)
 <LI><a href="#[4c]">gattc_svc_changed_cfg_ind_handler_ROM</a> from da14531_symbols.txt(ABSOLUTE) referenced from app_task.o(.rodata.app_gap_process_handlers)
 <LI><a href="#[5f]">gattc_write_req_ind_handler</a> from custs1_task.o(.text) referenced from custs1_task.o(.rodata.custs1_default_state)
 <LI><a href="#[3f]">gpadc_timer_cb</a> from user_empty_peripheral_template.o(.text) referenced 2 times from user_empty_peripheral_template.o(.text)
 <LI><a href="#[29]">gpioshift16</a> from gpio.o(.text) referenced from gpio.o(.text)
 <LI><a href="#[7d]">gtl_eif_init_func</a> from da14531_symbols.txt(ABSOLUTE) referenced from jump_table.o(.rodata.rom_func_addr_table_var)
 <LI><a href="#[7f]">gtl_eif_read_hdr_func</a> from da14531_symbols.txt(ABSOLUTE) referenced from jump_table.o(.rodata.rom_func_addr_table_var)
 <LI><a href="#[80]">gtl_eif_read_payl_func</a> from da14531_symbols.txt(ABSOLUTE) referenced from jump_table.o(.rodata.rom_func_addr_table_var)
 <LI><a href="#[7e]">gtl_eif_read_start_func</a> from da14531_symbols.txt(ABSOLUTE) referenced from jump_table.o(.rodata.rom_func_addr_table_var)
 <LI><a href="#[82]">gtl_eif_rx_done_func</a> from da14531_symbols.txt(ABSOLUTE) referenced from jump_table.o(.rodata.rom_func_addr_table_var)
 <LI><a href="#[81]">gtl_eif_tx_done_func</a> from da14531_symbols.txt(ABSOLUTE) referenced from jump_table.o(.rodata.rom_func_addr_table_var)
 <LI><a href="#[7c]">gtl_init_func</a> from da14531_symbols.txt(ABSOLUTE) referenced from jump_table.o(.rodata.rom_func_addr_table_var)
 <LI><a href="#[83]">h4tl_init_func</a> from da14531_symbols.txt(ABSOLUTE) referenced from jump_table.o(.rodata.rom_func_addr_table_var)
 <LI><a href="#[88]">h4tl_out_of_sync_func</a> from da14531_symbols.txt(ABSOLUTE) referenced from jump_table.o(.rodata.rom_func_addr_table_var)
 <LI><a href="#[85]">h4tl_read_hdr_func</a> from da14531_symbols.txt(ABSOLUTE) referenced from jump_table.o(.rodata.rom_func_addr_table_var)
 <LI><a href="#[87]">h4tl_read_next_out_of_sync_func</a> from da14531_symbols.txt(ABSOLUTE) referenced from jump_table.o(.rodata.rom_func_addr_table_var)
 <LI><a href="#[86]">h4tl_read_payl_func</a> from da14531_symbols.txt(ABSOLUTE) referenced from jump_table.o(.rodata.rom_func_addr_table_var)
 <LI><a href="#[84]">h4tl_read_start_func</a> from da14531_symbols.txt(ABSOLUTE) referenced from jump_table.o(.rodata.rom_func_addr_table_var)
 <LI><a href="#[8a]">h4tl_rx_done_func</a> from da14531_symbols.txt(ABSOLUTE) referenced from jump_table.o(.rodata.rom_func_addr_table_var)
 <LI><a href="#[89]">h4tl_tx_done_func</a> from da14531_symbols.txt(ABSOLUTE) referenced from jump_table.o(.rodata.rom_func_addr_table_var)
 <LI><a href="#[a5]">hci_rd_local_supp_feats_cmd_handler_func</a> from da14531_symbols.txt(ABSOLUTE) referenced from jump_table.o(.rodata.rom_func_addr_table_var)
 <LI><a href="#[2b]">intr_master_receive_buffer_handler</a> from i2c.o(.text) referenced from i2c.o(.text)
 <LI><a href="#[2a]">intr_master_transmit_buffer_handler</a> from i2c.o(.text) referenced from i2c.o(.text)
 <LI><a href="#[2c]">intr_slave_receive_buffer_handler</a> from i2c.o(.text) referenced from i2c.o(.text)
 <LI><a href="#[2d]">intr_slave_transmit_buffer_handler</a> from i2c.o(.text) referenced from i2c.o(.text)
 <LI><a href="#[8b]">ke_task_init_func</a> from da14531_symbols.txt(ABSOLUTE) referenced from jump_table.o(.rodata.rom_func_addr_table_var)
 <LI><a href="#[8c]">ke_timer_init_func</a> from da14531_symbols.txt(ABSOLUTE) referenced from jump_table.o(.rodata.rom_func_addr_table_var)
 <LI><a href="#[a9]">l2c_process_sdu_func</a> from da14531_symbols.txt(ABSOLUTE) referenced from jump_table.o(.rodata.rom_func_addr_table_var)
 <LI><a href="#[a8]">l2c_send_lecb_message_func</a> from da14531_symbols.txt(ABSOLUTE) referenced from jump_table.o(.rodata.rom_func_addr_table_var)
 <LI><a href="#[a6]">l2cc_pdu_pack_func</a> from da14531_symbols.txt(ABSOLUTE) referenced from jump_table.o(.rodata.rom_func_addr_table_var)
 <LI><a href="#[b5]">llc_le_length_conn_init_func</a> from da14531_symbols.txt(ABSOLUTE) referenced from jump_table.o(.rodata.rom_func_addr_table_var)
 <LI><a href="#[b4]">llc_le_length_effective_func</a> from da14531_symbols.txt(ABSOLUTE) referenced from jump_table.o(.rodata.rom_func_addr_table_var)
 <LI><a href="#[b8]">llc_pdu_send_func</a> from da14531_symbols.txt(ABSOLUTE) referenced from jump_table.o(.rodata.rom_func_addr_table_var)
 <LI><a href="#[b7]">lld_data_tx_check_func</a> from da14531_symbols.txt(ABSOLUTE) referenced from jump_table.o(.rodata.rom_func_addr_table_var)
 <LI><a href="#[b6]">lld_data_tx_prog_func</a> from da14531_symbols.txt(ABSOLUTE) referenced from jump_table.o(.rodata.rom_func_addr_table_var)
 <LI><a href="#[94]">lld_sleep_compensate_func</a> from rwble.o(.text) referenced from jump_table.o(.rodata.rom_func_addr_table_var)
 <LI><a href="#[95]">lld_sleep_init_func</a> from arch_system.o(.text) referenced from jump_table.o(.rodata.rom_func_addr_table_var)
 <LI><a href="#[97]">lld_sleep_lpcycles_2_us_sel_func</a> from arch_system.o(.text) referenced from jump_table.o(.rodata.rom_func_addr_table_var)
 <LI><a href="#[96]">lld_sleep_us_2_lpcycles_sel_func</a> from arch_system.o(.text) referenced from jump_table.o(.rodata.rom_func_addr_table_var)
 <LI><a href="#[99]">lld_test_mode_tx_func</a> from da14531_symbols.txt(ABSOLUTE) referenced from jump_table.o(.rodata.rom_func_addr_table_var)
 <LI><a href="#[98]">lld_test_stop_func</a> from da14531_symbols.txt(ABSOLUTE) referenced from jump_table.o(.rodata.rom_func_addr_table_var)
 <LI><a href="#[23]">llm_con_req_ind</a> from da14531_symbols.txt(ABSOLUTE) referenced from system_library_531.o(.text)
 <LI><a href="#[b2]">llm_create_p256_key_func</a> from da14531_symbols.txt(ABSOLUTE) referenced from jump_table.o(.rodata.rom_func_addr_table_var)
 <LI><a href="#[8d]">llm_encryption_done_func</a> from da14531_symbols.txt(ABSOLUTE) referenced from jump_table.o(.rodata.rom_func_addr_table_var)
 <LI><a href="#[af]">llm_le_adv_report_ind_func</a> from da14531_symbols.txt(ABSOLUTE) referenced from jump_table.o(.rodata.rom_func_addr_table_var)
 <LI><a href="#[b3]">llm_p256_req_handler_func</a> from da14531_symbols.txt(ABSOLUTE) referenced from jump_table.o(.rodata.rom_func_addr_table_var)
 <LI><a href="#[b1]">llm_p256_start_func</a> from da14531_symbols.txt(ABSOLUTE) referenced from jump_table.o(.rodata.rom_func_addr_table_var)
 <LI><a href="#[1e]">main</a> from arch_main.o(.text) referenced from entry9a.o(.ARM.Collect$$$$0000000B)
 <LI><a href="#[90]">nvds_del_func</a> from da14531_symbols.txt(ABSOLUTE) referenced from jump_table.o(.rodata.rom_func_addr_table_var)
 <LI><a href="#[8e]">nvds_get_func</a> from da14531_symbols.txt(ABSOLUTE) referenced from jump_table.o(.rodata.rom_func_addr_table_var)
 <LI><a href="#[91]">nvds_init_func</a> from da14531_symbols.txt(ABSOLUTE) referenced from jump_table.o(.rodata.rom_func_addr_table_var)
 <LI><a href="#[8f]">nvds_put_func</a> from da14531_symbols.txt(ABSOLUTE) referenced from jump_table.o(.rodata.rom_func_addr_table_var)
 <LI><a href="#[93]">platform_reset_func</a> from jump_table.o(.text) referenced from jump_table.o(.rodata.rom_func_addr_table_var)
 <LI><a href="#[9e]">prf_add_profile_func</a> from da14531_symbols.txt(ABSOLUTE) referenced from jump_table.o(.rodata.rom_func_addr_table_var)
 <LI><a href="#[a0]">prf_cleanup_func</a> from da14531_symbols.txt(ABSOLUTE) referenced from jump_table.o(.rodata.rom_func_addr_table_var)
 <LI><a href="#[9f]">prf_create_func</a> from prf.o(.text) referenced from jump_table.o(.rodata.rom_func_addr_table_var)
 <LI><a href="#[a1]">prf_get_id_from_task_func</a> from da14531_symbols.txt(ABSOLUTE) referenced from jump_table.o(.rodata.rom_func_addr_table_var)
 <LI><a href="#[a2]">prf_get_task_from_id_func</a> from da14531_symbols.txt(ABSOLUTE) referenced from jump_table.o(.rodata.rom_func_addr_table_var)
 <LI><a href="#[9d]">prf_init_func</a> from prf.o(.text) referenced from jump_table.o(.rodata.rom_func_addr_table_var)
 <LI><a href="#[35]">rf_force_agc_enable</a> from ble_arp.o(.text) referenced from ble_arp.o(.text)
 <LI><a href="#[73]">rf_init_func</a> from ble_arp.o(.text) referenced from jump_table.o(.rodata.rom_func_addr_table_var)
 <LI><a href="#[2f]">rf_reg_rd</a> from ble_arp.o(.text) referenced from ble_arp.o(.text)
 <LI><a href="#[2e]">rf_reg_wr</a> from ble_arp.o(.text) referenced from ble_arp.o(.text)
 <LI><a href="#[74]">rf_reinit_func</a> from ble_arp.o(.text) referenced from jump_table.o(.rodata.rom_func_addr_table_var)
 <LI><a href="#[33]">rf_reset</a> from ble_arp.o(.text) referenced from ble_arp.o(.text)
 <LI><a href="#[34]">rf_rssi_convert</a> from ble_arp.o(.text) referenced from ble_arp.o(.text)
 <LI><a href="#[31]">rf_sleep</a> from ble_arp.o(.text) referenced from ble_arp.o(.text)
 <LI><a href="#[30]">rf_txpwr_dbm_get</a> from ble_arp.o(.text) referenced from ble_arp.o(.text)
 <LI><a href="#[7]">rwble_isr</a> from rwble.o(.text) referenced from startup_da14531.o(RESET)
 <LI><a href="#[92]">rwip_eif_get_func</a> from da14531_symbols.txt(ABSOLUTE) referenced from jump_table.o(.rodata.rom_func_addr_table_var)
 <LI><a href="#[9b]">smpc_check_param_func</a> from da14531_symbols.txt(ABSOLUTE) referenced from jump_table.o(.rodata.rom_func_addr_table_var)
 <LI><a href="#[bd]">smpc_dhkey_calc_ind_func</a> from da14531_symbols.txt(ABSOLUTE) referenced from jump_table.o(.rodata.rom_func_addr_table_var)
 <LI><a href="#[9c]">smpc_pdu_recv_func</a> from da14531_symbols.txt(ABSOLUTE) referenced from jump_table.o(.rodata.rom_func_addr_table_var)
 <LI><a href="#[bc]">smpc_public_key_exchange_start_func</a> from da14531_symbols.txt(ABSOLUTE) referenced from jump_table.o(.rodata.rom_func_addr_table_var)
 <LI><a href="#[24]">smpc_recv_pair_rand_pdu</a> from da14531_symbols.txt(ABSOLUTE) referenced from system_library_531.o(.text)
 <LI><a href="#[25]">smpc_recv_public_key_exchange_pdu</a> from da14531_symbols.txt(ABSOLUTE) referenced from system_library_531.o(.text)
 <LI><a href="#[be]">smpm_ecdh_key_create_func</a> from da14531_symbols.txt(ABSOLUTE) referenced from jump_table.o(.rodata.rom_func_addr_table_var)
 <LI><a href="#[3d]">timer_canceled_handler</a> from app_easy_timer.o(.text) referenced 3 times from app_easy_timer.o(.text)
 <LI><a href="#[3c]">timer_modified_handler</a> from app_easy_timer.o(.text) referenced 2 times from app_easy_timer.o(.text)
 <LI><a href="#[6f]">uart_finish_transfers_adapt</a> from arch_console.o(.text) referenced from arch_console.o(.rodata.rom_console_cfg)
 <LI><a href="#[78]">uart_finish_transfers_func</a> from da14531_symbols.txt(ABSOLUTE) referenced from jump_table.o(.rodata.rom_func_addr_table_var)
 <LI><a href="#[77]">uart_flow_off_func</a> from da14531_symbols.txt(ABSOLUTE) referenced from jump_table.o(.rodata.rom_func_addr_table_var)
 <LI><a href="#[76]">uart_flow_on_func</a> from da14531_symbols.txt(ABSOLUTE) referenced from jump_table.o(.rodata.rom_func_addr_table_var)
 <LI><a href="#[75]">uart_init_func</a> from da14531_symbols.txt(ABSOLUTE) referenced from jump_table.o(.rodata.rom_func_addr_table_var)
 <LI><a href="#[79]">uart_read_func</a> from da14531_symbols.txt(ABSOLUTE) referenced from jump_table.o(.rodata.rom_func_addr_table_var)
 <LI><a href="#[6e]">uart_write_adapt</a> from arch_console.o(.text) referenced from arch_console.o(.rodata.rom_console_cfg)
 <LI><a href="#[7a]">uart_write_func</a> from da14531_symbols.txt(ABSOLUTE) referenced from jump_table.o(.rodata.rom_func_addr_table_var)
 <LI><a href="#[5c]">user_catch_rest_hndl</a> from user_empty_peripheral_template.o(.text) referenced from app_entry_point.o(.rodata.catch_rest)
 <LI><a href="#[5c]">user_catch_rest_hndl</a> from user_empty_peripheral_template.o(.text) referenced from app_entry_point.o(.rodata.rom_app_task_cfg)
 <LI><a href="#[c0]">user_on_connection</a> from user_empty_peripheral_template.o(.text) referenced from app_entry_point.o(.rodata.user_app_callbacks)
 <LI><a href="#[c1]">user_on_disconnect</a> from user_empty_peripheral_template.o(.text) referenced from app_entry_point.o(.rodata.user_app_callbacks)
</UL>
<P>
<H3>
Global Symbols
</H3>
<P><STRONG><a name="[92]"></a>rwip_eif_get_func</STRONG> (Thumb, 0 bytes, Stack size 0 bytes, da14531_symbols.txt(ABSOLUTE), UNUSED)
<BR>[Address Reference Count : 1]<UL><LI> jump_table.o(.rodata.rom_func_addr_table_var)
</UL>
<P><STRONG><a name="[fc]"></a>ble_init</STRONG> (Thumb, 0 bytes, Stack size 0 bytes, da14531_symbols.txt(ABSOLUTE))
<BR><BR>[Called By]<UL><LI><a href="#[d2]">&gt;&gt;</a>&nbsp;&nbsp;&nbsp;system_init
</UL>

<P><STRONG><a name="[15a]"></a>ble_regs_push</STRONG> (Thumb, 0 bytes, Stack size 0 bytes, da14531_symbols.txt(ABSOLUTE))
<BR><BR>[Called By]<UL><LI><a href="#[159]">&gt;&gt;</a>&nbsp;&nbsp;&nbsp;patched_ble_regs_push
</UL>

<P><STRONG><a name="[15b]"></a>ble_regs_pop</STRONG> (Thumb, 0 bytes, Stack size 0 bytes, da14531_symbols.txt(ABSOLUTE))
<BR><BR>[Called By]<UL><LI><a href="#[14b]">&gt;&gt;</a>&nbsp;&nbsp;&nbsp;patched_ble_regs_pop
</UL>

<P><STRONG><a name="[155]"></a>rf_reinit</STRONG> (Thumb, 0 bytes, Stack size 0 bytes, da14531_symbols.txt(ABSOLUTE))
<BR><BR>[Called By]<UL><LI><a href="#[7]">&gt;&gt;</a>&nbsp;&nbsp;&nbsp;rwble_isr
</UL>

<P><STRONG><a name="[1f9]"></a>smpc_pdu_recv</STRONG> (Thumb, 0 bytes, Stack size 0 bytes, da14531_symbols.txt(ABSOLUTE))
<BR><BR>[Called By]<UL><LI><a href="#[aa]">&gt;&gt;</a>&nbsp;&nbsp;&nbsp;JT_l2cc_pdu_recv_ind_handler_func
</UL>

<P><STRONG><a name="[8]"></a>UART_Handler</STRONG> (Thumb, 0 bytes, Stack size 0 bytes, da14531_symbols.txt(ABSOLUTE), UNUSED)
<BR>[Address Reference Count : 1]<UL><LI> startup_da14531.o(RESET)
</UL>
<P><STRONG><a name="[de]"></a>dia_rand</STRONG> (Thumb, 0 bytes, Stack size 0 bytes, da14531_symbols.txt(ABSOLUTE))
<BR><BR>[Called By]<UL><LI><a href="#[bb]">&gt;&gt;</a>&nbsp;&nbsp;&nbsp;ba431_get_rand_func
<LI><a href="#[1c1]">&gt;&gt;</a>&nbsp;&nbsp;&nbsp;app_sec_gen_tk
<LI><a href="#[197]">&gt;&gt;</a>&nbsp;&nbsp;&nbsp;app_sec_gen_ltk
<LI><a href="#[c9]">&gt;&gt;</a>&nbsp;&nbsp;&nbsp;default_app_generate_static_random_addr
</UL>

<P><STRONG><a name="[213]"></a>co_buf_rx_free</STRONG> (Thumb, 0 bytes, Stack size 0 bytes, da14531_symbols.txt(ABSOLUTE))
<BR><BR>[Called By]<UL><LI><a href="#[67]">&gt;&gt;</a>&nbsp;&nbsp;&nbsp;PATCHED_llc_data_ind_handler
</UL>

<P><STRONG><a name="[1fa]"></a>co_buf_rx_buffer_get</STRONG> (Thumb, 0 bytes, Stack size 0 bytes, da14531_symbols.txt(ABSOLUTE))
<BR><BR>[Called By]<UL><LI><a href="#[26]">&gt;&gt;</a>&nbsp;&nbsp;&nbsp;PATCHED_llm_con_req_ind
</UL>

<P><STRONG><a name="[1ff]"></a>co_buf_tx_buffer_get</STRONG> (Thumb, 0 bytes, Stack size 0 bytes, da14531_symbols.txt(ABSOLUTE))
<BR><BR>[Called By]<UL><LI><a href="#[26]">&gt;&gt;</a>&nbsp;&nbsp;&nbsp;PATCHED_llm_con_req_ind
</UL>

<P><STRONG><a name="[b4]"></a>llc_le_length_effective_func</STRONG> (Thumb, 0 bytes, Stack size 0 bytes, da14531_symbols.txt(ABSOLUTE), UNUSED)
<BR>[Address Reference Count : 1]<UL><LI> jump_table.o(.rodata.rom_func_addr_table_var)
</UL>
<P><STRONG><a name="[b5]"></a>llc_le_length_conn_init_func</STRONG> (Thumb, 0 bytes, Stack size 0 bytes, da14531_symbols.txt(ABSOLUTE), UNUSED)
<BR>[Address Reference Count : 1]<UL><LI> jump_table.o(.rodata.rom_func_addr_table_var)
</UL>
<P><STRONG><a name="[200]"></a>llc_le_con_cmp_evt_send</STRONG> (Thumb, 0 bytes, Stack size 0 bytes, da14531_symbols.txt(ABSOLUTE))
<BR><BR>[Called By]<UL><LI><a href="#[26]">&gt;&gt;</a>&nbsp;&nbsp;&nbsp;PATCHED_llm_con_req_ind
</UL>

<P><STRONG><a name="[208]"></a>llc_start</STRONG> (Thumb, 0 bytes, Stack size 0 bytes, da14531_symbols.txt(ABSOLUTE))
<BR><BR>[Called By]<UL><LI><a href="#[26]">&gt;&gt;</a>&nbsp;&nbsp;&nbsp;PATCHED_llm_con_req_ind
</UL>

<P><STRONG><a name="[215]"></a>llc_common_enc_key_ref_comp_evt_send</STRONG> (Thumb, 0 bytes, Stack size 0 bytes, da14531_symbols.txt(ABSOLUTE))
<BR><BR>[Called By]<UL><LI><a href="#[67]">&gt;&gt;</a>&nbsp;&nbsp;&nbsp;PATCHED_llc_data_ind_handler
</UL>

<P><STRONG><a name="[216]"></a>llc_common_enc_change_evt_send</STRONG> (Thumb, 0 bytes, Stack size 0 bytes, da14531_symbols.txt(ABSOLUTE))
<BR><BR>[Called By]<UL><LI><a href="#[67]">&gt;&gt;</a>&nbsp;&nbsp;&nbsp;PATCHED_llc_data_ind_handler
</UL>

<P><STRONG><a name="[b8]"></a>llc_pdu_send_func</STRONG> (Thumb, 0 bytes, Stack size 0 bytes, da14531_symbols.txt(ABSOLUTE), UNUSED)
<BR>[Address Reference Count : 1]<UL><LI> jump_table.o(.rodata.rom_func_addr_table_var)
</UL>
<P><STRONG><a name="[219]"></a>llc_lsto_timer_restart</STRONG> (Thumb, 0 bytes, Stack size 0 bytes, da14531_symbols.txt(ABSOLUTE))
<BR><BR>[Called By]<UL><LI><a href="#[68]">&gt;&gt;</a>&nbsp;&nbsp;&nbsp;PATCHED_lld_data_ind_handler
</UL>

<P><STRONG><a name="[21a]"></a>lld_data_ind_handler</STRONG> (Thumb, 0 bytes, Stack size 0 bytes, da14531_symbols.txt(ABSOLUTE))
<BR><BR>[Called By]<UL><LI><a href="#[68]">&gt;&gt;</a>&nbsp;&nbsp;&nbsp;PATCHED_lld_data_ind_handler
</UL>

<P><STRONG><a name="[1fb]"></a>llc_util_get_free_conhdl</STRONG> (Thumb, 0 bytes, Stack size 0 bytes, da14531_symbols.txt(ABSOLUTE))
<BR><BR>[Called By]<UL><LI><a href="#[26]">&gt;&gt;</a>&nbsp;&nbsp;&nbsp;PATCHED_llm_con_req_ind
</UL>

<P><STRONG><a name="[217]"></a>llc_util_dicon_procedure</STRONG> (Thumb, 0 bytes, Stack size 0 bytes, da14531_symbols.txt(ABSOLUTE))
<BR><BR>[Called By]<UL><LI><a href="#[67]">&gt;&gt;</a>&nbsp;&nbsp;&nbsp;PATCHED_llc_data_ind_handler
</UL>

<P><STRONG><a name="[209]"></a>llc_util_update_channel_map</STRONG> (Thumb, 0 bytes, Stack size 0 bytes, da14531_symbols.txt(ABSOLUTE))
<BR><BR>[Called By]<UL><LI><a href="#[26]">&gt;&gt;</a>&nbsp;&nbsp;&nbsp;PATCHED_llm_con_req_ind
</UL>

<P><STRONG><a name="[214]"></a>lld_get_mode</STRONG> (Thumb, 0 bytes, Stack size 0 bytes, da14531_symbols.txt(ABSOLUTE))
<BR><BR>[Called By]<UL><LI><a href="#[67]">&gt;&gt;</a>&nbsp;&nbsp;&nbsp;PATCHED_llc_data_ind_handler
</UL>

<P><STRONG><a name="[207]"></a>lld_move_to_slave</STRONG> (Thumb, 0 bytes, Stack size 0 bytes, da14531_symbols.txt(ABSOLUTE))
<BR><BR>[Called By]<UL><LI><a href="#[26]">&gt;&gt;</a>&nbsp;&nbsp;&nbsp;PATCHED_llm_con_req_ind
</UL>

<P><STRONG><a name="[153]"></a>lld_crypt_isr</STRONG> (Thumb, 0 bytes, Stack size 0 bytes, da14531_symbols.txt(ABSOLUTE))
<BR><BR>[Called By]<UL><LI><a href="#[7]">&gt;&gt;</a>&nbsp;&nbsp;&nbsp;rwble_isr
</UL>

<P><STRONG><a name="[99]"></a>lld_test_mode_tx_func</STRONG> (Thumb, 0 bytes, Stack size 0 bytes, da14531_symbols.txt(ABSOLUTE), UNUSED)
<BR>[Address Reference Count : 1]<UL><LI> jump_table.o(.rodata.rom_func_addr_table_var)
</UL>
<P><STRONG><a name="[98]"></a>lld_test_stop_func</STRONG> (Thumb, 0 bytes, Stack size 0 bytes, da14531_symbols.txt(ABSOLUTE), UNUSED)
<BR>[Address Reference Count : 1]<UL><LI> jump_table.o(.rodata.rom_func_addr_table_var)
</UL>
<P><STRONG><a name="[b7]"></a>lld_data_tx_check_func</STRONG> (Thumb, 0 bytes, Stack size 0 bytes, da14531_symbols.txt(ABSOLUTE), UNUSED)
<BR>[Address Reference Count : 1]<UL><LI> jump_table.o(.rodata.rom_func_addr_table_var)
</UL>
<P><STRONG><a name="[b6]"></a>lld_data_tx_prog_func</STRONG> (Thumb, 0 bytes, Stack size 0 bytes, da14531_symbols.txt(ABSOLUTE), UNUSED)
<BR>[Address Reference Count : 1]<UL><LI> jump_table.o(.rodata.rom_func_addr_table_var)
</UL>
<P><STRONG><a name="[201]"></a>lld_evt_elt_delete</STRONG> (Thumb, 0 bytes, Stack size 0 bytes, da14531_symbols.txt(ABSOLUTE))
<BR><BR>[Called By]<UL><LI><a href="#[26]">&gt;&gt;</a>&nbsp;&nbsp;&nbsp;PATCHED_llm_con_req_ind
</UL>

<P><STRONG><a name="[1f6]"></a>lld_evt_elt_insert</STRONG> (Thumb, 0 bytes, Stack size 0 bytes, da14531_symbols.txt(ABSOLUTE))
<BR><BR>[Called By]<UL><LI><a href="#[9a]">&gt;&gt;</a>&nbsp;&nbsp;&nbsp;JT_lld_test_mode_rx_func
</UL>

<P><STRONG><a name="[1f4]"></a>lld_evt_adv_create</STRONG> (Thumb, 0 bytes, Stack size 0 bytes, da14531_symbols.txt(ABSOLUTE))
<BR><BR>[Called By]<UL><LI><a href="#[9a]">&gt;&gt;</a>&nbsp;&nbsp;&nbsp;JT_lld_test_mode_rx_func
</UL>

<P><STRONG><a name="[152]"></a>lld_evt_timer_isr</STRONG> (Thumb, 0 bytes, Stack size 0 bytes, da14531_symbols.txt(ABSOLUTE))
<BR><BR>[Called By]<UL><LI><a href="#[7]">&gt;&gt;</a>&nbsp;&nbsp;&nbsp;rwble_isr
</UL>

<P><STRONG><a name="[14f]"></a>lld_evt_end_isr</STRONG> (Thumb, 0 bytes, Stack size 0 bytes, da14531_symbols.txt(ABSOLUTE))
<BR><BR>[Called By]<UL><LI><a href="#[7]">&gt;&gt;</a>&nbsp;&nbsp;&nbsp;rwble_isr
</UL>

<P><STRONG><a name="[14d]"></a>lld_evt_rx_isr</STRONG> (Thumb, 0 bytes, Stack size 0 bytes, da14531_symbols.txt(ABSOLUTE))
<BR><BR>[Called By]<UL><LI><a href="#[7]">&gt;&gt;</a>&nbsp;&nbsp;&nbsp;rwble_isr
</UL>

<P><STRONG><a name="[160]"></a>lld_sleep_enter</STRONG> (Thumb, 0 bytes, Stack size 0 bytes, da14531_symbols.txt(ABSOLUTE))
<BR><BR>[Called By]<UL><LI><a href="#[d8]">&gt;&gt;</a>&nbsp;&nbsp;&nbsp;rwip_sleep
</UL>

<P><STRONG><a name="[1f5]"></a>lld_util_freq2chnl</STRONG> (Thumb, 0 bytes, Stack size 0 bytes, da14531_symbols.txt(ABSOLUTE))
<BR><BR>[Called By]<UL><LI><a href="#[9a]">&gt;&gt;</a>&nbsp;&nbsp;&nbsp;JT_lld_test_mode_rx_func
</UL>

<P><STRONG><a name="[20a]"></a>llm_wl_from_rl_restore</STRONG> (Thumb, 0 bytes, Stack size 0 bytes, da14531_symbols.txt(ABSOLUTE))
<BR><BR>[Called By]<UL><LI><a href="#[26]">&gt;&gt;</a>&nbsp;&nbsp;&nbsp;PATCHED_llm_con_req_ind
</UL>

<P><STRONG><a name="[23]"></a>llm_con_req_ind</STRONG> (Thumb, 0 bytes, Stack size 0 bytes, da14531_symbols.txt(ABSOLUTE), UNUSED)
<BR>[Address Reference Count : 1]<UL><LI> system_library_531.o(.text)
</UL>
<P><STRONG><a name="[af]"></a>llm_le_adv_report_ind_func</STRONG> (Thumb, 0 bytes, Stack size 0 bytes, da14531_symbols.txt(ABSOLUTE), UNUSED)
<BR>[Address Reference Count : 1]<UL><LI> jump_table.o(.rodata.rom_func_addr_table_var)
</UL>
<P><STRONG><a name="[8d]"></a>llm_encryption_done_func</STRONG> (Thumb, 0 bytes, Stack size 0 bytes, da14531_symbols.txt(ABSOLUTE), UNUSED)
<BR>[Address Reference Count : 1]<UL><LI> jump_table.o(.rodata.rom_func_addr_table_var)
</UL>
<P><STRONG><a name="[b1]"></a>llm_p256_start_func</STRONG> (Thumb, 0 bytes, Stack size 0 bytes, da14531_symbols.txt(ABSOLUTE), UNUSED)
<BR>[Address Reference Count : 1]<UL><LI> jump_table.o(.rodata.rom_func_addr_table_var)
</UL>
<P><STRONG><a name="[b2]"></a>llm_create_p256_key_func</STRONG> (Thumb, 0 bytes, Stack size 0 bytes, da14531_symbols.txt(ABSOLUTE), UNUSED)
<BR>[Address Reference Count : 1]<UL><LI> jump_table.o(.rodata.rom_func_addr_table_var)
</UL>
<P><STRONG><a name="[203]"></a>llm_wlpub_addr_set</STRONG> (Thumb, 0 bytes, Stack size 0 bytes, da14531_symbols.txt(ABSOLUTE))
<BR><BR>[Called By]<UL><LI><a href="#[26]">&gt;&gt;</a>&nbsp;&nbsp;&nbsp;PATCHED_llm_con_req_ind
</UL>

<P><STRONG><a name="[204]"></a>llm_wlpriv_addr_set</STRONG> (Thumb, 0 bytes, Stack size 0 bytes, da14531_symbols.txt(ABSOLUTE))
<BR><BR>[Called By]<UL><LI><a href="#[26]">&gt;&gt;</a>&nbsp;&nbsp;&nbsp;PATCHED_llm_con_req_ind
</UL>

<P><STRONG><a name="[b3]"></a>llm_p256_req_handler_func</STRONG> (Thumb, 0 bytes, Stack size 0 bytes, da14531_symbols.txt(ABSOLUTE), UNUSED)
<BR>[Address Reference Count : 1]<UL><LI> jump_table.o(.rodata.rom_func_addr_table_var)
</UL>
<P><STRONG><a name="[a5]"></a>hci_rd_local_supp_feats_cmd_handler_func</STRONG> (Thumb, 0 bytes, Stack size 0 bytes, da14531_symbols.txt(ABSOLUTE), UNUSED)
<BR>[Address Reference Count : 1]<UL><LI> jump_table.o(.rodata.rom_func_addr_table_var)
</UL>
<P><STRONG><a name="[202]"></a>llm_util_bd_addr_in_wl</STRONG> (Thumb, 0 bytes, Stack size 0 bytes, da14531_symbols.txt(ABSOLUTE))
<BR><BR>[Called By]<UL><LI><a href="#[26]">&gt;&gt;</a>&nbsp;&nbsp;&nbsp;PATCHED_llm_con_req_ind
</UL>

<P><STRONG><a name="[205]"></a>llm_util_bl_check</STRONG> (Thumb, 0 bytes, Stack size 0 bytes, da14531_symbols.txt(ABSOLUTE))
<BR><BR>[Called By]<UL><LI><a href="#[26]">&gt;&gt;</a>&nbsp;&nbsp;&nbsp;PATCHED_llm_con_req_ind
</UL>

<P><STRONG><a name="[206]"></a>llm_util_bl_add</STRONG> (Thumb, 0 bytes, Stack size 0 bytes, da14531_symbols.txt(ABSOLUTE))
<BR><BR>[Called By]<UL><LI><a href="#[26]">&gt;&gt;</a>&nbsp;&nbsp;&nbsp;PATCHED_llm_con_req_ind
</UL>

<P><STRONG><a name="[1fc]"></a>llm_util_rl_check</STRONG> (Thumb, 0 bytes, Stack size 0 bytes, da14531_symbols.txt(ABSOLUTE))
<BR><BR>[Called By]<UL><LI><a href="#[26]">&gt;&gt;</a>&nbsp;&nbsp;&nbsp;PATCHED_llm_con_req_ind
</UL>

<P><STRONG><a name="[1fd]"></a>llm_util_rl_peer_find</STRONG> (Thumb, 0 bytes, Stack size 0 bytes, da14531_symbols.txt(ABSOLUTE))
<BR><BR>[Called By]<UL><LI><a href="#[26]">&gt;&gt;</a>&nbsp;&nbsp;&nbsp;PATCHED_llm_con_req_ind
</UL>

<P><STRONG><a name="[1fe]"></a>llm_util_rl_peer_resolv</STRONG> (Thumb, 0 bytes, Stack size 0 bytes, da14531_symbols.txt(ABSOLUTE))
<BR><BR>[Called By]<UL><LI><a href="#[26]">&gt;&gt;</a>&nbsp;&nbsp;&nbsp;PATCHED_llm_con_req_ind
</UL>

<P><STRONG><a name="[b0]"></a>PK_PointMult_func</STRONG> (Thumb, 0 bytes, Stack size 0 bytes, da14531_symbols.txt(ABSOLUTE), UNUSED)
<BR>[Address Reference Count : 1]<UL><LI> jump_table.o(.rodata.rom_func_addr_table_var)
</UL>
<P><STRONG><a name="[14c]"></a>ea_finetimer_isr</STRONG> (Thumb, 0 bytes, Stack size 0 bytes, da14531_symbols.txt(ABSOLUTE))
<BR><BR>[Called By]<UL><LI><a href="#[7]">&gt;&gt;</a>&nbsp;&nbsp;&nbsp;rwble_isr
</UL>

<P><STRONG><a name="[151]"></a>ea_sw_isr</STRONG> (Thumb, 0 bytes, Stack size 0 bytes, da14531_symbols.txt(ABSOLUTE))
<BR><BR>[Called By]<UL><LI><a href="#[7]">&gt;&gt;</a>&nbsp;&nbsp;&nbsp;rwble_isr
</UL>

<P><STRONG><a name="[d5]"></a>ea_sleep_check</STRONG> (Thumb, 0 bytes, Stack size 0 bytes, da14531_symbols.txt(ABSOLUTE))
<BR><BR>[Called By]<UL><LI><a href="#[d8]">&gt;&gt;</a>&nbsp;&nbsp;&nbsp;rwip_sleep
<LI><a href="#[1e]">&gt;&gt;</a>&nbsp;&nbsp;&nbsp;main
</UL>

<P><STRONG><a name="[75]"></a>uart_init_func</STRONG> (Thumb, 0 bytes, Stack size 0 bytes, da14531_symbols.txt(ABSOLUTE), UNUSED)
<BR>[Address Reference Count : 1]<UL><LI> jump_table.o(.rodata.rom_func_addr_table_var)
</UL>
<P><STRONG><a name="[76]"></a>uart_flow_on_func</STRONG> (Thumb, 0 bytes, Stack size 0 bytes, da14531_symbols.txt(ABSOLUTE), UNUSED)
<BR>[Address Reference Count : 1]<UL><LI> jump_table.o(.rodata.rom_func_addr_table_var)
</UL>
<P><STRONG><a name="[77]"></a>uart_flow_off_func</STRONG> (Thumb, 0 bytes, Stack size 0 bytes, da14531_symbols.txt(ABSOLUTE), UNUSED)
<BR>[Address Reference Count : 1]<UL><LI> jump_table.o(.rodata.rom_func_addr_table_var)
</UL>
<P><STRONG><a name="[78]"></a>uart_finish_transfers_func</STRONG> (Thumb, 0 bytes, Stack size 0 bytes, da14531_symbols.txt(ABSOLUTE), UNUSED)
<BR>[Address Reference Count : 1]<UL><LI> jump_table.o(.rodata.rom_func_addr_table_var)
</UL>
<P><STRONG><a name="[79]"></a>uart_read_func</STRONG> (Thumb, 0 bytes, Stack size 0 bytes, da14531_symbols.txt(ABSOLUTE), UNUSED)
<BR>[Address Reference Count : 1]<UL><LI> jump_table.o(.rodata.rom_func_addr_table_var)
</UL>
<P><STRONG><a name="[7a]"></a>uart_write_func</STRONG> (Thumb, 0 bytes, Stack size 0 bytes, da14531_symbols.txt(ABSOLUTE), UNUSED)
<BR>[Address Reference Count : 1]<UL><LI> jump_table.o(.rodata.rom_func_addr_table_var)
</UL>
<P><STRONG><a name="[7b]"></a>UART_Handler_func</STRONG> (Thumb, 0 bytes, Stack size 0 bytes, da14531_symbols.txt(ABSOLUTE), UNUSED)
<BR>[Address Reference Count : 1]<UL><LI> jump_table.o(.rodata.rom_func_addr_table_var)
</UL>
<P><STRONG><a name="[7c]"></a>gtl_init_func</STRONG> (Thumb, 0 bytes, Stack size 0 bytes, da14531_symbols.txt(ABSOLUTE), UNUSED)
<BR>[Address Reference Count : 1]<UL><LI> jump_table.o(.rodata.rom_func_addr_table_var)
</UL>
<P><STRONG><a name="[7e]"></a>gtl_eif_read_start_func</STRONG> (Thumb, 0 bytes, Stack size 0 bytes, da14531_symbols.txt(ABSOLUTE), UNUSED)
<BR>[Address Reference Count : 1]<UL><LI> jump_table.o(.rodata.rom_func_addr_table_var)
</UL>
<P><STRONG><a name="[7f]"></a>gtl_eif_read_hdr_func</STRONG> (Thumb, 0 bytes, Stack size 0 bytes, da14531_symbols.txt(ABSOLUTE), UNUSED)
<BR>[Address Reference Count : 1]<UL><LI> jump_table.o(.rodata.rom_func_addr_table_var)
</UL>
<P><STRONG><a name="[80]"></a>gtl_eif_read_payl_func</STRONG> (Thumb, 0 bytes, Stack size 0 bytes, da14531_symbols.txt(ABSOLUTE), UNUSED)
<BR>[Address Reference Count : 1]<UL><LI> jump_table.o(.rodata.rom_func_addr_table_var)
</UL>
<P><STRONG><a name="[81]"></a>gtl_eif_tx_done_func</STRONG> (Thumb, 0 bytes, Stack size 0 bytes, da14531_symbols.txt(ABSOLUTE), UNUSED)
<BR>[Address Reference Count : 1]<UL><LI> jump_table.o(.rodata.rom_func_addr_table_var)
</UL>
<P><STRONG><a name="[82]"></a>gtl_eif_rx_done_func</STRONG> (Thumb, 0 bytes, Stack size 0 bytes, da14531_symbols.txt(ABSOLUTE), UNUSED)
<BR>[Address Reference Count : 1]<UL><LI> jump_table.o(.rodata.rom_func_addr_table_var)
</UL>
<P><STRONG><a name="[7d]"></a>gtl_eif_init_func</STRONG> (Thumb, 0 bytes, Stack size 0 bytes, da14531_symbols.txt(ABSOLUTE), UNUSED)
<BR>[Address Reference Count : 1]<UL><LI> jump_table.o(.rodata.rom_func_addr_table_var)
</UL>
<P><STRONG><a name="[218]"></a>hci_send_2_host</STRONG> (Thumb, 0 bytes, Stack size 0 bytes, da14531_symbols.txt(ABSOLUTE))
<BR><BR>[Called By]<UL><LI><a href="#[67]">&gt;&gt;</a>&nbsp;&nbsp;&nbsp;PATCHED_llc_data_ind_handler
</UL>

<P><STRONG><a name="[84]"></a>h4tl_read_start_func</STRONG> (Thumb, 0 bytes, Stack size 0 bytes, da14531_symbols.txt(ABSOLUTE), UNUSED)
<BR>[Address Reference Count : 1]<UL><LI> jump_table.o(.rodata.rom_func_addr_table_var)
</UL>
<P><STRONG><a name="[85]"></a>h4tl_read_hdr_func</STRONG> (Thumb, 0 bytes, Stack size 0 bytes, da14531_symbols.txt(ABSOLUTE), UNUSED)
<BR>[Address Reference Count : 1]<UL><LI> jump_table.o(.rodata.rom_func_addr_table_var)
</UL>
<P><STRONG><a name="[86]"></a>h4tl_read_payl_func</STRONG> (Thumb, 0 bytes, Stack size 0 bytes, da14531_symbols.txt(ABSOLUTE), UNUSED)
<BR>[Address Reference Count : 1]<UL><LI> jump_table.o(.rodata.rom_func_addr_table_var)
</UL>
<P><STRONG><a name="[87]"></a>h4tl_read_next_out_of_sync_func</STRONG> (Thumb, 0 bytes, Stack size 0 bytes, da14531_symbols.txt(ABSOLUTE), UNUSED)
<BR>[Address Reference Count : 1]<UL><LI> jump_table.o(.rodata.rom_func_addr_table_var)
</UL>
<P><STRONG><a name="[88]"></a>h4tl_out_of_sync_func</STRONG> (Thumb, 0 bytes, Stack size 0 bytes, da14531_symbols.txt(ABSOLUTE), UNUSED)
<BR>[Address Reference Count : 1]<UL><LI> jump_table.o(.rodata.rom_func_addr_table_var)
</UL>
<P><STRONG><a name="[89]"></a>h4tl_tx_done_func</STRONG> (Thumb, 0 bytes, Stack size 0 bytes, da14531_symbols.txt(ABSOLUTE), UNUSED)
<BR>[Address Reference Count : 1]<UL><LI> jump_table.o(.rodata.rom_func_addr_table_var)
</UL>
<P><STRONG><a name="[8a]"></a>h4tl_rx_done_func</STRONG> (Thumb, 0 bytes, Stack size 0 bytes, da14531_symbols.txt(ABSOLUTE), UNUSED)
<BR>[Address Reference Count : 1]<UL><LI> jump_table.o(.rodata.rom_func_addr_table_var)
</UL>
<P><STRONG><a name="[83]"></a>h4tl_init_func</STRONG> (Thumb, 0 bytes, Stack size 0 bytes, da14531_symbols.txt(ABSOLUTE), UNUSED)
<BR>[Address Reference Count : 1]<UL><LI> jump_table.o(.rodata.rom_func_addr_table_var)
</UL>
<P><STRONG><a name="[ad]"></a>attc_l2cc_pdu_recv_handler_func</STRONG> (Thumb, 0 bytes, Stack size 0 bytes, da14531_symbols.txt(ABSOLUTE), UNUSED)
<BR>[Address Reference Count : 1]<UL><LI> jump_table.o(.rodata.rom_func_addr_table_var)
</UL>
<P><STRONG><a name="[17c]"></a>attmdb_get_attribute</STRONG> (Thumb, 0 bytes, Stack size 0 bytes, da14531_symbols.txt(ABSOLUTE))
<BR><BR>[Called By]<UL><LI><a href="#[5f]">&gt;&gt;</a>&nbsp;&nbsp;&nbsp;gattc_write_req_ind_handler
</UL>

<P><STRONG><a name="[17d]"></a>attmdb_att_set_value</STRONG> (Thumb, 0 bytes, Stack size 0 bytes, da14531_symbols.txt(ABSOLUTE))
<BR><BR>[Called By]<UL><LI><a href="#[5f]">&gt;&gt;</a>&nbsp;&nbsp;&nbsp;gattc_write_req_ind_handler
</UL>

<P><STRONG><a name="[179]"></a>attmdb_att_get_permission</STRONG> (Thumb, 0 bytes, Stack size 0 bytes, da14531_symbols.txt(ABSOLUTE))
<BR><BR>[Called By]<UL><LI><a href="#[5f]">&gt;&gt;</a>&nbsp;&nbsp;&nbsp;gattc_write_req_ind_handler
</UL>

<P><STRONG><a name="[ac]"></a>atts_l2cc_pdu_recv_handler_func</STRONG> (Thumb, 0 bytes, Stack size 0 bytes, da14531_symbols.txt(ABSOLUTE), UNUSED)
<BR>[Address Reference Count : 1]<UL><LI> jump_table.o(.rodata.rom_func_addr_table_var)
</UL>
<P><STRONG><a name="[20d]"></a>smpc_generate_e1</STRONG> (Thumb, 0 bytes, Stack size 0 bytes, da14531_symbols.txt(ABSOLUTE))
<BR><BR>[Called By]<UL><LI><a href="#[27]">&gt;&gt;</a>&nbsp;&nbsp;&nbsp;PATCHED_smpc_recv_pair_rand_pdu
</UL>

<P><STRONG><a name="[20f]"></a>smpc_pairing_end</STRONG> (Thumb, 0 bytes, Stack size 0 bytes, da14531_symbols.txt(ABSOLUTE))
<BR><BR>[Called By]<UL><LI><a href="#[28]">&gt;&gt;</a>&nbsp;&nbsp;&nbsp;PATCHED_smpc_recv_public_key_exchange_pdu
<LI><a href="#[27]">&gt;&gt;</a>&nbsp;&nbsp;&nbsp;PATCHED_smpc_recv_pair_rand_pdu
</UL>

<P><STRONG><a name="[20e]"></a>smpc_pdu_send</STRONG> (Thumb, 0 bytes, Stack size 0 bytes, da14531_symbols.txt(ABSOLUTE))
<BR><BR>[Called By]<UL><LI><a href="#[28]">&gt;&gt;</a>&nbsp;&nbsp;&nbsp;PATCHED_smpc_recv_public_key_exchange_pdu
<LI><a href="#[27]">&gt;&gt;</a>&nbsp;&nbsp;&nbsp;PATCHED_smpc_recv_pair_rand_pdu
</UL>

<P><STRONG><a name="[9c]"></a>smpc_pdu_recv_func</STRONG> (Thumb, 0 bytes, Stack size 0 bytes, da14531_symbols.txt(ABSOLUTE), UNUSED)
<BR>[Address Reference Count : 1]<UL><LI> jump_table.o(.rodata.rom_func_addr_table_var)
</UL>
<P><STRONG><a name="[20b]"></a>smpc_generate_f4</STRONG> (Thumb, 0 bytes, Stack size 0 bytes, da14531_symbols.txt(ABSOLUTE))
<BR><BR>[Called By]<UL><LI><a href="#[27]">&gt;&gt;</a>&nbsp;&nbsp;&nbsp;PATCHED_smpc_recv_pair_rand_pdu
</UL>

<P><STRONG><a name="[210]"></a>smpc_generate_g2</STRONG> (Thumb, 0 bytes, Stack size 0 bytes, da14531_symbols.txt(ABSOLUTE))
<BR><BR>[Called By]<UL><LI><a href="#[27]">&gt;&gt;</a>&nbsp;&nbsp;&nbsp;PATCHED_smpc_recv_pair_rand_pdu
</UL>

<P><STRONG><a name="[211]"></a>smpc_generate_f5</STRONG> (Thumb, 0 bytes, Stack size 0 bytes, da14531_symbols.txt(ABSOLUTE))
<BR><BR>[Called By]<UL><LI><a href="#[27]">&gt;&gt;</a>&nbsp;&nbsp;&nbsp;PATCHED_smpc_recv_pair_rand_pdu
</UL>

<P><STRONG><a name="[20c]"></a>gapc_get_role</STRONG> (Thumb, 0 bytes, Stack size 0 bytes, da14531_symbols.txt(ABSOLUTE))
<BR><BR>[Called By]<UL><LI><a href="#[28]">&gt;&gt;</a>&nbsp;&nbsp;&nbsp;PATCHED_smpc_recv_public_key_exchange_pdu
<LI><a href="#[27]">&gt;&gt;</a>&nbsp;&nbsp;&nbsp;PATCHED_smpc_recv_pair_rand_pdu
</UL>

<P><STRONG><a name="[1f7]"></a>gapc_lecnx_check_rx</STRONG> (Thumb, 0 bytes, Stack size 0 bytes, da14531_symbols.txt(ABSOLUTE))
<BR><BR>[Called By]<UL><LI><a href="#[a7]">&gt;&gt;</a>&nbsp;&nbsp;&nbsp;JT_l2cc_pdu_unpack_func
</UL>

<P><STRONG><a name="[1f8]"></a>l2cc_pdu_recv_ind_handler_func</STRONG> (Thumb, 0 bytes, Stack size 0 bytes, da14531_symbols.txt(ABSOLUTE))
<BR><BR>[Called By]<UL><LI><a href="#[aa]">&gt;&gt;</a>&nbsp;&nbsp;&nbsp;JT_l2cc_pdu_recv_ind_handler_func
</UL>

<P><STRONG><a name="[ab]"></a>gapc_lecb_connect_cfm_handler_func</STRONG> (Thumb, 0 bytes, Stack size 0 bytes, da14531_symbols.txt(ABSOLUTE), UNUSED)
<BR>[Address Reference Count : 1]<UL><LI> jump_table.o(.rodata.rom_func_addr_table_var)
</UL>
<P><STRONG><a name="[a6]"></a>l2cc_pdu_pack_func</STRONG> (Thumb, 0 bytes, Stack size 0 bytes, da14531_symbols.txt(ABSOLUTE), UNUSED)
<BR>[Address Reference Count : 1]<UL><LI> jump_table.o(.rodata.rom_func_addr_table_var)
</UL>
<P><STRONG><a name="[a9]"></a>l2c_process_sdu_func</STRONG> (Thumb, 0 bytes, Stack size 0 bytes, da14531_symbols.txt(ABSOLUTE), UNUSED)
<BR>[Address Reference Count : 1]<UL><LI> jump_table.o(.rodata.rom_func_addr_table_var)
</UL>
<P><STRONG><a name="[a8]"></a>l2c_send_lecb_message_func</STRONG> (Thumb, 0 bytes, Stack size 0 bytes, da14531_symbols.txt(ABSOLUTE), UNUSED)
<BR>[Address Reference Count : 1]<UL><LI> jump_table.o(.rodata.rom_func_addr_table_var)
</UL>
<P><STRONG><a name="[9b]"></a>smpc_check_param_func</STRONG> (Thumb, 0 bytes, Stack size 0 bytes, da14531_symbols.txt(ABSOLUTE), UNUSED)
<BR>[Address Reference Count : 1]<UL><LI> jump_table.o(.rodata.rom_func_addr_table_var)
</UL>
<P><STRONG><a name="[24]"></a>smpc_recv_pair_rand_pdu</STRONG> (Thumb, 0 bytes, Stack size 0 bytes, da14531_symbols.txt(ABSOLUTE), UNUSED)
<BR>[Address Reference Count : 1]<UL><LI> system_library_531.o(.text)
</UL>
<P><STRONG><a name="[25]"></a>smpc_recv_public_key_exchange_pdu</STRONG> (Thumb, 0 bytes, Stack size 0 bytes, da14531_symbols.txt(ABSOLUTE), UNUSED)
<BR>[Address Reference Count : 1]<UL><LI> system_library_531.o(.text)
</UL>
<P><STRONG><a name="[bc]"></a>smpc_public_key_exchange_start_func</STRONG> (Thumb, 0 bytes, Stack size 0 bytes, da14531_symbols.txt(ABSOLUTE), UNUSED)
<BR>[Address Reference Count : 1]<UL><LI> jump_table.o(.rodata.rom_func_addr_table_var)
</UL>
<P><STRONG><a name="[212]"></a>smpc_dhkey_calc_start</STRONG> (Thumb, 0 bytes, Stack size 0 bytes, da14531_symbols.txt(ABSOLUTE))
<BR><BR>[Called By]<UL><LI><a href="#[28]">&gt;&gt;</a>&nbsp;&nbsp;&nbsp;PATCHED_smpc_recv_public_key_exchange_pdu
</UL>

<P><STRONG><a name="[bd]"></a>smpc_dhkey_calc_ind_func</STRONG> (Thumb, 0 bytes, Stack size 0 bytes, da14531_symbols.txt(ABSOLUTE), UNUSED)
<BR>[Address Reference Count : 1]<UL><LI> jump_table.o(.rodata.rom_func_addr_table_var)
</UL>
<P><STRONG><a name="[be]"></a>smpm_ecdh_key_create_func</STRONG> (Thumb, 0 bytes, Stack size 0 bytes, da14531_symbols.txt(ABSOLUTE), UNUSED)
<BR>[Address Reference Count : 1]<UL><LI> jump_table.o(.rodata.rom_func_addr_table_var)
</UL>
<P><STRONG><a name="[15d]"></a>ke_sleep_check</STRONG> (Thumb, 0 bytes, Stack size 0 bytes, da14531_symbols.txt(ABSOLUTE))
<BR><BR>[Called By]<UL><LI><a href="#[d8]">&gt;&gt;</a>&nbsp;&nbsp;&nbsp;rwip_sleep
</UL>

<P><STRONG><a name="[17f]"></a>ke_msg_alloc</STRONG> (Thumb, 0 bytes, Stack size 0 bytes, da14531_symbols.txt(ABSOLUTE))
<BR><BR>[Called By]<UL><LI><a href="#[46]">&gt;&gt;</a>&nbsp;&nbsp;&nbsp;gapc_get_dev_info_req_ind_handler
<LI><a href="#[41]">&gt;&gt;</a>&nbsp;&nbsp;&nbsp;gapm_device_ready_ind_handler
<LI><a href="#[69]">&gt;&gt;</a>&nbsp;&nbsp;&nbsp;app_diss_create_db
<LI><a href="#[1bd]">&gt;&gt;</a>&nbsp;&nbsp;&nbsp;app_easy_gap_get_peer_features
<LI><a href="#[1af]">&gt;&gt;</a>&nbsp;&nbsp;&nbsp;app_easy_timer_cancel
<LI><a href="#[1bb]">&gt;&gt;</a>&nbsp;&nbsp;&nbsp;app_easy_gap_dev_config_create_msg
<LI><a href="#[1b7]">&gt;&gt;</a>&nbsp;&nbsp;&nbsp;app_easy_gap_start_connection_to_msg_create
<LI><a href="#[1b4]">&gt;&gt;</a>&nbsp;&nbsp;&nbsp;app_easy_gap_param_update_msg_create
<LI><a href="#[1ac]">&gt;&gt;</a>&nbsp;&nbsp;&nbsp;app_easy_gap_non_connectable_advertise_start_create_msg
<LI><a href="#[1a9]">&gt;&gt;</a>&nbsp;&nbsp;&nbsp;app_easy_gap_directed_advertise_start_create_msg
<LI><a href="#[1a6]">&gt;&gt;</a>&nbsp;&nbsp;&nbsp;app_easy_gap_undirected_advertise_start_create_msg
<LI><a href="#[66]">&gt;&gt;</a>&nbsp;&nbsp;&nbsp;custs1_value_req_rsp_handler
<LI><a href="#[5f]">&gt;&gt;</a>&nbsp;&nbsp;&nbsp;gattc_write_req_ind_handler
<LI><a href="#[5d]">&gt;&gt;</a>&nbsp;&nbsp;&nbsp;app_custs1_create_db
<LI><a href="#[1e6]">&gt;&gt;</a>&nbsp;&nbsp;&nbsp;app_easy_timer_modify
<LI><a href="#[1e3]">&gt;&gt;</a>&nbsp;&nbsp;&nbsp;create_timer
<LI><a href="#[1e2]">&gt;&gt;</a>&nbsp;&nbsp;&nbsp;app_easy_security_ral_op
<LI><a href="#[1e0]">&gt;&gt;</a>&nbsp;&nbsp;&nbsp;app_easy_security_request_get_active
<LI><a href="#[1dc]">&gt;&gt;</a>&nbsp;&nbsp;&nbsp;encrypt_cfm_create_msg
<LI><a href="#[1d9]">&gt;&gt;</a>&nbsp;&nbsp;&nbsp;ltk_exch_create_msg
<LI><a href="#[1d7]">&gt;&gt;</a>&nbsp;&nbsp;&nbsp;csrk_exch_create_msg
<LI><a href="#[1d5]">&gt;&gt;</a>&nbsp;&nbsp;&nbsp;tk_exch_create_msg
<LI><a href="#[1d3]">&gt;&gt;</a>&nbsp;&nbsp;&nbsp;pairing_rsp_create_msg
<LI><a href="#[5c]">&gt;&gt;</a>&nbsp;&nbsp;&nbsp;user_catch_rest_hndl
<LI><a href="#[50]">&gt;&gt;</a>&nbsp;&nbsp;&nbsp;app_timer_api_process_handler
<LI><a href="#[40]">&gt;&gt;</a>&nbsp;&nbsp;&nbsp;diss_value_req_ind_handler
</UL>

<P><STRONG><a name="[180]"></a>ke_msg_send</STRONG> (Thumb, 0 bytes, Stack size 0 bytes, da14531_symbols.txt(ABSOLUTE))
<BR><BR>[Called By]<UL><LI><a href="#[46]">&gt;&gt;</a>&nbsp;&nbsp;&nbsp;gapc_get_dev_info_req_ind_handler
<LI><a href="#[41]">&gt;&gt;</a>&nbsp;&nbsp;&nbsp;gapm_device_ready_ind_handler
<LI><a href="#[69]">&gt;&gt;</a>&nbsp;&nbsp;&nbsp;app_diss_create_db
<LI><a href="#[1bd]">&gt;&gt;</a>&nbsp;&nbsp;&nbsp;app_easy_gap_get_peer_features
<LI><a href="#[6c]">&gt;&gt;</a>&nbsp;&nbsp;&nbsp;app_easy_gap_dev_configure
<LI><a href="#[1b9]">&gt;&gt;</a>&nbsp;&nbsp;&nbsp;app_easy_gap_start_connection_to
<LI><a href="#[1b5]">&gt;&gt;</a>&nbsp;&nbsp;&nbsp;app_easy_gap_param_update_start
<LI><a href="#[1af]">&gt;&gt;</a>&nbsp;&nbsp;&nbsp;app_easy_timer_cancel
<LI><a href="#[1ad]">&gt;&gt;</a>&nbsp;&nbsp;&nbsp;app_easy_gap_non_connectable_advertise_start
<LI><a href="#[1aa]">&gt;&gt;</a>&nbsp;&nbsp;&nbsp;app_easy_gap_directed_advertise_start
<LI><a href="#[199]">&gt;&gt;</a>&nbsp;&nbsp;&nbsp;app_easy_security_ltk_exch
<LI><a href="#[196]">&gt;&gt;</a>&nbsp;&nbsp;&nbsp;app_easy_security_csrk_exch
<LI><a href="#[194]">&gt;&gt;</a>&nbsp;&nbsp;&nbsp;app_easy_security_tk_exch
<LI><a href="#[193]">&gt;&gt;</a>&nbsp;&nbsp;&nbsp;app_easy_security_send_pairing_rsp
<LI><a href="#[188]">&gt;&gt;</a>&nbsp;&nbsp;&nbsp;app_easy_gap_undirected_advertise_start
<LI><a href="#[66]">&gt;&gt;</a>&nbsp;&nbsp;&nbsp;custs1_value_req_rsp_handler
<LI><a href="#[5f]">&gt;&gt;</a>&nbsp;&nbsp;&nbsp;gattc_write_req_ind_handler
<LI><a href="#[5d]">&gt;&gt;</a>&nbsp;&nbsp;&nbsp;app_custs1_create_db
<LI><a href="#[1e6]">&gt;&gt;</a>&nbsp;&nbsp;&nbsp;app_easy_timer_modify
<LI><a href="#[1e3]">&gt;&gt;</a>&nbsp;&nbsp;&nbsp;create_timer
<LI><a href="#[1e2]">&gt;&gt;</a>&nbsp;&nbsp;&nbsp;app_easy_security_ral_op
<LI><a href="#[1e1]">&gt;&gt;</a>&nbsp;&nbsp;&nbsp;app_easy_security_request
<LI><a href="#[1db]">&gt;&gt;</a>&nbsp;&nbsp;&nbsp;app_easy_security_encrypt_cfm
<LI><a href="#[1c8]">&gt;&gt;</a>&nbsp;&nbsp;&nbsp;app_msg_send_wakeup_ble
<LI><a href="#[5c]">&gt;&gt;</a>&nbsp;&nbsp;&nbsp;user_catch_rest_hndl
<LI><a href="#[50]">&gt;&gt;</a>&nbsp;&nbsp;&nbsp;app_timer_api_process_handler
<LI><a href="#[40]">&gt;&gt;</a>&nbsp;&nbsp;&nbsp;diss_value_req_ind_handler
</UL>

<P><STRONG><a name="[1d1]"></a>ke_msg_send_basic</STRONG> (Thumb, 0 bytes, Stack size 0 bytes, da14531_symbols.txt(ABSOLUTE), UNUSED)
<BR><BR>[Called By]<UL><LI><a href="#[1d0]">&gt;&gt;</a>&nbsp;&nbsp;&nbsp;app_easy_wakeup
</UL>

<P><STRONG><a name="[8b]"></a>ke_task_init_func</STRONG> (Thumb, 0 bytes, Stack size 0 bytes, da14531_symbols.txt(ABSOLUTE), UNUSED)
<BR>[Address Reference Count : 1]<UL><LI> jump_table.o(.rodata.rom_func_addr_table_var)
</UL>
<P><STRONG><a name="[184]"></a>ke_task_create</STRONG> (Thumb, 0 bytes, Stack size 0 bytes, da14531_symbols.txt(ABSOLUTE))
<BR><BR>[Called By]<UL><LI><a href="#[ff]">&gt;&gt;</a>&nbsp;&nbsp;&nbsp;app_init
<LI><a href="#[9d]">&gt;&gt;</a>&nbsp;&nbsp;&nbsp;prf_init_func
</UL>

<P><STRONG><a name="[183]"></a>ke_state_set</STRONG> (Thumb, 0 bytes, Stack size 0 bytes, da14531_symbols.txt(ABSOLUTE))
<BR><BR>[Called By]<UL><LI><a href="#[26]">&gt;&gt;</a>&nbsp;&nbsp;&nbsp;PATCHED_llm_con_req_ind
<LI><a href="#[ff]">&gt;&gt;</a>&nbsp;&nbsp;&nbsp;app_init
<LI><a href="#[44]">&gt;&gt;</a>&nbsp;&nbsp;&nbsp;gapc_connection_req_ind_handler
<LI><a href="#[1ad]">&gt;&gt;</a>&nbsp;&nbsp;&nbsp;app_easy_gap_non_connectable_advertise_start
<LI><a href="#[1aa]">&gt;&gt;</a>&nbsp;&nbsp;&nbsp;app_easy_gap_directed_advertise_start
<LI><a href="#[188]">&gt;&gt;</a>&nbsp;&nbsp;&nbsp;app_easy_gap_undirected_advertise_start
<LI><a href="#[66]">&gt;&gt;</a>&nbsp;&nbsp;&nbsp;custs1_value_req_rsp_handler
</UL>

<P><STRONG><a name="[181]"></a>ke_state_get</STRONG> (Thumb, 0 bytes, Stack size 0 bytes, da14531_symbols.txt(ABSOLUTE))
<BR><BR>[Called By]<UL><LI><a href="#[67]">&gt;&gt;</a>&nbsp;&nbsp;&nbsp;PATCHED_llc_data_ind_handler
<LI><a href="#[aa]">&gt;&gt;</a>&nbsp;&nbsp;&nbsp;JT_l2cc_pdu_recv_ind_handler_func
<LI><a href="#[45]">&gt;&gt;</a>&nbsp;&nbsp;&nbsp;gapc_disconnect_ind_handler
<LI><a href="#[44]">&gt;&gt;</a>&nbsp;&nbsp;&nbsp;gapc_connection_req_ind_handler
<LI><a href="#[41]">&gt;&gt;</a>&nbsp;&nbsp;&nbsp;gapm_device_ready_ind_handler
<LI><a href="#[1ad]">&gt;&gt;</a>&nbsp;&nbsp;&nbsp;app_easy_gap_non_connectable_advertise_start
<LI><a href="#[66]">&gt;&gt;</a>&nbsp;&nbsp;&nbsp;custs1_value_req_rsp_handler
</UL>

<P><STRONG><a name="[186]"></a>ke_task_msg_flush</STRONG> (Thumb, 0 bytes, Stack size 0 bytes, da14531_symbols.txt(ABSOLUTE))
<BR><BR>[Called By]<UL><LI><a href="#[9d]">&gt;&gt;</a>&nbsp;&nbsp;&nbsp;prf_init_func
</UL>

<P><STRONG><a name="[8c]"></a>ke_timer_init_func</STRONG> (Thumb, 0 bytes, Stack size 0 bytes, da14531_symbols.txt(ABSOLUTE), UNUSED)
<BR>[Address Reference Count : 1]<UL><LI> jump_table.o(.rodata.rom_func_addr_table_var)
</UL>
<P><STRONG><a name="[1e4]"></a>ke_timer_set</STRONG> (Thumb, 0 bytes, Stack size 0 bytes, da14531_symbols.txt(ABSOLUTE))
<BR><BR>[Called By]<UL><LI><a href="#[1e3]">&gt;&gt;</a>&nbsp;&nbsp;&nbsp;create_timer
<LI><a href="#[50]">&gt;&gt;</a>&nbsp;&nbsp;&nbsp;app_timer_api_process_handler
</UL>

<P><STRONG><a name="[1e5]"></a>ke_timer_clear</STRONG> (Thumb, 0 bytes, Stack size 0 bytes, da14531_symbols.txt(ABSOLUTE))
<BR><BR>[Called By]<UL><LI><a href="#[26]">&gt;&gt;</a>&nbsp;&nbsp;&nbsp;PATCHED_llm_con_req_ind
<LI><a href="#[1af]">&gt;&gt;</a>&nbsp;&nbsp;&nbsp;app_easy_timer_cancel
<LI><a href="#[1e6]">&gt;&gt;</a>&nbsp;&nbsp;&nbsp;app_easy_timer_modify
</UL>

<P><STRONG><a name="[15e]"></a>ke_timer_sleep_check</STRONG> (Thumb, 0 bytes, Stack size 0 bytes, da14531_symbols.txt(ABSOLUTE))
<BR><BR>[Called By]<UL><LI><a href="#[d8]">&gt;&gt;</a>&nbsp;&nbsp;&nbsp;rwip_sleep
</UL>

<P><STRONG><a name="[d3]"></a>rwip_schedule</STRONG> (Thumb, 0 bytes, Stack size 0 bytes, da14531_symbols.txt(ABSOLUTE))
<BR><BR>[Called By]<UL><LI><a href="#[1e]">&gt;&gt;</a>&nbsp;&nbsp;&nbsp;main
</UL>

<P><STRONG><a name="[154]"></a>rwip_wakeup</STRONG> (Thumb, 0 bytes, Stack size 0 bytes, da14531_symbols.txt(ABSOLUTE))
<BR><BR>[Called By]<UL><LI><a href="#[7]">&gt;&gt;</a>&nbsp;&nbsp;&nbsp;rwble_isr
</UL>

<P><STRONG><a name="[156]"></a>rwip_wakeup_end</STRONG> (Thumb, 0 bytes, Stack size 0 bytes, da14531_symbols.txt(ABSOLUTE))
<BR><BR>[Called By]<UL><LI><a href="#[7]">&gt;&gt;</a>&nbsp;&nbsp;&nbsp;rwble_isr
</UL>

<P><STRONG><a name="[e5]"></a>rwip_wakeup_delay_set</STRONG> (Thumb, 0 bytes, Stack size 0 bytes, da14531_symbols.txt(ABSOLUTE))
<BR><BR>[Called By]<UL><LI><a href="#[e2]">&gt;&gt;</a>&nbsp;&nbsp;&nbsp;set_sleep_delay
</UL>

<P><STRONG><a name="[e3]"></a>__aeabi_uidiv</STRONG> (Thumb, 0 bytes, Stack size 0 bytes, da14531_symbols.txt(ABSOLUTE))
<BR><BR>[Called By]<UL><LI><a href="#[126]">&gt;&gt;</a>&nbsp;&nbsp;&nbsp;adc_correct_sample
<LI><a href="#[ec]">&gt;&gt;</a>&nbsp;&nbsp;&nbsp;lld_sleep_us_2_lpcycles_rcx_func
<LI><a href="#[e2]">&gt;&gt;</a>&nbsp;&nbsp;&nbsp;set_sleep_delay
<LI><a href="#[96]">&gt;&gt;</a>&nbsp;&nbsp;&nbsp;lld_sleep_us_2_lpcycles_sel_func
<LI><a href="#[94]">&gt;&gt;</a>&nbsp;&nbsp;&nbsp;lld_sleep_compensate_func
<LI><a href="#[175]">&gt;&gt;</a>&nbsp;&nbsp;&nbsp;kdco_calibration
<LI><a href="#[34]">&gt;&gt;</a>&nbsp;&nbsp;&nbsp;rf_rssi_convert
<LI><a href="#[148]">&gt;&gt;</a>&nbsp;&nbsp;&nbsp;timer2_pwm_signal_config
<LI><a href="#[147]">&gt;&gt;</a>&nbsp;&nbsp;&nbsp;timer2_pwm_freq_set
<LI><a href="#[1f0]">&gt;&gt;</a>&nbsp;&nbsp;&nbsp;timer2_pwm_init
</UL>

<P><STRONG><a name="[1c2]"></a>__aeabi_uidivmod</STRONG> (Thumb, 0 bytes, Stack size 0 bytes, da14531_symbols.txt(ABSOLUTE), UNUSED)
<BR><BR>[Called By]<UL><LI><a href="#[1c1]">&gt;&gt;</a>&nbsp;&nbsp;&nbsp;app_sec_gen_tk
</UL>

<P><STRONG><a name="[127]"></a>__aeabi_idiv</STRONG> (Thumb, 0 bytes, Stack size 0 bytes, da14531_symbols.txt(ABSOLUTE))
<BR><BR>[Called By]<UL><LI><a href="#[129]">&gt;&gt;</a>&nbsp;&nbsp;&nbsp;temp_calc
<LI><a href="#[126]">&gt;&gt;</a>&nbsp;&nbsp;&nbsp;adc_correct_sample
</UL>

<P><STRONG><a name="[ed]"></a>__aeabi_lmul</STRONG> (Thumb, 0 bytes, Stack size 0 bytes, da14531_symbols.txt(ABSOLUTE))
<BR><BR>[Called By]<UL><LI><a href="#[e4]">&gt;&gt;</a>&nbsp;&nbsp;&nbsp;lld_sleep_lpcycles_2_us_rcx_func
<LI><a href="#[d8]">&gt;&gt;</a>&nbsp;&nbsp;&nbsp;rwip_sleep
</UL>

<P><STRONG><a name="[104]"></a>__aeabi_memcpy</STRONG> (Thumb, 0 bytes, Stack size 0 bytes, da14531_symbols.txt(ABSOLUTE))
<BR><BR>[Called By]<UL><LI><a href="#[28]">&gt;&gt;</a>&nbsp;&nbsp;&nbsp;PATCHED_smpc_recv_public_key_exchange_pdu
<LI><a href="#[27]">&gt;&gt;</a>&nbsp;&nbsp;&nbsp;PATCHED_smpc_recv_pair_rand_pdu
<LI><a href="#[26]">&gt;&gt;</a>&nbsp;&nbsp;&nbsp;PATCHED_llm_con_req_ind
<LI><a href="#[105]">&gt;&gt;</a>&nbsp;&nbsp;&nbsp;patch_func
<LI><a href="#[ff]">&gt;&gt;</a>&nbsp;&nbsp;&nbsp;app_init
<LI><a href="#[f9]">&gt;&gt;</a>&nbsp;&nbsp;&nbsp;arch_rom_init
<LI><a href="#[f7]">&gt;&gt;</a>&nbsp;&nbsp;&nbsp;otp_cs_store
<LI><a href="#[f6]">&gt;&gt;</a>&nbsp;&nbsp;&nbsp;otp_hdr_get_bd_address
<LI><a href="#[a7]">&gt;&gt;</a>&nbsp;&nbsp;&nbsp;JT_l2cc_pdu_unpack_func
<LI><a href="#[73]">&gt;&gt;</a>&nbsp;&nbsp;&nbsp;rf_init_func
<LI><a href="#[46]">&gt;&gt;</a>&nbsp;&nbsp;&nbsp;gapc_get_dev_info_req_ind_handler
<LI><a href="#[44]">&gt;&gt;</a>&nbsp;&nbsp;&nbsp;gapc_connection_req_ind_handler
<LI><a href="#[1b8]">&gt;&gt;</a>&nbsp;&nbsp;&nbsp;app_easy_gap_start_connection_to_set
<LI><a href="#[1a9]">&gt;&gt;</a>&nbsp;&nbsp;&nbsp;app_easy_gap_directed_advertise_start_create_msg
<LI><a href="#[1a3]">&gt;&gt;</a>&nbsp;&nbsp;&nbsp;default_app_on_addr_solved_ind
<LI><a href="#[19a]">&gt;&gt;</a>&nbsp;&nbsp;&nbsp;default_app_on_encrypt_req_ind
<LI><a href="#[198]">&gt;&gt;</a>&nbsp;&nbsp;&nbsp;app_easy_security_set_ltk_exch_from_sec_env
<LI><a href="#[194]">&gt;&gt;</a>&nbsp;&nbsp;&nbsp;app_easy_security_tk_exch
<LI><a href="#[c7]">&gt;&gt;</a>&nbsp;&nbsp;&nbsp;default_app_on_set_dev_info
<LI><a href="#[c4]">&gt;&gt;</a>&nbsp;&nbsp;&nbsp;default_app_on_get_dev_name
<LI><a href="#[66]">&gt;&gt;</a>&nbsp;&nbsp;&nbsp;custs1_value_req_rsp_handler
<LI><a href="#[5f]">&gt;&gt;</a>&nbsp;&nbsp;&nbsp;gattc_write_req_ind_handler
<LI><a href="#[1e2]">&gt;&gt;</a>&nbsp;&nbsp;&nbsp;app_easy_security_ral_op
<LI><a href="#[1de]">&gt;&gt;</a>&nbsp;&nbsp;&nbsp;app_easy_security_set_encrypt_req_valid
<LI><a href="#[1da]">&gt;&gt;</a>&nbsp;&nbsp;&nbsp;app_easy_security_set_ltk_exch
<LI><a href="#[1d7]">&gt;&gt;</a>&nbsp;&nbsp;&nbsp;csrk_exch_create_msg
<LI><a href="#[1d3]">&gt;&gt;</a>&nbsp;&nbsp;&nbsp;pairing_rsp_create_msg
<LI><a href="#[40]">&gt;&gt;</a>&nbsp;&nbsp;&nbsp;diss_value_req_ind_handler
<LI><a href="#[56]">&gt;&gt;</a>&nbsp;&nbsp;&nbsp;gapc_bond_ind_handler
</UL>

<P><STRONG><a name="[16d]"></a>__aeabi_memcpy4</STRONG> (Thumb, 0 bytes, Stack size 0 bytes, da14531_symbols.txt(ABSOLUTE))
<BR><BR>[Called By]<UL><LI><a href="#[bf]">&gt;&gt;</a>&nbsp;&nbsp;&nbsp;ble_init_arp_func
</UL>

<P><STRONG><a name="[1bc]"></a>__aeabi_memclr</STRONG> (Thumb, 0 bytes, Stack size 0 bytes, da14531_symbols.txt(ABSOLUTE))
<BR><BR>[Called By]<UL><LI><a href="#[1bb]">&gt;&gt;</a>&nbsp;&nbsp;&nbsp;app_easy_gap_dev_config_create_msg
<LI><a href="#[194]">&gt;&gt;</a>&nbsp;&nbsp;&nbsp;app_easy_security_tk_exch
</UL>

<P><STRONG><a name="[1c0]"></a>__aeabi_memclr4</STRONG> (Thumb, 0 bytes, Stack size 0 bytes, da14531_symbols.txt(ABSOLUTE))
<BR><BR>[Called By]<UL><LI><a href="#[46]">&gt;&gt;</a>&nbsp;&nbsp;&nbsp;gapc_get_dev_info_req_ind_handler
</UL>

<P><STRONG><a name="[102]"></a>__aeabi_memclr8</STRONG> (Thumb, 0 bytes, Stack size 0 bytes, da14531_symbols.txt(ABSOLUTE))
<BR><BR>[Called By]<UL><LI><a href="#[f9]">&gt;&gt;</a>&nbsp;&nbsp;&nbsp;arch_rom_init
</UL>

<P><STRONG><a name="[19b]"></a>memcmp</STRONG> (Thumb, 0 bytes, Stack size 0 bytes, da14531_symbols.txt(ABSOLUTE))
<BR><BR>[Called By]<UL><LI><a href="#[28]">&gt;&gt;</a>&nbsp;&nbsp;&nbsp;PATCHED_smpc_recv_public_key_exchange_pdu
<LI><a href="#[27]">&gt;&gt;</a>&nbsp;&nbsp;&nbsp;PATCHED_smpc_recv_pair_rand_pdu
<LI><a href="#[26]">&gt;&gt;</a>&nbsp;&nbsp;&nbsp;PATCHED_llm_con_req_ind
<LI><a href="#[19a]">&gt;&gt;</a>&nbsp;&nbsp;&nbsp;default_app_on_encrypt_req_ind
</UL>

<P><STRONG><a name="[112]"></a>__aeabi_llsl</STRONG> (Thumb, 0 bytes, Stack size 0 bytes, da14531_symbols.txt(ABSOLUTE))
<BR><BR>[Called By]<UL><LI><a href="#[118]">&gt;&gt;</a>&nbsp;&nbsp;&nbsp;GPIO_EnableIRQ
<LI><a href="#[117]">&gt;&gt;</a>&nbsp;&nbsp;&nbsp;GPIO_GetPinStatus
<LI><a href="#[116]">&gt;&gt;</a>&nbsp;&nbsp;&nbsp;GPIO_ConfigurePinPower
<LI><a href="#[115]">&gt;&gt;</a>&nbsp;&nbsp;&nbsp;GPIO_SetInactive
<LI><a href="#[114]">&gt;&gt;</a>&nbsp;&nbsp;&nbsp;GPIO_SetActive
<LI><a href="#[3e]">&gt;&gt;</a>&nbsp;&nbsp;&nbsp;GPIO_ConfigurePin
<LI><a href="#[113]">&gt;&gt;</a>&nbsp;&nbsp;&nbsp;GPIO_SetPinFunction
<LI><a href="#[f0]">&gt;&gt;</a>&nbsp;&nbsp;&nbsp;GPIO_init
<LI><a href="#[191]">&gt;&gt;</a>&nbsp;&nbsp;&nbsp;default_app_generate_unique_static_random_addr
</UL>

<P><STRONG><a name="[1c6]"></a>arch_printf</STRONG> (Thumb, 0 bytes, Stack size 0 bytes, da14531_symbols.txt(ABSOLUTE))
<BR><BR>[Called By]<UL><LI><a href="#[1f0]">&gt;&gt;</a>&nbsp;&nbsp;&nbsp;timer2_pwm_init
<LI><a href="#[3f]">&gt;&gt;</a>&nbsp;&nbsp;&nbsp;gpadc_timer_cb
<LI><a href="#[56]">&gt;&gt;</a>&nbsp;&nbsp;&nbsp;gapc_bond_ind_handler
</UL>

<P><STRONG><a name="[d7]"></a>arch_printf_process</STRONG> (Thumb, 0 bytes, Stack size 0 bytes, da14531_symbols.txt(ABSOLUTE))
<BR><BR>[Called By]<UL><LI><a href="#[1e]">&gt;&gt;</a>&nbsp;&nbsp;&nbsp;main
</UL>

<P><STRONG><a name="[8e]"></a>nvds_get_func</STRONG> (Thumb, 0 bytes, Stack size 0 bytes, da14531_symbols.txt(ABSOLUTE), UNUSED)
<BR>[Address Reference Count : 1]<UL><LI> jump_table.o(.rodata.rom_func_addr_table_var)
</UL>
<P><STRONG><a name="[91]"></a>nvds_init_func</STRONG> (Thumb, 0 bytes, Stack size 0 bytes, da14531_symbols.txt(ABSOLUTE), UNUSED)
<BR>[Address Reference Count : 1]<UL><LI> jump_table.o(.rodata.rom_func_addr_table_var)
</UL>
<P><STRONG><a name="[90]"></a>nvds_del_func</STRONG> (Thumb, 0 bytes, Stack size 0 bytes, da14531_symbols.txt(ABSOLUTE), UNUSED)
<BR>[Address Reference Count : 1]<UL><LI> jump_table.o(.rodata.rom_func_addr_table_var)
</UL>
<P><STRONG><a name="[8f]"></a>nvds_put_func</STRONG> (Thumb, 0 bytes, Stack size 0 bytes, da14531_symbols.txt(ABSOLUTE), UNUSED)
<BR>[Address Reference Count : 1]<UL><LI> jump_table.o(.rodata.rom_func_addr_table_var)
</UL>
<P><STRONG><a name="[e0]"></a>csprng_seed</STRONG> (Thumb, 0 bytes, Stack size 0 bytes, da14531_symbols.txt(ABSOLUTE))
<BR><BR>[Called By]<UL><LI><a href="#[fb]">&gt;&gt;</a>&nbsp;&nbsp;&nbsp;init_rand_seed_from_trng
<LI><a href="#[ba]">&gt;&gt;</a>&nbsp;&nbsp;&nbsp;dia_srand_func
</UL>

<P><STRONG><a name="[df]"></a>csprng_get_next_uint32</STRONG> (Thumb, 0 bytes, Stack size 0 bytes, da14531_symbols.txt(ABSOLUTE))
<BR><BR>[Called By]<UL><LI><a href="#[b9]">&gt;&gt;</a>&nbsp;&nbsp;&nbsp;dia_rand_func
</UL>

<P><STRONG><a name="[12b]"></a>trng_acquire</STRONG> (Thumb, 0 bytes, Stack size 0 bytes, da14531_symbols.txt(ABSOLUTE))
<BR><BR>[Called By]<UL><LI><a href="#[fb]">&gt;&gt;</a>&nbsp;&nbsp;&nbsp;init_rand_seed_from_trng
</UL>

<P><STRONG><a name="[9e]"></a>prf_add_profile_func</STRONG> (Thumb, 0 bytes, Stack size 0 bytes, da14531_symbols.txt(ABSOLUTE), UNUSED)
<BR>[Address Reference Count : 1]<UL><LI> jump_table.o(.rodata.rom_func_addr_table_var)
</UL>
<P><STRONG><a name="[a0]"></a>prf_cleanup_func</STRONG> (Thumb, 0 bytes, Stack size 0 bytes, da14531_symbols.txt(ABSOLUTE), UNUSED)
<BR>[Address Reference Count : 1]<UL><LI> jump_table.o(.rodata.rom_func_addr_table_var)
</UL>
<P><STRONG><a name="[176]"></a>prf_env_get</STRONG> (Thumb, 0 bytes, Stack size 0 bytes, da14531_symbols.txt(ABSOLUTE))
<BR><BR>[Called By]<UL><LI><a href="#[5f]">&gt;&gt;</a>&nbsp;&nbsp;&nbsp;gattc_write_req_ind_handler
</UL>

<P><STRONG><a name="[17e]"></a>prf_dst_task_get</STRONG> (Thumb, 0 bytes, Stack size 0 bytes, da14531_symbols.txt(ABSOLUTE))
<BR><BR>[Called By]<UL><LI><a href="#[5f]">&gt;&gt;</a>&nbsp;&nbsp;&nbsp;gattc_write_req_ind_handler
</UL>

<P><STRONG><a name="[a1]"></a>prf_get_id_from_task_func</STRONG> (Thumb, 0 bytes, Stack size 0 bytes, da14531_symbols.txt(ABSOLUTE), UNUSED)
<BR>[Address Reference Count : 1]<UL><LI> jump_table.o(.rodata.rom_func_addr_table_var)
</UL>
<P><STRONG><a name="[a2]"></a>prf_get_task_from_id_func</STRONG> (Thumb, 0 bytes, Stack size 0 bytes, da14531_symbols.txt(ABSOLUTE), UNUSED)
<BR>[Address Reference Count : 1]<UL><LI> jump_table.o(.rodata.rom_func_addr_table_var)
</UL>
<P><STRONG><a name="[185]"></a>prf_itf_get</STRONG> (Thumb, 0 bytes, Stack size 0 bytes, da14531_symbols.txt(ABSOLUTE))
<BR><BR>[Called By]<UL><LI><a href="#[9f]">&gt;&gt;</a>&nbsp;&nbsp;&nbsp;prf_create_func
<LI><a href="#[9d]">&gt;&gt;</a>&nbsp;&nbsp;&nbsp;prf_init_func
</UL>

<P><STRONG><a name="[6a]"></a>diss_prf_itf_get</STRONG> (Thumb, 0 bytes, Stack size 0 bytes, da14531_symbols.txt(ABSOLUTE), UNUSED)
<BR>[Address Reference Count : 1]<UL><LI> prf.o(.rodata.prf_if)
</UL>
<P><STRONG><a name="[17a]"></a>check_client_char_cfg</STRONG> (Thumb, 0 bytes, Stack size 0 bytes, da14531_symbols.txt(ABSOLUTE))
<BR><BR>[Called By]<UL><LI><a href="#[5f]">&gt;&gt;</a>&nbsp;&nbsp;&nbsp;gattc_write_req_ind_handler
</UL>

<P><STRONG><a name="[178]"></a>get_value_handle</STRONG> (Thumb, 0 bytes, Stack size 0 bytes, da14531_symbols.txt(ABSOLUTE))
<BR><BR>[Called By]<UL><LI><a href="#[5f]">&gt;&gt;</a>&nbsp;&nbsp;&nbsp;gattc_write_req_ind_handler
</UL>

<P><STRONG><a name="[182]"></a>custs1_get_att_handle</STRONG> (Thumb, 0 bytes, Stack size 0 bytes, da14531_symbols.txt(ABSOLUTE))
<BR><BR>[Called By]<UL><LI><a href="#[66]">&gt;&gt;</a>&nbsp;&nbsp;&nbsp;custs1_value_req_rsp_handler
</UL>

<P><STRONG><a name="[177]"></a>custs1_get_att_idx</STRONG> (Thumb, 0 bytes, Stack size 0 bytes, da14531_symbols.txt(ABSOLUTE))
<BR><BR>[Called By]<UL><LI><a href="#[5f]">&gt;&gt;</a>&nbsp;&nbsp;&nbsp;gattc_write_req_ind_handler
</UL>

<P><STRONG><a name="[6b]"></a>custs1_prf_itf_get</STRONG> (Thumb, 0 bytes, Stack size 0 bytes, da14531_symbols.txt(ABSOLUTE), UNUSED)
<BR>[Address Reference Count : 1]<UL><LI> prf.o(.rodata.prf_if)
</UL>
<P><STRONG><a name="[17b]"></a>custs1_set_ccc_value</STRONG> (Thumb, 0 bytes, Stack size 0 bytes, da14531_symbols.txt(ABSOLUTE))
<BR><BR>[Called By]<UL><LI><a href="#[5f]">&gt;&gt;</a>&nbsp;&nbsp;&nbsp;gattc_write_req_ind_handler
</UL>

<P><STRONG><a name="[61]"></a>gattc_cmp_evt_handler</STRONG> (Thumb, 0 bytes, Stack size 0 bytes, da14531_symbols.txt(ABSOLUTE), UNUSED)
<BR>[Address Reference Count : 1]<UL><LI> custs1_task.o(.rodata.custs1_default_state)
</UL>
<P><STRONG><a name="[63]"></a>custs1_val_set_req_handler</STRONG> (Thumb, 0 bytes, Stack size 0 bytes, da14531_symbols.txt(ABSOLUTE), UNUSED)
<BR>[Address Reference Count : 1]<UL><LI> custs1_task.o(.rodata.custs1_default_state)
</UL>
<P><STRONG><a name="[62]"></a>custs1_val_ntf_req_handler</STRONG> (Thumb, 0 bytes, Stack size 0 bytes, da14531_symbols.txt(ABSOLUTE), UNUSED)
<BR>[Address Reference Count : 1]<UL><LI> custs1_task.o(.rodata.custs1_default_state)
</UL>
<P><STRONG><a name="[64]"></a>custs1_val_ind_req_handler</STRONG> (Thumb, 0 bytes, Stack size 0 bytes, da14531_symbols.txt(ABSOLUTE), UNUSED)
<BR>[Address Reference Count : 1]<UL><LI> custs1_task.o(.rodata.custs1_default_state)
</UL>
<P><STRONG><a name="[65]"></a>custs1_att_info_rsp_handler</STRONG> (Thumb, 0 bytes, Stack size 0 bytes, da14531_symbols.txt(ABSOLUTE), UNUSED)
<BR>[Address Reference Count : 1]<UL><LI> custs1_task.o(.rodata.custs1_default_state)
</UL>
<P><STRONG><a name="[5e]"></a>gattc_read_req_ind_handler</STRONG> (Thumb, 0 bytes, Stack size 0 bytes, da14531_symbols.txt(ABSOLUTE), UNUSED)
<BR>[Address Reference Count : 1]<UL><LI> custs1_task.o(.rodata.custs1_default_state)
</UL>
<P><STRONG><a name="[60]"></a>gattc_att_info_req_ind_handler</STRONG> (Thumb, 0 bytes, Stack size 0 bytes, da14531_symbols.txt(ABSOLUTE), UNUSED)
<BR>[Address Reference Count : 1]<UL><LI> custs1_task.o(.rodata.custs1_default_state)
</UL>
<P><STRONG><a name="[49]"></a>gapm_adv_report_ind_handler_ROM</STRONG> (Thumb, 0 bytes, Stack size 0 bytes, da14531_symbols.txt(ABSOLUTE), UNUSED)
<BR>[Address Reference Count : 1]<UL><LI> app_task.o(.rodata.app_gap_process_handlers)
</UL>
<P><STRONG><a name="[4e]"></a>gapc_security_ind_handler_ROM</STRONG> (Thumb, 0 bytes, Stack size 0 bytes, da14531_symbols.txt(ABSOLUTE), UNUSED)
<BR>[Address Reference Count : 1]<UL><LI> app_task.o(.rodata.app_gap_process_handlers)
</UL>
<P><STRONG><a name="[47]"></a>gapc_set_dev_info_req_ind_handler_ROM</STRONG> (Thumb, 0 bytes, Stack size 0 bytes, da14531_symbols.txt(ABSOLUTE), UNUSED)
<BR>[Address Reference Count : 1]<UL><LI> app_task.o(.rodata.app_gap_process_handlers)
</UL>
<P><STRONG><a name="[48]"></a>gapm_profile_added_ind_handler_ROM</STRONG> (Thumb, 0 bytes, Stack size 0 bytes, da14531_symbols.txt(ABSOLUTE), UNUSED)
<BR>[Address Reference Count : 1]<UL><LI> app_task.o(.rodata.app_gap_process_handlers)
</UL>
<P><STRONG><a name="[4a]"></a>gapc_param_update_req_ind_handler_ROM</STRONG> (Thumb, 0 bytes, Stack size 0 bytes, da14531_symbols.txt(ABSOLUTE), UNUSED)
<BR>[Address Reference Count : 1]<UL><LI> app_task.o(.rodata.app_gap_process_handlers)
</UL>
<P><STRONG><a name="[4b]"></a>gapc_le_pkt_size_ind_handler_ROM</STRONG> (Thumb, 0 bytes, Stack size 0 bytes, da14531_symbols.txt(ABSOLUTE), UNUSED)
<BR>[Address Reference Count : 1]<UL><LI> app_task.o(.rodata.app_gap_process_handlers)
</UL>
<P><STRONG><a name="[4c]"></a>gattc_svc_changed_cfg_ind_handler_ROM</STRONG> (Thumb, 0 bytes, Stack size 0 bytes, da14531_symbols.txt(ABSOLUTE), UNUSED)
<BR>[Address Reference Count : 1]<UL><LI> app_task.o(.rodata.app_gap_process_handlers)
</UL>
<P><STRONG><a name="[4d]"></a>gapc_peer_features_ind_handler_ROM</STRONG> (Thumb, 0 bytes, Stack size 0 bytes, da14531_symbols.txt(ABSOLUTE), UNUSED)
<BR>[Address Reference Count : 1]<UL><LI> app_task.o(.rodata.app_gap_process_handlers)
</UL>
<P><STRONG><a name="[1be]"></a>app_std_process_event</STRONG> (Thumb, 0 bytes, Stack size 0 bytes, da14531_symbols.txt(ABSOLUTE))
<BR><BR>[Called By]<UL><LI><a href="#[4f]">&gt;&gt;</a>&nbsp;&nbsp;&nbsp;app_gap_process_handler
<LI><a href="#[54]">&gt;&gt;</a>&nbsp;&nbsp;&nbsp;app_custs1_process_handler
<LI><a href="#[53]">&gt;&gt;</a>&nbsp;&nbsp;&nbsp;app_diss_process_handler
<LI><a href="#[52]">&gt;&gt;</a>&nbsp;&nbsp;&nbsp;app_sec_process_handler
</UL>

<P><STRONG><a name="[1e8]"></a>app_get_address_type_ROM</STRONG> (Thumb, 0 bytes, Stack size 0 bytes, da14531_symbols.txt(ABSOLUTE), UNUSED)
<BR><BR>[Called By]<UL><LI><a href="#[19c]">&gt;&gt;</a>&nbsp;&nbsp;&nbsp;app_get_address_type
</UL>

<P><STRONG><a name="[1e9]"></a>app_fill_random_byte_array_ROM</STRONG> (Thumb, 0 bytes, Stack size 0 bytes, da14531_symbols.txt(ABSOLUTE))
<BR><BR>[Called By]<UL><LI><a href="#[1c3]">&gt;&gt;</a>&nbsp;&nbsp;&nbsp;app_fill_random_byte_array
</UL>

<P><STRONG><a name="[192]"></a>__aeabi_llsr</STRONG> (Thumb, 0 bytes, Stack size 0 bytes, da14531_symbols.txt(ABSOLUTE), UNUSED)
<BR><BR>[Called By]<UL><LI><a href="#[191]">&gt;&gt;</a>&nbsp;&nbsp;&nbsp;default_app_generate_unique_static_random_addr
</UL>

<P><STRONG><a name="[e1]"></a>__aeabi_uldivmod</STRONG> (Thumb, 0 bytes, Stack size 0 bytes, da14531_symbols.txt(ABSOLUTE))
<BR><BR>[Called By]<UL><LI><a href="#[d4]">&gt;&gt;</a>&nbsp;&nbsp;&nbsp;read_rcx_freq
</UL>

<P><STRONG><a name="[190]"></a>app_db_init_start</STRONG> (Thumb, 0 bytes, Stack size 0 bytes, da14531_symbols.txt(ABSOLUTE))
<BR><BR>[Called By]<UL><LI><a href="#[c2]">&gt;&gt;</a>&nbsp;&nbsp;&nbsp;default_app_on_set_dev_config_complete
</UL>

<P><STRONG><a name="[1bf]"></a>app_easy_gap_confirm</STRONG> (Thumb, 0 bytes, Stack size 0 bytes, da14531_symbols.txt(ABSOLUTE))
[...]
</UL>
<BR>[Calls]<UL><LI><a href="#[15f]">&gt;&gt;</a>&nbsp;&nbsp;&nbsp;syscntl_cfg_xtal32m_amp_reg
</UL>
<BR>[Called By]<UL><LI><a href="#[74]">&gt;&gt;</a>&nbsp;&nbsp;&nbsp;rf_reinit_func
<LI><a href="#[73]">&gt;&gt;</a>&nbsp;&nbsp;&nbsp;rf_init_func
</UL>

<P><STRONG><a name="[16b]"></a>ble_update_arp_adpll_calib_vals</STRONG> (Thumb, 32 bytes, Stack size 8 bytes, ble_arp.o(.text))
<BR><BR>[Stack]<UL><LI>Max Depth = 8<LI>Call Chain = ble_update_arp_adpll_calib_vals
</UL>
<BR>[Called By]<UL><LI><a href="#[eb]">&gt;&gt;</a>&nbsp;&nbsp;&nbsp;rf_recalibration
<LI><a href="#[73]">&gt;&gt;</a>&nbsp;&nbsp;&nbsp;rf_init_func
</UL>

<P><STRONG><a name="[16c]"></a>ble_update_arp_adpll_div_val</STRONG> (Thumb, 32 bytes, Stack size 8 bytes, ble_arp.o(.text))
<BR><BR>[Stack]<UL><LI>Max Depth = 8<LI>Call Chain = ble_update_arp_adpll_div_val
</UL>
<BR>[Called By]<UL><LI><a href="#[74]">&gt;&gt;</a>&nbsp;&nbsp;&nbsp;rf_reinit_func
<LI><a href="#[73]">&gt;&gt;</a>&nbsp;&nbsp;&nbsp;rf_init_func
</UL>

<P><STRONG><a name="[30]"></a>rf_txpwr_dbm_get</STRONG> (Thumb, 36 bytes, Stack size 8 bytes, ble_arp.o(.text))
<BR><BR>[Stack]<UL><LI>Max Depth = 8<LI>Call Chain = rf_txpwr_dbm_get
</UL>
<BR>[Calls]<UL><LI><a href="#[109]">&gt;&gt;</a>&nbsp;&nbsp;&nbsp;rf_pa_pwr_get
</UL>
<BR>[Address Reference Count : 1]<UL><LI> ble_arp.o(.text)
</UL>
<P><STRONG><a name="[31]"></a>rf_sleep</STRONG> (Thumb, 24 bytes, Stack size 0 bytes, ble_arp.o(.text))
<BR>[Address Reference Count : 1]<UL><LI> ble_arp.o(.text)
</UL>
<P><STRONG><a name="[32]"></a>RADIOCNTL_Handler</STRONG> (Thumb, 2 bytes, Stack size 0 bytes, ble_arp.o(.text))
<BR>[Address Reference Count : 1]<UL><LI> ble_arp.o(.text)
</UL>
<P><STRONG><a name="[33]"></a>rf_reset</STRONG> (Thumb, 2 bytes, Stack size 0 bytes, ble_arp.o(.text))
<BR>[Address Reference Count : 1]<UL><LI> ble_arp.o(.text)
</UL>
<P><STRONG><a name="[34]"></a>rf_rssi_convert</STRONG> (Thumb, 36 bytes, Stack size 8 bytes, ble_arp.o(.text))
<BR><BR>[Stack]<UL><LI>Max Depth = 8<LI>Call Chain = rf_rssi_convert
</UL>
<BR>[Calls]<UL><LI><a href="#[e3]">&gt;&gt;</a>&nbsp;&nbsp;&nbsp;__aeabi_uidiv
</UL>
<BR>[Address Reference Count : 1]<UL><LI> ble_arp.o(.text)
</UL>
<P><STRONG><a name="[35]"></a>rf_force_agc_enable</STRONG> (Thumb, 2 bytes, Stack size 0 bytes, ble_arp.o(.text))
<BR>[Address Reference Count : 1]<UL><LI> ble_arp.o(.text)
</UL>
<P><STRONG><a name="[5f]"></a>gattc_write_req_ind_handler</STRONG> (Thumb, 320 bytes, Stack size 56 bytes, custs1_task.o(.text))
<BR><BR>[Stack]<UL><LI>Max Depth = 56<LI>Call Chain = gattc_write_req_ind_handler
</UL>
<BR>[Calls]<UL><LI><a href="#[104]">&gt;&gt;</a>&nbsp;&nbsp;&nbsp;__aeabi_memcpy
<LI><a href="#[180]">&gt;&gt;</a>&nbsp;&nbsp;&nbsp;ke_msg_send
<LI><a href="#[17f]">&gt;&gt;</a>&nbsp;&nbsp;&nbsp;ke_msg_alloc
<LI><a href="#[17e]">&gt;&gt;</a>&nbsp;&nbsp;&nbsp;prf_dst_task_get
<LI><a href="#[17d]">&gt;&gt;</a>&nbsp;&nbsp;&nbsp;attmdb_att_set_value
<LI><a href="#[17c]">&gt;&gt;</a>&nbsp;&nbsp;&nbsp;attmdb_get_attribute
<LI><a href="#[17b]">&gt;&gt;</a>&nbsp;&nbsp;&nbsp;custs1_set_ccc_value
<LI><a href="#[17a]">&gt;&gt;</a>&nbsp;&nbsp;&nbsp;check_client_char_cfg
<LI><a href="#[179]">&gt;&gt;</a>&nbsp;&nbsp;&nbsp;attmdb_att_get_permission
<LI><a href="#[178]">&gt;&gt;</a>&nbsp;&nbsp;&nbsp;get_value_handle
<LI><a href="#[177]">&gt;&gt;</a>&nbsp;&nbsp;&nbsp;custs1_get_att_idx
<LI><a href="#[176]">&gt;&gt;</a>&nbsp;&nbsp;&nbsp;prf_env_get
<LI><a href="#[72]">&gt;&gt;</a>&nbsp;&nbsp;&nbsp;custs_get_func_callbacks
</UL>
<BR>[Address Reference Count : 1]<UL><LI> custs1_task.o(.rodata.custs1_default_state)
</UL>
<P><STRONG><a name="[66]"></a>custs1_value_req_rsp_handler</STRONG> (Thumb, 116 bytes, Stack size 16 bytes, custs1_task.o(.text))
<BR><BR>[Stack]<UL><LI>Max Depth = 16<LI>Call Chain = custs1_value_req_rsp_handler
</UL>
<BR>[Calls]<UL><LI><a href="#[104]">&gt;&gt;</a>&nbsp;&nbsp;&nbsp;__aeabi_memcpy
<LI><a href="#[183]">&gt;&gt;</a>&nbsp;&nbsp;&nbsp;ke_state_set
<LI><a href="#[182]">&gt;&gt;</a>&nbsp;&nbsp;&nbsp;custs1_get_att_handle
<LI><a href="#[181]">&gt;&gt;</a>&nbsp;&nbsp;&nbsp;ke_state_get
<LI><a href="#[180]">&gt;&gt;</a>&nbsp;&nbsp;&nbsp;ke_msg_send
<LI><a href="#[17f]">&gt;&gt;</a>&nbsp;&nbsp;&nbsp;ke_msg_alloc
</UL>
<BR>[Address Reference Count : 1]<UL><LI> custs1_task.o(.rodata.custs1_default_state)
</UL>
<P><STRONG><a name="[1a6]"></a>app_easy_gap_undirected_advertise_start_create_msg</STRONG> (Thumb, 72 bytes, Stack size 8 bytes, app.o(.text))
<BR><BR>[Stack]<UL><LI>Max Depth = 8<LI>Call Chain = app_easy_gap_undirected_advertise_start_create_msg
</UL>
<BR>[Calls]<UL><LI><a href="#[1a7]">&gt;&gt;</a>&nbsp;&nbsp;&nbsp;append_device_name
<LI><a href="#[17f]">&gt;&gt;</a>&nbsp;&nbsp;&nbsp;ke_msg_alloc
</UL>
<BR>[Called By]<UL><LI><a href="#[1a5]">&gt;&gt;</a>&nbsp;&nbsp;&nbsp;app_easy_gap_undirected_advertise_get_active
<LI><a href="#[188]">&gt;&gt;</a>&nbsp;&nbsp;&nbsp;app_easy_gap_undirected_advertise_start
</UL>

<P><STRONG><a name="[1a9]"></a>app_easy_gap_directed_advertise_start_create_msg</STRONG> (Thumb, 92 bytes, Stack size 16 bytes, app.o(.text), UNUSED)
<BR><BR>[Calls]<UL><LI><a href="#[104]">&gt;&gt;</a>&nbsp;&nbsp;&nbsp;__aeabi_memcpy
<LI><a href="#[17f]">&gt;&gt;</a>&nbsp;&nbsp;&nbsp;ke_msg_alloc
</UL>
<BR>[Called By]<UL><LI><a href="#[1aa]">&gt;&gt;</a>&nbsp;&nbsp;&nbsp;app_easy_gap_directed_advertise_start
<LI><a href="#[1a8]">&gt;&gt;</a>&nbsp;&nbsp;&nbsp;app_easy_gap_directed_advertise_get_active
</UL>

<P><STRONG><a name="[1ac]"></a>app_easy_gap_non_connectable_advertise_start_create_msg</STRONG> (Thumb, 72 bytes, Stack size 8 bytes, app.o(.text), UNUSED)
<BR><BR>[Calls]<UL><LI><a href="#[1a7]">&gt;&gt;</a>&nbsp;&nbsp;&nbsp;append_device_name
<LI><a href="#[17f]">&gt;&gt;</a>&nbsp;&nbsp;&nbsp;ke_msg_alloc
</UL>
<BR>[Called By]<UL><LI><a href="#[1ad]">&gt;&gt;</a>&nbsp;&nbsp;&nbsp;app_easy_gap_non_connectable_advertise_start
<LI><a href="#[1ab]">&gt;&gt;</a>&nbsp;&nbsp;&nbsp;app_easy_gap_non_connectable_advertise_get_active
</UL>

<P><STRONG><a name="[3b]"></a>app_easy_gap_advertise_stop_handler</STRONG> (Thumb, 24 bytes, Stack size 8 bytes, app.o(.text))
<BR><BR>[Stack]<UL><LI>Max Depth = 8<LI>Call Chain = app_easy_gap_advertise_stop_handler
</UL>
<BR>[Calls]<UL><LI><a href="#[1b1]">&gt;&gt;</a>&nbsp;&nbsp;&nbsp;app_easy_gap_advertise_stop
</UL>
<BR>[Address Reference Count : 1]<UL><LI> app.o(.text)
</UL>
<P><STRONG><a name="[1b4]"></a>app_easy_gap_param_update_msg_create</STRONG> (Thumb, 68 bytes, Stack size 8 bytes, app.o(.text), UNUSED)
<BR><BR>[Calls]<UL><LI><a href="#[17f]">&gt;&gt;</a>&nbsp;&nbsp;&nbsp;ke_msg_alloc
</UL>
<BR>[Called By]<UL><LI><a href="#[1b5]">&gt;&gt;</a>&nbsp;&nbsp;&nbsp;app_easy_gap_param_update_start
<LI><a href="#[1b3]">&gt;&gt;</a>&nbsp;&nbsp;&nbsp;app_easy_gap_param_update_get_active
</UL>

<P><STRONG><a name="[1b7]"></a>app_easy_gap_start_connection_to_msg_create</STRONG> (Thumb, 68 bytes, Stack size 8 bytes, app.o(.text), UNUSED)
<BR><BR>[Calls]<UL><LI><a href="#[17f]">&gt;&gt;</a>&nbsp;&nbsp;&nbsp;ke_msg_alloc
</UL>
<BR>[Called By]<UL><LI><a href="#[1b9]">&gt;&gt;</a>&nbsp;&nbsp;&nbsp;app_easy_gap_start_connection_to
<LI><a href="#[1b8]">&gt;&gt;</a>&nbsp;&nbsp;&nbsp;app_easy_gap_start_connection_to_set
<LI><a href="#[1b6]">&gt;&gt;</a>&nbsp;&nbsp;&nbsp;app_easy_gap_start_connection_to_get_active
</UL>

<P><STRONG><a name="[1bb]"></a>app_easy_gap_dev_config_create_msg</STRONG> (Thumb, 68 bytes, Stack size 16 bytes, app.o(.text))
<BR><BR>[Stack]<UL><LI>Max Depth = 16<LI>Call Chain = app_easy_gap_dev_config_create_msg
</UL>
<BR>[Calls]<UL><LI><a href="#[1bc]">&gt;&gt;</a>&nbsp;&nbsp;&nbsp;__aeabi_memclr
<LI><a href="#[17f]">&gt;&gt;</a>&nbsp;&nbsp;&nbsp;ke_msg_alloc
</UL>
<BR>[Called By]<UL><LI><a href="#[6c]">&gt;&gt;</a>&nbsp;&nbsp;&nbsp;app_easy_gap_dev_configure
<LI><a href="#[1ba]">&gt;&gt;</a>&nbsp;&nbsp;&nbsp;app_easy_gap_dev_config_get_active
</UL>

<P><STRONG><a name="[41]"></a>gapm_device_ready_ind_handler</STRONG> (Thumb, 40 bytes, Stack size 8 bytes, app_task.o(.text))
<BR><BR>[Stack]<UL><LI>Max Depth = 8<LI>Call Chain = gapm_device_ready_ind_handler
</UL>
<BR>[Calls]<UL><LI><a href="#[181]">&gt;&gt;</a>&nbsp;&nbsp;&nbsp;ke_state_get
<LI><a href="#[180]">&gt;&gt;</a>&nbsp;&nbsp;&nbsp;ke_msg_send
<LI><a href="#[17f]">&gt;&gt;</a>&nbsp;&nbsp;&nbsp;ke_msg_alloc
</UL>
<BR>[Address Reference Count : 1]<UL><LI> app_task.o(.rodata.app_gap_process_handlers)
</UL>
<P><STRONG><a name="[42]"></a>gapm_cmp_evt_handler</STRONG> (Thumb, 76 bytes, Stack size 16 bytes, app_task.o(.text))
<BR><BR>[Stack]<UL><LI>Max Depth = 40<LI>Call Chain = gapm_cmp_evt_handler &rArr; app_easy_gap_dev_configure &rArr; app_easy_gap_dev_config_create_msg
</UL>
<BR>[Calls]<UL><LI><a href="#[6c]">&gt;&gt;</a>&nbsp;&nbsp;&nbsp;app_easy_gap_dev_configure
<LI><a href="#[c2]">&gt;&gt;</a>&nbsp;&nbsp;&nbsp;default_app_on_set_dev_config_complete
</UL>
<BR>[Address Reference Count : 1]<UL><LI> app_task.o(.rodata.app_gap_process_handlers)
</UL>
<P><STRONG><a name="[43]"></a>gapc_cmp_evt_handler</STRONG> (Thumb, 44 bytes, Stack size 8 bytes, app_task.o(.text))
<BR><BR>[Stack]<UL><LI>Max Depth = 8<LI>Call Chain = gapc_cmp_evt_handler
</UL>
<BR>[Address Reference Count : 1]<UL><LI> app_task.o(.rodata.app_gap_process_handlers)
</UL>
<P><STRONG><a name="[44]"></a>gapc_connection_req_ind_handler</STRONG> (Thumb, 104 bytes, Stack size 24 bytes, app_task.o(.text))
<BR><BR>[Stack]<UL><LI>Max Depth = 120<LI>Call Chain = gapc_connection_req_ind_handler &rArr; user_on_connection &rArr; gpadc_init &rArr; adc_offset_calibrate &rArr; adc_init
</UL>
<BR>[Calls]<UL><LI><a href="#[104]">&gt;&gt;</a>&nbsp;&nbsp;&nbsp;__aeabi_memcpy
<LI><a href="#[c0]">&gt;&gt;</a>&nbsp;&nbsp;&nbsp;user_on_connection
<LI><a href="#[1bf]">&gt;&gt;</a>&nbsp;&nbsp;&nbsp;app_easy_gap_confirm
<LI><a href="#[183]">&gt;&gt;</a>&nbsp;&nbsp;&nbsp;ke_state_set
<LI><a href="#[181]">&gt;&gt;</a>&nbsp;&nbsp;&nbsp;ke_state_get
</UL>
<BR>[Address Reference Count : 1]<UL><LI> app_task.o(.rodata.app_gap_process_handlers)
</UL>
<P><STRONG><a name="[45]"></a>gapc_disconnect_ind_handler</STRONG> (Thumb, 44 bytes, Stack size 16 bytes, app_task.o(.text))
<BR><BR>[Stack]<UL><LI>Max Depth = 48<LI>Call Chain = gapc_disconnect_ind_handler &rArr; user_on_disconnect &rArr; default_app_on_disconnect &rArr; app_easy_gap_undirected_advertise_start &rArr; app_easy_gap_undirected_advertise_start_create_msg
</UL>
<BR>[Calls]<UL><LI><a href="#[c1]">&gt;&gt;</a>&nbsp;&nbsp;&nbsp;user_on_disconnect
<LI><a href="#[181]">&gt;&gt;</a>&nbsp;&nbsp;&nbsp;ke_state_get
</UL>
<BR>[Address Reference Count : 1]<UL><LI> app_task.o(.rodata.app_gap_process_handlers)
</UL>
<P><STRONG><a name="[46]"></a>gapc_get_dev_info_req_ind_handler</STRONG> (Thumb, 164 bytes, Stack size 56 bytes, app_task.o(.text))
<BR><BR>[Stack]<UL><LI>Max Depth = 64<LI>Call Chain = gapc_get_dev_info_req_ind_handler &rArr; default_app_on_get_dev_name
</UL>
<BR>[Calls]<UL><LI><a href="#[104]">&gt;&gt;</a>&nbsp;&nbsp;&nbsp;__aeabi_memcpy
<LI><a href="#[1c0]">&gt;&gt;</a>&nbsp;&nbsp;&nbsp;__aeabi_memclr4
<LI><a href="#[c6]">&gt;&gt;</a>&nbsp;&nbsp;&nbsp;default_app_on_get_dev_slv_pref_params
<LI><a href="#[c5]">&gt;&gt;</a>&nbsp;&nbsp;&nbsp;default_app_on_get_dev_appearance
<LI><a href="#[c4]">&gt;&gt;</a>&nbsp;&nbsp;&nbsp;default_app_on_get_dev_name
<LI><a href="#[180]">&gt;&gt;</a>&nbsp;&nbsp;&nbsp;ke_msg_send
<LI><a href="#[17f]">&gt;&gt;</a>&nbsp;&nbsp;&nbsp;ke_msg_alloc
</UL>
<BR>[Address Reference Count : 1]<UL><LI> app_task.o(.rodata.app_gap_process_handlers)
</UL>
<P><STRONG><a name="[55]"></a>gapc_bond_req_ind_handler</STRONG> (Thumb, 100 bytes, Stack size 8 bytes, app_security_task.o(.text))
<BR><BR>[Stack]<UL><LI>Max Depth = 96<LI>Call Chain = gapc_bond_req_ind_handler &rArr; default_app_on_tk_exch &rArr; app_easy_security_tk_exch &rArr; tk_exch_create_msg
</UL>
<BR>[Calls]<UL><LI><a href="#[cc]">&gt;&gt;</a>&nbsp;&nbsp;&nbsp;default_app_on_ltk_exch
<LI><a href="#[cb]">&gt;&gt;</a>&nbsp;&nbsp;&nbsp;default_app_on_tk_exch
<LI><a href="#[ca]">&gt;&gt;</a>&nbsp;&nbsp;&nbsp;default_app_on_pairing_request
</UL>
<BR>[Address Reference Count : 1]<UL><LI> app_security_task.o(.rodata.app_sec_process_handlers)
</UL>
<P><STRONG><a name="[56]"></a>gapc_bond_ind_handler</STRONG> (Thumb, 268 bytes, Stack size 16 bytes, app_security_task.o(.text))
<BR><BR>[Stack]<UL><LI>Max Depth = 16<LI>Call Chain = gapc_bond_ind_handler
</UL>
<BR>[Calls]<UL><LI><a href="#[104]">&gt;&gt;</a>&nbsp;&nbsp;&nbsp;__aeabi_memcpy
<LI><a href="#[1c6]">&gt;&gt;</a>&nbsp;&nbsp;&nbsp;arch_printf
<LI><a href="#[1c5]">&gt;&gt;</a>&nbsp;&nbsp;&nbsp;app_easy_gap_disconnect
</UL>
<BR>[Address Reference Count : 1]<UL><LI> app_security_task.o(.rodata.app_sec_process_handlers)
</UL>
<P><STRONG><a name="[57]"></a>gapc_encrypt_req_ind_handler</STRONG> (Thumb, 4 bytes, Stack size 0 bytes, app_security_task.o(.text))
<BR>[Address Reference Count : 1]<UL><LI> app_security_task.o(.rodata.app_sec_process_handlers)
</UL>
<P><STRONG><a name="[58]"></a>gapc_encrypt_ind_handler</STRONG> (Thumb, 20 bytes, Stack size 0 bytes, app_security_task.o(.text))
<BR>[Address Reference Count : 1]<UL><LI> app_security_task.o(.rodata.app_sec_process_handlers)
</UL>
<P><STRONG><a name="[59]"></a>gapm_addr_solved_ind_handler</STRONG> (Thumb, 4 bytes, Stack size 0 bytes, app_security_task.o(.text))
<BR>[Address Reference Count : 1]<UL><LI> app_security_task.o(.rodata.app_sec_process_handlers)
</UL>
<P><STRONG><a name="[5a]"></a>gapm_ral_size_ind_handler</STRONG> (Thumb, 4 bytes, Stack size 0 bytes, app_security_task.o(.text))
<BR>[Address Reference Count : 1]<UL><LI> app_security_task.o(.rodata.app_sec_process_handlers)
</UL>
<P><STRONG><a name="[5b]"></a>gapm_ral_addr_ind_handler</STRONG> (Thumb, 4 bytes, Stack size 0 bytes, app_security_task.o(.text))
<BR>[Address Reference Count : 1]<UL><LI> app_security_task.o(.rodata.app_sec_process_handlers)
</UL>
<P><STRONG><a name="[40]"></a>diss_value_req_ind_handler</STRONG> (Thumb, 124 bytes, Stack size 24 bytes, app_diss_task.o(.text))
<BR><BR>[Stack]<UL><LI>Max Depth = 24<LI>Call Chain = diss_value_req_ind_handler
</UL>
<BR>[Calls]<UL><LI><a href="#[104]">&gt;&gt;</a>&nbsp;&nbsp;&nbsp;__aeabi_memcpy
<LI><a href="#[180]">&gt;&gt;</a>&nbsp;&nbsp;&nbsp;ke_msg_send
<LI><a href="#[17f]">&gt;&gt;</a>&nbsp;&nbsp;&nbsp;ke_msg_alloc
</UL>
<BR>[Address Reference Count : 1]<UL><LI> app_diss_task.o(.rodata.app_diss_process_handlers)
</UL>
<P><STRONG><a name="[1d3]"></a>pairing_rsp_create_msg</STRONG> (Thumb, 52 bytes, Stack size 16 bytes, app_easy_security.o(.text))
<BR><BR>[Stack]<UL><LI>Max Depth = 16<LI>Call Chain = pairing_rsp_create_msg
</UL>
<BR>[Calls]<UL><LI><a href="#[104]">&gt;&gt;</a>&nbsp;&nbsp;&nbsp;__aeabi_memcpy
<LI><a href="#[17f]">&gt;&gt;</a>&nbsp;&nbsp;&nbsp;ke_msg_alloc
</UL>
<BR>[Called By]<UL><LI><a href="#[193]">&gt;&gt;</a>&nbsp;&nbsp;&nbsp;app_easy_security_send_pairing_rsp
<LI><a href="#[1d2]">&gt;&gt;</a>&nbsp;&nbsp;&nbsp;app_easy_security_pairing_rsp_get_active
</UL>

<P><STRONG><a name="[1d5]"></a>tk_exch_create_msg</STRONG> (Thumb, 40 bytes, Stack size 16 bytes, app_easy_security.o(.text))
<BR><BR>[Stack]<UL><LI>Max Depth = 16<LI>Call Chain = tk_exch_create_msg
</UL>
<BR>[Calls]<UL><LI><a href="#[17f]">&gt;&gt;</a>&nbsp;&nbsp;&nbsp;ke_msg_alloc
</UL>
<BR>[Called By]<UL><LI><a href="#[194]">&gt;&gt;</a>&nbsp;&nbsp;&nbsp;app_easy_security_tk_exch
<LI><a href="#[1d4]">&gt;&gt;</a>&nbsp;&nbsp;&nbsp;app_easy_security_tk_get_active
</UL>

<P><STRONG><a name="[1d7]"></a>csrk_exch_create_msg</STRONG> (Thumb, 68 bytes, Stack size 16 bytes, app_easy_security.o(.text), UNUSED)
<BR><BR>[Calls]<UL><LI><a href="#[104]">&gt;&gt;</a>&nbsp;&nbsp;&nbsp;__aeabi_memcpy
<LI><a href="#[1c4]">&gt;&gt;</a>&nbsp;&nbsp;&nbsp;app_sec_gen_csrk
<LI><a href="#[17f]">&gt;&gt;</a>&nbsp;&nbsp;&nbsp;ke_msg_alloc
</UL>
<BR>[Called By]<UL><LI><a href="#[196]">&gt;&gt;</a>&nbsp;&nbsp;&nbsp;app_easy_security_csrk_exch
<LI><a href="#[1d6]">&gt;&gt;</a>&nbsp;&nbsp;&nbsp;app_easy_security_csrk_get_active
</UL>

<P><STRONG><a name="[1d9]"></a>ltk_exch_create_msg</STRONG> (Thumb, 44 bytes, Stack size 8 bytes, app_easy_security.o(.text))
<BR><BR>[Stack]<UL><LI>Max Depth = 8<LI>Call Chain = ltk_exch_create_msg
</UL>
<BR>[Calls]<UL><LI><a href="#[17f]">&gt;&gt;</a>&nbsp;&nbsp;&nbsp;ke_msg_alloc
</UL>
<BR>[Called By]<UL><LI><a href="#[199]">&gt;&gt;</a>&nbsp;&nbsp;&nbsp;app_easy_security_ltk_exch
<LI><a href="#[198]">&gt;&gt;</a>&nbsp;&nbsp;&nbsp;app_easy_security_set_ltk_exch_from_sec_env
<LI><a href="#[1da]">&gt;&gt;</a>&nbsp;&nbsp;&nbsp;app_easy_security_set_ltk_exch
<LI><a href="#[1d8]">&gt;&gt;</a>&nbsp;&nbsp;&nbsp;app_easy_security_ltk_exch_get_active
</UL>

<P><STRONG><a name="[1dc]"></a>encrypt_cfm_create_msg</STRONG> (Thumb, 36 bytes, Stack size 8 bytes, app_easy_security.o(.text), UNUSED)
<BR><BR>[Calls]<UL><LI><a href="#[17f]">&gt;&gt;</a>&nbsp;&nbsp;&nbsp;ke_msg_alloc
</UL>
<BR>[Called By]<UL><LI><a href="#[1df]">&gt;&gt;</a>&nbsp;&nbsp;&nbsp;app_easy_security_set_encrypt_req_invalid
<LI><a href="#[1de]">&gt;&gt;</a>&nbsp;&nbsp;&nbsp;app_easy_security_set_encrypt_req_valid
<LI><a href="#[1dd]">&gt;&gt;</a>&nbsp;&nbsp;&nbsp;app_easy_security_encrypt_cfm_get_active
<LI><a href="#[1db]">&gt;&gt;</a>&nbsp;&nbsp;&nbsp;app_easy_security_encrypt_cfm
</UL>

<P><STRONG><a name="[1e3]"></a>create_timer</STRONG> (Thumb, 56 bytes, Stack size 16 bytes, app_easy_timer.o(.text))
<BR><BR>[Stack]<UL><LI>Max Depth = 24<LI>Call Chain = create_timer &rArr; arch_ble_force_wakeup
</UL>
<BR>[Calls]<UL><LI><a href="#[1ca]">&gt;&gt;</a>&nbsp;&nbsp;&nbsp;arch_ble_force_wakeup
<LI><a href="#[180]">&gt;&gt;</a>&nbsp;&nbsp;&nbsp;ke_msg_send
<LI><a href="#[17f]">&gt;&gt;</a>&nbsp;&nbsp;&nbsp;ke_msg_alloc
<LI><a href="#[1e4]">&gt;&gt;</a>&nbsp;&nbsp;&nbsp;ke_timer_set
<LI><a href="#[1c9]">&gt;&gt;</a>&nbsp;&nbsp;&nbsp;app_check_BLE_active
</UL>
<BR>[Called By]<UL><LI><a href="#[1b0]">&gt;&gt;</a>&nbsp;&nbsp;&nbsp;app_easy_timer
<LI><a href="#[50]">&gt;&gt;</a>&nbsp;&nbsp;&nbsp;app_timer_api_process_handler
</UL>

<P><STRONG><a name="[3c]"></a>timer_modified_handler</STRONG> (Thumb, 2 bytes, Stack size 0 bytes, app_easy_timer.o(.text))
<BR>[Address Reference Count : 1]<UL><LI> app_easy_timer.o(.text)
</UL>
<P><STRONG><a name="[3d]"></a>timer_canceled_handler</STRONG> (Thumb, 2 bytes, Stack size 0 bytes, app_easy_timer.o(.text))
<BR>[Address Reference Count : 1]<UL><LI> app_easy_timer.o(.text)
</UL>
<P><STRONG><a name="[21c]"></a>_ldo_filter_violations</STRONG> (Thumb, 158 bytes, Stack size 32 bytes, rf_ldo_calibration.o(.text))
<BR><BR>[Stack]<UL><LI>Max Depth = 32<LI>Call Chain = _ldo_filter_violations
</UL>
<BR>[Called By]<UL><LI><a href="#[16a]">&gt;&gt;</a>&nbsp;&nbsp;&nbsp;rf_ldo_calibration
</UL>

<P><STRONG><a name="[21b]"></a>_ldo_radio_calibration</STRONG> (Thumb, 722 bytes, Stack size 104 bytes, rf_ldo_calibration.o(.text))
<BR><BR>[Stack]<UL><LI>Max Depth = 104<LI>Call Chain = _ldo_radio_calibration
</UL>
<BR>[Calls]<UL><LI><a href="#[dc]">&gt;&gt;</a>&nbsp;&nbsp;&nbsp;arch_asm_delay_us
</UL>
<BR>[Called By]<UL><LI><a href="#[16a]">&gt;&gt;</a>&nbsp;&nbsp;&nbsp;rf_ldo_calibration
</UL>

<P><STRONG><a name="[21d]"></a>loop</STRONG> (Thumb, 0 bytes, Stack size 0 bytes, arch_asm.o(.text))
<BR><BR>[Called By]<UL><LI><a href="#[dc]">&gt;&gt;</a>&nbsp;&nbsp;&nbsp;arch_asm_delay_us
</UL>
<P>
<H3>
Undefined Global Symbols
</H3>
<P><STRONG><a name="[f1]"></a>reset_indication</STRONG> (Unknown, 0 bytes, Stack size 0 bytes, UNDEFINED)
<BR><BR>[Called By]<UL><LI><a href="#[d2]">&gt;&gt;</a>&nbsp;&nbsp;&nbsp;system_init
</UL>

<P><STRONG><a name="[f5]"></a>sb_read_otp_header</STRONG> (Unknown, 0 bytes, Stack size 0 bytes, UNDEFINED)
<BR><BR>[Called By]<UL><LI><a href="#[d2]">&gt;&gt;</a>&nbsp;&nbsp;&nbsp;system_init
</UL>

<P><STRONG><a name="[107]"></a>sb_set_debugger_mode</STRONG> (Unknown, 0 bytes, Stack size 0 bytes, UNDEFINED)
<BR><BR>[Called By]<UL><LI><a href="#[f7]">&gt;&gt;</a>&nbsp;&nbsp;&nbsp;otp_cs_store
</UL>
<HR></body></html>
